

📢 Using the following consensus heights: 0,5,6,7,8,9,10,11,12,13,14,15,16,17,18,19,20,21,22
  To override, pass in `--consensus-heights` or override the environment variable `CONSENSUS_VERSION_HEIGHTS`.


🚀 Execution Plan Summary
──────────────────────────────────────────────
🔧 Configuration:
  Private Key:        APrivateKey1zkp2XGgViJG8...
  Address:            aleo13pnm0ru8knk2lv6zpp9...
  Endpoint:           http://127.0.0.1:53600
  Network:            testnet
  Consensus Version:  19

🎯 Execution Target:
  Program:        pwn_loan.aleo
  Function:       accept
  Source:         local

💸 Fee Info:
  Priority Fee:   0 μcredits
  Fee Record:     no (public fee)

⚙️ Actions:
  - A transaction will be generated, WITHOUT a proof.
  - Transaction will NOT be printed to the console.
  - Transaction will be saved to /Users/janm/Documents/projects-klients/PoC Aleo/artifacts/security-review/devnode/transactions/012-pwn_loan.aleo-accept
  - Transaction will be broadcast to http://127.0.0.1:53600
──────────────────────────────────────────────


➕Adding programs to the VM in the following order:
  - credits.aleo (already included)
  - token_registry.aleo (local)
  - pwn_config.aleo (local)
  - pwn_hub.aleo (local)
  - pwn_elastic_proposal.aleo (local)
  - pwn_loan.aleo (local)

⚙️ Generating transaction WITHOUT a proof for pwn_loan.aleo/accept...

📊 Execution Cost Summary for pwn_loan.aleo
──────────────────────────────────────────────
💰 Cost Breakdown (credits)
  Transaction Storage:  0.013297
  On-chain Execution:   0.005350
  Priority Fee:         0.000000
  Total Fee:            0.018647
──────────────────────────────────────────────
💾 Saving execution for transaction at /Users/janm/Documents/projects-klients/PoC Aleo/artifacts/security-review/devnode/transactions/012-pwn_loan.aleo-accept/transaction.execution.json

➡️  Outputs

 • {
  owner: aleo13pnm0ru8knk2lv6zpp9u95wkxhfpr4cw5xrldz5urefjnpfr0yzs0wkruu.private,
  microcredits: 400u64.private,
  _nonce: 1892690115053991095210207853237727002708132719428569889057267202552193239956group.public,
  _version: 1u8.public
}
 • {
  owner: aleo13pnm0ru8knk2lv6zpp9u95wkxhfpr4cw5xrldz5urefjnpfr0yzs0wkruu.private,
  amount: 99400u128.private,
  token_id: 987654321field.private,
  external_authorization_required: false.private,
  authorized_until: 4294967295u32.private,
  _nonce: 4951005092822442610967922188867998763662770636866625354767692441390547767482group.public,
  _version: 1u8.public
}
 • {
  loan_id: 812field,
  commitment_id: 801field,
  credit_amount: 400u64,
  collateral_asset: 987654321field,
  collateral_amount: 600u128,
  repayment_amount: 440u64,
  borrower_auth: 4943823955762365009204012716767168887623482737422964558272235077291851862980field,
  lender_auth: 7134663253364879438032568740649159329065438500937956886885468873760437635961field
}
 • {
  program_id: pwn_loan.aleo,
  function_name: accept,
  arguments: [
    812field,
    7863958791763419689610843191413365298823366918202074050743044663761013244453field,
    1000u32,
    {
      program_id: token_registry.aleo,
      function_name: transfer_private_to_public,
      arguments: [
        987654321field,
        aleo1r3qt3tgecdh472wzu0x0lzrsh9qsjmh2s5t94exw7sr0l0y7vq8s4cx2f6,
        600u128,
        4294967295u32,
        false,
        7785236584760618167812019533458563849883172283054908453279138603435459108777field
      ]
    },
    {
      program_id: pwn_elastic_proposal.aleo,
      function_name: draw,
      arguments: [
        2650460602570250523610827634152444483771374839891951654265244293823137975982field,
        2591453716012702092681193114121394122338651389179742539139594451187170533420field,
        801field,
        3705966508787712874617844078808639555661312646451022369569889100479255494043field,
        {
  credit_asset: aleo1lqmly7ez2k48ajf5hs92ulphaqr05qm4n8qwzj8v0yprmasgpqgsez59gg,
  collateral_asset: 987654321field,
  min_draw: 100u64,
  max_draw: 600u64,
  collateral_ratio: 15000u64,
  repayment_ratio: 11000u64,
  duration: 1000u32,
  expiry: 1033u32,
  lender_auth: 7134663253364879438032568740649159329065438500937956886885468873760437635961field
},
        400u64,
        {
          program_id: credits.aleo,
          function_name: transfer_public_to_private,
          arguments: [
            aleo1u26eefy7w0fxep9wqq292vvf2vjc0hw94sxewdxhyrxc04mg8qysea2zkr,
            400u64
          ]
        }
      
      ]
    }
  
  ]
}

📡 Broadcasting execution for pwn_loan.aleo...
💰Your current public balance is 1000 credits.

✉️ Broadcasted transaction with:
  - transaction ID: 'at1e9yu8pfxh0dljqcfmazelh964skq8vrpsdcd7ceftzs2vry8js8scrmtqa'
  - fee ID: 'au16m4ammrsxhlf6t8y20fe5qq0drgnuh7scl8d6rxzjwtwfuuke5pssrfgfq'
  - fee transaction ID: 'at1mvhfsjeye924hkzv5smdmkk7wlm7c3zsq773v0uxcfw9wa83huqqcwkxnn'
    (use this to check for rejected transactions)

🔄 Searching up to 12 blocks to confirm transaction (this may take several seconds)...
Explored 1 blocks.
Transaction accepted.
✅ Execution confirmed!
