

📢 Using the following consensus heights: 0,5,6,7,8,9,10,11,12,13,14,15,16,17,18,19,20,21,22
  To override, pass in `--consensus-heights` or override the environment variable `CONSENSUS_VERSION_HEIGHTS`.


🚀 Execution Plan Summary
──────────────────────────────────────────────
🔧 Configuration:
  Private Key:        APrivateKey1zkp2XGgViJG8...
  Address:            aleo13pnm0ru8knk2lv6zpp9...
  Endpoint:           http://127.0.0.1:53600
  Network:            testnet
  Consensus Version:  19

🎯 Execution Target:
  Program:        pwn_loan.aleo
  Function:       repay
  Source:         local

💸 Fee Info:
  Priority Fee:   0 μcredits
  Fee Record:     no (public fee)

⚙️ Actions:
  - A transaction will be generated, WITHOUT a proof.
  - Transaction will NOT be printed to the console.
  - Transaction will be saved to /Users/janm/Documents/projects-klients/PoC Aleo/artifacts/security-review/devnode/transactions/018-pwn_loan.aleo-repay
  - Transaction will be broadcast to http://127.0.0.1:53600
──────────────────────────────────────────────


➕Adding programs to the VM in the following order:
  - credits.aleo (already included)
  - token_registry.aleo (local)
  - pwn_config.aleo (local)
  - pwn_hub.aleo (local)
  - pwn_elastic_proposal.aleo (local)
  - pwn_loan.aleo (local)

⚙️ Generating transaction WITHOUT a proof for pwn_loan.aleo/repay...

📊 Execution Cost Summary for pwn_loan.aleo
──────────────────────────────────────────────
💰 Cost Breakdown (credits)
  Transaction Storage:  0.009414
  On-chain Execution:   0.003654
  Priority Fee:         0.000000
  Total Fee:            0.013068
──────────────────────────────────────────────
💾 Saving execution for transaction at /Users/janm/Documents/projects-klients/PoC Aleo/artifacts/security-review/devnode/transactions/018-pwn_loan.aleo-repay/transaction.execution.json

➡️  Outputs

 • {
  owner: aleo13pnm0ru8knk2lv6zpp9u95wkxhfpr4cw5xrldz5urefjnpfr0yzs0wkruu.private,
  microcredits: 60u64.private,
  _nonce: 6865472422071551039365678373555667376976855547879559891272413835738308482027group.public,
  _version: 1u8.public
}
 • {
  owner: aleo13pnm0ru8knk2lv6zpp9u95wkxhfpr4cw5xrldz5urefjnpfr0yzs0wkruu.private,
  amount: 600u128.private,
  token_id: 987654321field.private,
  external_authorization_required: false.private,
  authorized_until: 4294967295u32.private,
  _nonce: 4035602798286994853961713886827847654585761806236388240225620790231953168651group.public,
  _version: 1u8.public
}
 • {
  program_id: pwn_loan.aleo,
  function_name: repay,
  arguments: [
    {
  loan_id: 812field,
  commitment_id: 801field,
  credit_amount: 400u64,
  collateral_asset: 987654321field,
  collateral_amount: 600u128,
  repayment_amount: 440u64,
  borrower_auth: 4943823955762365009204012716767168887623482737422964558272235077291851862980field,
  lender_auth: 7134663253364879438032568740649159329065438500937956886885468873760437635961field
},
    7863958791763419689610843191413365298823366918202074050743044663761013244453field,
    {
      program_id: pwn_elastic_proposal.aleo,
      function_name: receive_repayment,
      arguments: [
        801field,
        440u64,
        {
          program_id: credits.aleo,
          function_name: transfer_private_to_public,
          arguments: [
            aleo1u26eefy7w0fxep9wqq292vvf2vjc0hw94sxewdxhyrxc04mg8qysea2zkr,
            440u64
          ]
        }
      
      ]
    },
    {
      program_id: token_registry.aleo,
      function_name: transfer_public_to_private,
      arguments: [
        987654321field,
        600u128,
        aleo1r3qt3tgecdh472wzu0x0lzrsh9qsjmh2s5t94exw7sr0l0y7vq8s4cx2f6,
        false,
        7785236584760618167812019533458563849883172283054908453279138603435459108777field
      ]
    }
  
  ]
}

📡 Broadcasting execution for pwn_loan.aleo...
💰Your current public balance is 999.987301 credits.

✉️ Broadcasted transaction with:
  - transaction ID: 'at1u6kuh69w2xu0geywhdzcle8u2w03kgs4rspn2jd0t2ukezrvagxse0qrck'
  - fee ID: 'au1rjxc2sung2y8v84l52q8xqmceq8mjeu0pv9acxasl5dde8c0kyxq902x5z'
  - fee transaction ID: 'at135mc5df2elwshecfve4r7xm7fy9x6p4zp83f2ggshr7xrsgzfs9qcvwrqa'
    (use this to check for rejected transactions)

🔄 Searching up to 12 blocks to confirm transaction (this may take several seconds)...
Explored 1 blocks.
Transaction rejected.
