

📢 Using the following consensus heights: 0,5,6,7,8,9,10,11,12,13,14,15,16,17,18,19,20,21,22
  To override, pass in `--consensus-heights` or override the environment variable `CONSENSUS_VERSION_HEIGHTS`.


🚀 Execution Plan Summary
──────────────────────────────────────────────
🔧 Configuration:
  Private Key:        APrivateKey1zkpGPDbTcP2r...
  Address:            aleo16k6wjpe5snzfhzf07mf...
  Endpoint:           http://127.0.0.1:53600
  Network:            testnet
  Consensus Version:  19

🎯 Execution Target:
  Program:        pwn_loan.aleo
  Function:       accept
  Source:         local

💸 Fee Info:
  Priority Fee:   0 μcredits
  Fee Record:     no (public fee)

⚙️ Actions:
  - A transaction will be generated, WITHOUT a proof.
  - Transaction will NOT be printed to the console.
  - Transaction will be saved to /Users/janm/Documents/projects-klients/PoC Aleo/artifacts/security-review/devnode/transactions/024-pwn_loan.aleo-accept
  - Transaction will be broadcast to http://127.0.0.1:53600
──────────────────────────────────────────────


➕Adding programs to the VM in the following order:
  - credits.aleo (already included)
  - token_registry.aleo (local)
  - pwn_config.aleo (local)
  - pwn_hub.aleo (local)
  - pwn_elastic_proposal.aleo (local)
  - pwn_loan.aleo (local)

⚙️ Generating transaction WITHOUT a proof for pwn_loan.aleo/accept...

📊 Execution Cost Summary for pwn_loan.aleo
──────────────────────────────────────────────
💰 Cost Breakdown (credits)
  Transaction Storage:  0.013297
  On-chain Execution:   0.005350
  Priority Fee:         0.000000
  Total Fee:            0.018647
──────────────────────────────────────────────
💾 Saving execution for transaction at /Users/janm/Documents/projects-klients/PoC Aleo/artifacts/security-review/devnode/transactions/024-pwn_loan.aleo-accept/transaction.execution.json

➡️  Outputs

 • {
  owner: aleo16k6wjpe5snzfhzf07mfze8j8lyg6vgyfe25vu67ykpvu6mv6ng8q8p78ue.private,
  microcredits: 100u64.private,
  _nonce: 5913088231294006877758254955062708782746429495109551229096518330361757751264group.public,
  _version: 1u8.public
}
 • {
  owner: aleo16k6wjpe5snzfhzf07mfze8j8lyg6vgyfe25vu67ykpvu6mv6ng8q8p78ue.private,
  amount: 99850u128.private,
  token_id: 987654321field.private,
  external_authorization_required: false.private,
  authorized_until: 4294967295u32.private,
  _nonce: 3290901172258648707142034360319649616838119699244003805754532005437503121933group.public,
  _version: 1u8.public
}
 • {
  loan_id: 821field,
  commitment_id: 802field,
  credit_amount: 100u64,
  collateral_asset: 987654321field,
  collateral_amount: 150u128,
  repayment_amount: 110u64,
  borrower_auth: 6301662748114510120818015080756981986896207374424003128638128079134792756953field,
  lender_auth: 7134663253364879438032568740649159329065438500937956886885468873760437635961field
}
 • {
  program_id: pwn_loan.aleo,
  function_name: accept,
  arguments: [
    821field,
    7667658835209444745363357012784637622928019023825459294344899053705832433587field,
    1000u32,
    {
      program_id: token_registry.aleo,
      function_name: transfer_private_to_public,
      arguments: [
        987654321field,
        aleo1r3qt3tgecdh472wzu0x0lzrsh9qsjmh2s5t94exw7sr0l0y7vq8s4cx2f6,
        150u128,
        4294967295u32,
        false,
        7785236584760618167812019533458563849883172283054908453279138603435459108777field
      ]
    },
    {
      program_id: pwn_elastic_proposal.aleo,
      function_name: draw,
      arguments: [
        2650460602570250523610827634152444483771374839891951654265244293823137975982field,
        2591453716012702092681193114121394122338651389179742539139594451187170533420field,
        802field,
        3705966508787712874617844078808639555661312646451022369569889100479255494043field,
        {
  credit_asset: aleo1lqmly7ez2k48ajf5hs92ulphaqr05qm4n8qwzj8v0yprmasgpqgsez59gg,
  collateral_asset: 987654321field,
  min_draw: 100u64,
  max_draw: 600u64,
  collateral_ratio: 15000u64,
  repayment_ratio: 11000u64,
  duration: 1000u32,
  expiry: 1033u32,
  lender_auth: 7134663253364879438032568740649159329065438500937956886885468873760437635961field
},
        100u64,
        {
          program_id: credits.aleo,
          function_name: transfer_public_to_private,
          arguments: [
            aleo1u26eefy7w0fxep9wqq292vvf2vjc0hw94sxewdxhyrxc04mg8qysea2zkr,
            100u64
          ]
        }
      
      ]
    }
  
  ]
}

📡 Broadcasting execution for pwn_loan.aleo...
💰Your current public balance is 999.972492 credits.

✉️ Broadcasted transaction with:
  - transaction ID: 'at197z0rd7j72ah2nfehp76m2yzzz999qm7lujllttem0twnmp08cpsd7avew'
  - fee ID: 'au1spzzc8llxurrqf4lagld8xkz2zhqhve3ng6c7rj48y7cjch5ygyq2rvfcs'
  - fee transaction ID: 'at1h0tujdd9k50dedlef2e6gcncrjrwhjg9a7sjzxuq492x779q5gys548jld'
    (use this to check for rejected transactions)

🔄 Searching up to 12 blocks to confirm transaction (this may take several seconds)...
Explored 1 blocks.
Transaction rejected.
