
[WCEI03713000] Warning: a call to `_mapping_get_or_use` runs after an interaction (`Final.run()`)
     ╭─[ /Users/janm/Documents/projects-klients/PoC Aleo/artifacts/multitoken/local-workspace/pwn_proposal_poc/src/main.leo:151:23 ]
     │
 151 │             assert_eq(credits.aleo::account.get_or_use(std::ctx::addr(), 0u64) as u128, before + amount);
     │ 
     │ Help: Move this check above the `.run()` call to avoid reentrancy issues.
     │ 
     │ Note: Under the Checks-Effects-Interactions pattern, all checks (reads, asserts) must precede any `.run()` calls in the same execution path.
─────╯

[WCEI03713000] Warning: a call to `_mapping_get_or_use` runs after an interaction (`Final.run()`)
     ╭─[ /Users/janm/Documents/projects-klients/PoC Aleo/artifacts/multitoken/local-workspace/pwn_proposal_poc/src/main.leo:168:23 ]
     │
 168 │             assert_eq(credits.aleo::account.get_or_use(std::ctx::addr(), 0u64) as u128, before - amount);
     │ 
     │ Help: Move this check above the `.run()` call to avoid reentrancy issues.
     │ 
     │ Note: Under the Checks-Effects-Interactions pattern, all checks (reads, asserts) must precede any `.run()` calls in the same execution path.
─────╯

[WCEI03713000] Warning: a call to `_mapping_get_or_use` runs after an interaction (`Final.run()`)
     ╭─[ /Users/janm/Documents/projects-klients/PoC Aleo/artifacts/multitoken/local-workspace/pwn_proposal_poc/src/main.leo:180:23 ]
     │
 180 │             assert_eq(credits.aleo::account.get_or_use(std::ctx::addr(), 0u64) as u128, before + amount);
     │ 
     │ Help: Move this check above the `.run()` call to avoid reentrancy issues.
     │ 
     │ Note: Under the Checks-Effects-Interactions pattern, all checks (reads, asserts) must precede any `.run()` calls in the same execution path.
─────╯

[WCEI03713000] Warning: a call to `_mapping_get_or_use` runs after an interaction (`Final.run()`)
     ╭─[ /Users/janm/Documents/projects-klients/PoC Aleo/artifacts/multitoken/local-workspace/pwn_proposal_poc/src/main.leo:197:23 ]
     │
 197 │             assert_eq(credits.aleo::account.get_or_use(std::ctx::addr(), 0u64) as u128, before - amount);
     │ 
     │ Help: Move this check above the `.run()` call to avoid reentrancy issues.
     │ 
     │ Note: Under the Checks-Effects-Interactions pattern, all checks (reads, asserts) must precede any `.run()` calls in the same execution path.
─────╯

[WCEI03713000] Warning: a call to `_mapping_get_or_use` runs after an interaction (`Final.run()`)
     ╭─[ /Users/janm/Documents/projects-klients/PoC Aleo/artifacts/multitoken/local-workspace/pwn_proposal_poc/src/main.leo:214:23 ]
     │
 214 │             assert_eq(credits.aleo::account.get_or_use(std::ctx::addr(), 0u64) as u128, before - amount);
     │ 
     │ Help: Move this check above the `.run()` call to avoid reentrancy issues.
     │ 
     │ Note: Under the Checks-Effects-Interactions pattern, all checks (reads, asserts) must precede any `.run()` calls in the same execution path.
─────╯

[WCEI03713000] Warning: a `get_or_use` call on dynamic storage runs after an interaction (`Final.run()`)
     ╭─[ /Users/janm/Documents/projects-klients/PoC Aleo/artifacts/multitoken/local-workspace/pwn_proposal_poc/src/main.leo:233:23 ]
     │
 233 │             assert_eq(Reserves@(terms.credit_asset.program_id)::balances.get_or_use(std::ctx::addr(), 0u128), before + amount);
     │ 
     │ Help: Move this check above the `.run()` call to avoid reentrancy issues.
     │ 
     │ Note: Under the Checks-Effects-Interactions pattern, all checks (reads, asserts) must precede any `.run()` calls in the same execution path.
─────╯

[WCEI03713000] Warning: a `get_or_use` call on dynamic storage runs after an interaction (`Final.run()`)
     ╭─[ /Users/janm/Documents/projects-klients/PoC Aleo/artifacts/multitoken/local-workspace/pwn_proposal_poc/src/main.leo:250:23 ]
     │
 250 │             assert_eq(Reserves@(terms.credit_asset.program_id)::balances.get_or_use(std::ctx::addr(), 0u128), before - amount);
     │ 
     │ Help: Move this check above the `.run()` call to avoid reentrancy issues.
     │ 
     │ Note: Under the Checks-Effects-Interactions pattern, all checks (reads, asserts) must precede any `.run()` calls in the same execution path.
─────╯

[WCEI03713000] Warning: a `get_or_use` call on dynamic storage runs after an interaction (`Final.run()`)
     ╭─[ /Users/janm/Documents/projects-klients/PoC Aleo/artifacts/multitoken/local-workspace/pwn_proposal_poc/src/main.leo:262:23 ]
     │
 262 │             assert_eq(Reserves@(asset.program_id)::balances.get_or_use(std::ctx::addr(), 0u128), before + amount);
     │ 
     │ Help: Move this check above the `.run()` call to avoid reentrancy issues.
     │ 
     │ Note: Under the Checks-Effects-Interactions pattern, all checks (reads, asserts) must precede any `.run()` calls in the same execution path.
─────╯

[WCEI03713000] Warning: a `get_or_use` call on dynamic storage runs after an interaction (`Final.run()`)
     ╭─[ /Users/janm/Documents/projects-klients/PoC Aleo/artifacts/multitoken/local-workspace/pwn_proposal_poc/src/main.leo:279:23 ]
     │
 279 │             assert_eq(Reserves@(terms.credit_asset.program_id)::balances.get_or_use(std::ctx::addr(), 0u128), before - amount);
     │ 
     │ Help: Move this check above the `.run()` call to avoid reentrancy issues.
     │ 
     │ Note: Under the Checks-Effects-Interactions pattern, all checks (reads, asserts) must precede any `.run()` calls in the same execution path.
─────╯

[WCEI03713000] Warning: a `get_or_use` call on dynamic storage runs after an interaction (`Final.run()`)
     ╭─[ /Users/janm/Documents/projects-klients/PoC Aleo/artifacts/multitoken/local-workspace/pwn_proposal_poc/src/main.leo:296:23 ]
     │
 296 │             assert_eq(Reserves@(terms.credit_asset.program_id)::balances.get_or_use(std::ctx::addr(), 0u128), before - amount);
     │ 
     │ Help: Move this check above the `.run()` call to avoid reentrancy issues.
     │ 
     │ Note: Under the Checks-Effects-Interactions pattern, all checks (reads, asserts) must precede any `.run()` calls in the same execution path.
─────╯

[WCEI03713000] Warning: a `get_or_use` call on dynamic storage runs after an interaction (`Final.run()`)
     ╭─[ /Users/janm/Documents/projects-klients/PoC Aleo/artifacts/multitoken/local-workspace/pwn_proposal_poc/src/main.leo:315:23 ]
     │
 315 │             assert_eq(Reserves@(terms.credit_asset.program_id)::balances.get_or_use(std::ctx::addr(), 0u128), before + amount);
     │ 
     │ Help: Move this check above the `.run()` call to avoid reentrancy issues.
     │ 
     │ Note: Under the Checks-Effects-Interactions pattern, all checks (reads, asserts) must precede any `.run()` calls in the same execution path.
─────╯

[WCEI03713000] Warning: a `get_or_use` call on dynamic storage runs after an interaction (`Final.run()`)
     ╭─[ /Users/janm/Documents/projects-klients/PoC Aleo/artifacts/multitoken/local-workspace/pwn_proposal_poc/src/main.leo:332:23 ]
     │
 332 │             assert_eq(Reserves@(terms.credit_asset.program_id)::balances.get_or_use(std::ctx::addr(), 0u128), before - amount);
     │ 
     │ Help: Move this check above the `.run()` call to avoid reentrancy issues.
     │ 
     │ Note: Under the Checks-Effects-Interactions pattern, all checks (reads, asserts) must precede any `.run()` calls in the same execution path.
─────╯

[WCEI03713000] Warning: a `get_or_use` call on dynamic storage runs after an interaction (`Final.run()`)
     ╭─[ /Users/janm/Documents/projects-klients/PoC Aleo/artifacts/multitoken/local-workspace/pwn_proposal_poc/src/main.leo:344:23 ]
     │
 344 │             assert_eq(Reserves@(asset.program_id)::balances.get_or_use(std::ctx::addr(), 0u128), before + amount);
     │ 
     │ Help: Move this check above the `.run()` call to avoid reentrancy issues.
     │ 
     │ Note: Under the Checks-Effects-Interactions pattern, all checks (reads, asserts) must precede any `.run()` calls in the same execution path.
─────╯

[WCEI03713000] Warning: a `get_or_use` call on dynamic storage runs after an interaction (`Final.run()`)
     ╭─[ /Users/janm/Documents/projects-klients/PoC Aleo/artifacts/multitoken/local-workspace/pwn_proposal_poc/src/main.leo:361:23 ]
     │
 361 │             assert_eq(Reserves@(terms.credit_asset.program_id)::balances.get_or_use(std::ctx::addr(), 0u128), before - amount);
     │ 
     │ Help: Move this check above the `.run()` call to avoid reentrancy issues.
     │ 
     │ Note: Under the Checks-Effects-Interactions pattern, all checks (reads, asserts) must precede any `.run()` calls in the same execution path.
─────╯

[WCEI03713000] Warning: a `get_or_use` call on dynamic storage runs after an interaction (`Final.run()`)
     ╭─[ /Users/janm/Documents/projects-klients/PoC Aleo/artifacts/multitoken/local-workspace/pwn_proposal_poc/src/main.leo:378:23 ]
     │
 378 │             assert_eq(Reserves@(terms.credit_asset.program_id)::balances.get_or_use(std::ctx::addr(), 0u128), before - amount);
     │ 
     │ Help: Move this check above the `.run()` call to avoid reentrancy issues.
     │ 
     │ Note: Under the Checks-Effects-Interactions pattern, all checks (reads, asserts) must precede any `.run()` calls in the same execution path.
─────╯

[WCEI03713000] Warning: a call to `_mapping_get_or_use` runs after an interaction (`Final.run()`)
     ╭─[ /Users/janm/Documents/projects-klients/PoC Aleo/artifacts/multitoken/local-workspace/pwn_loan_poc/src/main.leo:126:23 ]
     │
 126 │             assert_eq(credits.aleo::account.get_or_use(std::ctx::addr(), 0u64) as u128, before + collateral_amount);
     │ 
     │ Help: Move this check above the `.run()` call to avoid reentrancy issues.
     │ 
     │ Note: Under the Checks-Effects-Interactions pattern, all checks (reads, asserts) must precede any `.run()` calls in the same execution path.
─────╯

[WCEI03713000] Warning: a call to `_mapping_get_or_use` runs after an interaction (`Final.run()`)
     ╭─[ /Users/janm/Documents/projects-klients/PoC Aleo/artifacts/multitoken/local-workspace/pwn_loan_poc/src/main.leo:141:23 ]
     │
 141 │             assert_eq(credits.aleo::account.get_or_use(std::ctx::addr(), 0u64) as u128, before - witness.collateral_amount);
     │ 
     │ Help: Move this check above the `.run()` call to avoid reentrancy issues.
     │ 
     │ Note: Under the Checks-Effects-Interactions pattern, all checks (reads, asserts) must precede any `.run()` calls in the same execution path.
─────╯

[WCEI03713000] Warning: a `get_or_use` call on dynamic storage runs after an interaction (`Final.run()`)
     ╭─[ /Users/janm/Documents/projects-klients/PoC Aleo/artifacts/multitoken/local-workspace/pwn_loan_poc/src/main.leo:160:23 ]
     │
 160 │             assert_eq(Reserves@(witness.collateral_asset.program_id)::balances.get_or_use(std::ctx::addr(), 0u128), before + collateral_amount);
     │ 
     │ Help: Move this check above the `.run()` call to avoid reentrancy issues.
     │ 
     │ Note: Under the Checks-Effects-Interactions pattern, all checks (reads, asserts) must precede any `.run()` calls in the same execution path.
─────╯

[WCEI03713000] Warning: a `get_or_use` call on dynamic storage runs after an interaction (`Final.run()`)
     ╭─[ /Users/janm/Documents/projects-klients/PoC Aleo/artifacts/multitoken/local-workspace/pwn_loan_poc/src/main.leo:175:23 ]
     │
 175 │             assert_eq(Reserves@(witness.collateral_asset.program_id)::balances.get_or_use(std::ctx::addr(), 0u128), before - witness.collateral_amount);
     │ 
     │ Help: Move this check above the `.run()` call to avoid reentrancy issues.
     │ 
     │ Note: Under the Checks-Effects-Interactions pattern, all checks (reads, asserts) must precede any `.run()` calls in the same execution path.
─────╯

[WCEI03713000] Warning: a `get_or_use` call on dynamic storage runs after an interaction (`Final.run()`)
     ╭─[ /Users/janm/Documents/projects-klients/PoC Aleo/artifacts/multitoken/local-workspace/pwn_loan_poc/src/main.leo:194:23 ]
     │
 194 │             assert_eq(Reserves@(witness.collateral_asset.program_id)::balances.get_or_use(std::ctx::addr(), 0u128), before + collateral_amount);
     │ 
     │ Help: Move this check above the `.run()` call to avoid reentrancy issues.
     │ 
     │ Note: Under the Checks-Effects-Interactions pattern, all checks (reads, asserts) must precede any `.run()` calls in the same execution path.
─────╯

[WCEI03713000] Warning: a `get_or_use` call on dynamic storage runs after an interaction (`Final.run()`)
     ╭─[ /Users/janm/Documents/projects-klients/PoC Aleo/artifacts/multitoken/local-workspace/pwn_loan_poc/src/main.leo:209:23 ]
     │
 209 │             assert_eq(Reserves@(witness.collateral_asset.program_id)::balances.get_or_use(std::ctx::addr(), 0u128), before - witness.collateral_amount);
     │ 
     │ Help: Move this check above the `.run()` call to avoid reentrancy issues.
     │ 
     │ Note: Under the Checks-Effects-Interactions pattern, all checks (reads, asserts) must precede any `.run()` calls in the same execution path.
─────╯

[WCEI03713000] Warning: a call to `_mapping_get_or_use` runs after an interaction (`Final.run()`)
     ╭─[ /Users/janm/Documents/projects-klients/PoC Aleo/artifacts/multitoken/local-workspace/pwn_loan_poc/src/main.leo:228:23 ]
     │
 228 │             assert_eq(credits.aleo::account.get_or_use(std::ctx::addr(), 0u64) as u128, before + collateral_amount);
     │ 
     │ Help: Move this check above the `.run()` call to avoid reentrancy issues.
     │ 
     │ Note: Under the Checks-Effects-Interactions pattern, all checks (reads, asserts) must precede any `.run()` calls in the same execution path.
─────╯

[WCEI03713000] Warning: a call to `_mapping_get_or_use` runs after an interaction (`Final.run()`)
     ╭─[ /Users/janm/Documents/projects-klients/PoC Aleo/artifacts/multitoken/local-workspace/pwn_loan_poc/src/main.leo:243:23 ]
     │
 243 │             assert_eq(credits.aleo::account.get_or_use(std::ctx::addr(), 0u64) as u128, before - witness.collateral_amount);
     │ 
     │ Help: Move this check above the `.run()` call to avoid reentrancy issues.
     │ 
     │ Note: Under the Checks-Effects-Interactions pattern, all checks (reads, asserts) must precede any `.run()` calls in the same execution path.
─────╯

[WCEI03713000] Warning: a `get_or_use` call on dynamic storage runs after an interaction (`Final.run()`)
     ╭─[ /Users/janm/Documents/projects-klients/PoC Aleo/artifacts/multitoken/local-workspace/pwn_loan_poc/src/main.leo:262:23 ]
     │
 262 │             assert_eq(Reserves@(witness.collateral_asset.program_id)::balances.get_or_use(std::ctx::addr(), 0u128), before + collateral_amount);
     │ 
     │ Help: Move this check above the `.run()` call to avoid reentrancy issues.
     │ 
     │ Note: Under the Checks-Effects-Interactions pattern, all checks (reads, asserts) must precede any `.run()` calls in the same execution path.
─────╯

[WCEI03713000] Warning: a `get_or_use` call on dynamic storage runs after an interaction (`Final.run()`)
     ╭─[ /Users/janm/Documents/projects-klients/PoC Aleo/artifacts/multitoken/local-workspace/pwn_loan_poc/src/main.leo:277:23 ]
     │
 277 │             assert_eq(Reserves@(witness.collateral_asset.program_id)::balances.get_or_use(std::ctx::addr(), 0u128), before - witness.collateral_amount);
     │ 
     │ Help: Move this check above the `.run()` call to avoid reentrancy issues.
     │ 
     │ Note: Under the Checks-Effects-Interactions pattern, all checks (reads, asserts) must precede any `.run()` calls in the same execution path.
─────╯

[WCEI03713000] Warning: a `get_or_use` call on dynamic storage runs after an interaction (`Final.run()`)
     ╭─[ /Users/janm/Documents/projects-klients/PoC Aleo/artifacts/multitoken/local-workspace/pwn_loan_poc/src/main.leo:296:23 ]
     │
 296 │             assert_eq(Reserves@(witness.collateral_asset.program_id)::balances.get_or_use(std::ctx::addr(), 0u128), before + collateral_amount);
     │ 
     │ Help: Move this check above the `.run()` call to avoid reentrancy issues.
     │ 
     │ Note: Under the Checks-Effects-Interactions pattern, all checks (reads, asserts) must precede any `.run()` calls in the same execution path.
─────╯

[WCEI03713000] Warning: a `get_or_use` call on dynamic storage runs after an interaction (`Final.run()`)
     ╭─[ /Users/janm/Documents/projects-klients/PoC Aleo/artifacts/multitoken/local-workspace/pwn_loan_poc/src/main.leo:311:23 ]
     │
 311 │             assert_eq(Reserves@(witness.collateral_asset.program_id)::balances.get_or_use(std::ctx::addr(), 0u128), before - witness.collateral_amount);
     │ 
     │ Help: Move this check above the `.run()` call to avoid reentrancy issues.
     │ 
     │ Note: Under the Checks-Effects-Interactions pattern, all checks (reads, asserts) must precede any `.run()` calls in the same execution path.
─────╯

[WCEI03713000] Warning: a call to `_mapping_get_or_use` runs after an interaction (`Final.run()`)
     ╭─[ /Users/janm/Documents/projects-klients/PoC Aleo/artifacts/multitoken/local-workspace/pwn_loan_poc/src/main.leo:330:23 ]
     │
 330 │             assert_eq(credits.aleo::account.get_or_use(std::ctx::addr(), 0u64) as u128, before + collateral_amount);
     │ 
     │ Help: Move this check above the `.run()` call to avoid reentrancy issues.
     │ 
     │ Note: Under the Checks-Effects-Interactions pattern, all checks (reads, asserts) must precede any `.run()` calls in the same execution path.
─────╯

[WCEI03713000] Warning: a call to `_mapping_get_or_use` runs after an interaction (`Final.run()`)
     ╭─[ /Users/janm/Documents/projects-klients/PoC Aleo/artifacts/multitoken/local-workspace/pwn_loan_poc/src/main.leo:345:23 ]
     │
 345 │             assert_eq(credits.aleo::account.get_or_use(std::ctx::addr(), 0u64) as u128, before - witness.collateral_amount);
     │ 
     │ Help: Move this check above the `.run()` call to avoid reentrancy issues.
     │ 
     │ Note: Under the Checks-Effects-Interactions pattern, all checks (reads, asserts) must precede any `.run()` calls in the same execution path.
─────╯

[WCEI03713000] Warning: a `get_or_use` call on dynamic storage runs after an interaction (`Final.run()`)
     ╭─[ /Users/janm/Documents/projects-klients/PoC Aleo/artifacts/multitoken/local-workspace/pwn_loan_poc/src/main.leo:364:23 ]
     │
 364 │             assert_eq(Reserves@(witness.collateral_asset.program_id)::balances.get_or_use(std::ctx::addr(), 0u128), before + collateral_amount);
     │ 
     │ Help: Move this check above the `.run()` call to avoid reentrancy issues.
     │ 
     │ Note: Under the Checks-Effects-Interactions pattern, all checks (reads, asserts) must precede any `.run()` calls in the same execution path.
─────╯

[WCEI03713000] Warning: a `get_or_use` call on dynamic storage runs after an interaction (`Final.run()`)
     ╭─[ /Users/janm/Documents/projects-klients/PoC Aleo/artifacts/multitoken/local-workspace/pwn_loan_poc/src/main.leo:379:23 ]
     │
 379 │             assert_eq(Reserves@(witness.collateral_asset.program_id)::balances.get_or_use(std::ctx::addr(), 0u128), before - witness.collateral_amount);
     │ 
     │ Help: Move this check above the `.run()` call to avoid reentrancy issues.
     │ 
     │ Note: Under the Checks-Effects-Interactions pattern, all checks (reads, asserts) must precede any `.run()` calls in the same execution path.
─────╯

[WCEI03713000] Warning: a `get_or_use` call on dynamic storage runs after an interaction (`Final.run()`)
     ╭─[ /Users/janm/Documents/projects-klients/PoC Aleo/artifacts/multitoken/local-workspace/pwn_loan_poc/src/main.leo:398:23 ]
     │
 398 │             assert_eq(Reserves@(witness.collateral_asset.program_id)::balances.get_or_use(std::ctx::addr(), 0u128), before + collateral_amount);
     │ 
     │ Help: Move this check above the `.run()` call to avoid reentrancy issues.
     │ 
     │ Note: Under the Checks-Effects-Interactions pattern, all checks (reads, asserts) must precede any `.run()` calls in the same execution path.
─────╯

[WCEI03713000] Warning: a `get_or_use` call on dynamic storage runs after an interaction (`Final.run()`)
     ╭─[ /Users/janm/Documents/projects-klients/PoC Aleo/artifacts/multitoken/local-workspace/pwn_loan_poc/src/main.leo:413:23 ]
     │
 413 │             assert_eq(Reserves@(witness.collateral_asset.program_id)::balances.get_or_use(std::ctx::addr(), 0u128), before - witness.collateral_amount);
     │ 
     │ Help: Move this check above the `.run()` call to avoid reentrancy issues.
     │ 
     │ Note: Under the Checks-Effects-Interactions pattern, all checks (reads, asserts) must precede any `.run()` calls in the same execution path.
─────╯

[WCEI03713000] Warning: a call to `_mapping_get_or_use` runs after an interaction (`Final.run()`)
     ╭─[ /Users/janm/Documents/projects-klients/PoC Aleo/artifacts/multitoken/local-workspace/pwn_loan_poc/src/main.leo:427:23 ]
     │
 427 │             assert_eq(credits.aleo::account.get_or_use(std::ctx::addr(), 0u64) as u128, before - witness.collateral_amount);
     │ 
     │ Help: Move this check above the `.run()` call to avoid reentrancy issues.
     │ 
     │ Note: Under the Checks-Effects-Interactions pattern, all checks (reads, asserts) must precede any `.run()` calls in the same execution path.
─────╯

[WCEI03713000] Warning: a `get_or_use` call on dynamic storage runs after an interaction (`Final.run()`)
     ╭─[ /Users/janm/Documents/projects-klients/PoC Aleo/artifacts/multitoken/local-workspace/pwn_loan_poc/src/main.leo:441:23 ]
     │
 441 │             assert_eq(Reserves@(witness.collateral_asset.program_id)::balances.get_or_use(std::ctx::addr(), 0u128), before - witness.collateral_amount);
     │ 
     │ Help: Move this check above the `.run()` call to avoid reentrancy issues.
     │ 
     │ Note: Under the Checks-Effects-Interactions pattern, all checks (reads, asserts) must precede any `.run()` calls in the same execution path.
─────╯

[WCEI03713000] Warning: a `get_or_use` call on dynamic storage runs after an interaction (`Final.run()`)
     ╭─[ /Users/janm/Documents/projects-klients/PoC Aleo/artifacts/multitoken/local-workspace/pwn_loan_poc/src/main.leo:455:23 ]
     │
 455 │             assert_eq(Reserves@(witness.collateral_asset.program_id)::balances.get_or_use(std::ctx::addr(), 0u128), before - witness.collateral_amount);
     │ 
     │ Help: Move this check above the `.run()` call to avoid reentrancy issues.
     │ 
     │ Note: Under the Checks-Effects-Interactions pattern, all checks (reads, asserts) must precede any `.run()` calls in the same execution path.
─────╯


📢 Using the following consensus heights: 0,5,6,7,8,9,10,11,12,13,14,15,16,17,18,19,20,21,22
  To override, pass in `--consensus-heights` or override the environment variable `CONSENSUS_VERSION_HEIGHTS`.


🚀 Execution Plan Summary
──────────────────────────────────────────────
🔧 Configuration:
  Private Key:        APrivateKey1zkpGPDbTcP2r...
  Address:            aleo16k6wjpe5snzfhzf07mf...
  Endpoint:           http://127.0.0.1:65083
  Network:            testnet
  Consensus Version:  19

🎯 Execution Target:
  Program:        pwn_loan_poc.aleo
  Function:       repay_arc20_compliant
  Source:         local

💸 Fee Info:
  Priority Fee:   0 μcredits
  Fee Record:     no (public fee)

⚙️ Actions:
  - A transaction will be generated, WITHOUT a proof.
  - Transaction will NOT be printed to the console.
  - Transaction will NOT be saved to a file.
  - Transaction will be broadcast to http://127.0.0.1:65083
──────────────────────────────────────────────


➕Adding programs to the VM in the following order:
  - merkle_tree.aleo (local)
  - arc20_multisig_core.aleo (local)
  - arc20_sol.aleo (local)
  - arc20_wbtc.aleo (local)
  - usdcx_multisig_core.aleo (local)
  - usdcx_freezelist.aleo (local)
  - usdcx_stablecoin.aleo (local)
  - usad_multisig_core.aleo (local)
  - usad_freezelist.aleo (local)
  - usad_stablecoin.aleo (local)
  - pwn_delta_token.aleo (local)
  - credits.aleo (already included)
  - pwn_config_poc.aleo (local)
  - pwn_hub_poc.aleo (local)
  - pwn_proposal_poc.aleo (local)
  - pwn_loan_poc.aleo (local)
  - pwn_local_fixture.aleo (local)

⚙️ Generating transaction WITHOUT a proof for pwn_loan_poc.aleo/repay_arc20_compliant...

📊 Execution Cost Summary for pwn_loan_poc.aleo
──────────────────────────────────────────────
💰 Cost Breakdown (credits)
  Transaction Storage:  0.018232
  On-chain Execution:   0.005418
  Priority Fee:         0.000000
  Total Fee:            0.023650
──────────────────────────────────────────────

➡️  Outputs

 • {
  owner: aleo1cvdcz7hzu7pjca4a429dwzxp2h6rjv95ldw6vrf9395tnef2xc8sn624ch,
  _root: 1988741293456653144358193926816954505198429417234968880626074734612247708898field,
  _nonce: 5977940162777808616840310582332405304339498613149147910318468543898517090460group,
  _version: 1u8
}
 • {
  owner: aleo16k6wjpe5snzfhzf07mfze8j8lyg6vgyfe25vu67ykpvu6mv6ng8q8p78ue,
  _root: 2283550889218984820829025596164569630292585230308378085728011493249959785105field,
  _nonce: 6105456789642122369360485876922372726970161673989350477061040287500417768170group,
  _version: 1u8
}
 • {
  owner: aleo16k6wjpe5snzfhzf07mfze8j8lyg6vgyfe25vu67ykpvu6mv6ng8q8p78ue,
  _root: 7552318940852477698033548100401338693803422530387422473849425491446614949610field,
  _nonce: 1987806932696803791535757642632960508193757105691516446394782721527717910114group,
  _version: 1u8
}
 • {
  program_id: pwn_loan_poc.aleo,
  function_name: repay_arc20_compliant,
  arguments: [
    {
  loan_id: 3140006149914939689990088296581677356139409369332137897324437306724121021664field,
  commitment_id: 5047187399006548588984742051575214001954116991282697862491750504988342767518field,
  credit_asset: {
    program_id: 'arc20_sol',
    token_id: 0field,
    family: 2u8,
    version: 1u16
  },
  collateral_asset: {
    program_id: 'usad_stablecoin',
    token_id: 0field,
    family: 3u8,
    version: 1u16
  },
  credit_amount: 301u128,
  collateral_amount: 602u128,
  repayment_amount: 362u128,
  accruing_apr: 0u32,
  borrower_auth: 8101727514050863220533987045709502954674678399985387519955317945218399745752field,
  lender_auth: 3047517214243841499564474328914019769171233975589579128406437415624420720462field
},
    8121231002006917800680113318205434361428260189348488291378325630060625536694field,
    364u128,
    {
      program_id: pwn_proposal_poc.aleo,
      function_name: receive_arc20,
      arguments: [
        5047187399006548588984742051575214001954116991282697862491750504988342767518field,
        {
  program_id: 'arc20_sol',
  token_id: 0field,
  family: 2u8,
  version: 1u16
},
        364u128,
        { _program_id: arc20_sol.aleo, _function_name: transfer_private_to_public, _checksum: 319676098397120058359563686599717628649512469433585186281953374344593168988field }
      ]
    },
    { _program_id: usad_stablecoin.aleo, _function_name: transfer_public_to_private, _checksum: 507511942006720553615427214710513685941764590408993310976101286427807188704field }
  ]
}

📡 Broadcasting execution for pwn_loan_poc.aleo...
💰Your current public balance is 999.678025 credits.

✉️ Broadcasted transaction with:
  - transaction ID: 'at1647lhfdhssl0ps62q6racu7xrln4s35dyy07y8zv7yfqpj9s058qpltk90'
  - fee ID: 'au1286n4nnyv5v3t6nka5x7crax78egevp9yh7dyncm8xdcj0xddcgsumch2p'
  - fee transaction ID: 'at1ldzxwraqtjufu3t7sknksnfy3nqjetnkdk4ruurjac6vj0gs2y8sgtzgzw'
    (use this to check for rejected transactions)

🔄 Searching up to 12 blocks to confirm transaction (this may take several seconds)...
Explored 1 blocks.
Transaction rejected.
