
[WCEI03713000] Warning: a call to `_mapping_get_or_use` runs after an interaction (`Final.run()`)
     ╭─[ /Users/janm/Documents/projects-klients/PoC Aleo/artifacts/multitoken/local-workspace/pwn_proposal_poc/src/main.leo:151:23 ]
     │
 151 │             assert_eq(credits.aleo::account.get_or_use(std::ctx::addr(), 0u64) as u128, before + amount);
     │ 
     │ Help: Move this check above the `.run()` call to avoid reentrancy issues.
     │ 
     │ Note: Under the Checks-Effects-Interactions pattern, all checks (reads, asserts) must precede any `.run()` calls in the same execution path.
─────╯

[WCEI03713000] Warning: a call to `_mapping_get_or_use` runs after an interaction (`Final.run()`)
     ╭─[ /Users/janm/Documents/projects-klients/PoC Aleo/artifacts/multitoken/local-workspace/pwn_proposal_poc/src/main.leo:168:23 ]
     │
 168 │             assert_eq(credits.aleo::account.get_or_use(std::ctx::addr(), 0u64) as u128, before - amount);
     │ 
     │ Help: Move this check above the `.run()` call to avoid reentrancy issues.
     │ 
     │ Note: Under the Checks-Effects-Interactions pattern, all checks (reads, asserts) must precede any `.run()` calls in the same execution path.
─────╯

[WCEI03713000] Warning: a call to `_mapping_get_or_use` runs after an interaction (`Final.run()`)
     ╭─[ /Users/janm/Documents/projects-klients/PoC Aleo/artifacts/multitoken/local-workspace/pwn_proposal_poc/src/main.leo:180:23 ]
     │
 180 │             assert_eq(credits.aleo::account.get_or_use(std::ctx::addr(), 0u64) as u128, before + amount);
     │ 
     │ Help: Move this check above the `.run()` call to avoid reentrancy issues.
     │ 
     │ Note: Under the Checks-Effects-Interactions pattern, all checks (reads, asserts) must precede any `.run()` calls in the same execution path.
─────╯

[WCEI03713000] Warning: a call to `_mapping_get_or_use` runs after an interaction (`Final.run()`)
     ╭─[ /Users/janm/Documents/projects-klients/PoC Aleo/artifacts/multitoken/local-workspace/pwn_proposal_poc/src/main.leo:197:23 ]
     │
 197 │             assert_eq(credits.aleo::account.get_or_use(std::ctx::addr(), 0u64) as u128, before - amount);
     │ 
     │ Help: Move this check above the `.run()` call to avoid reentrancy issues.
     │ 
     │ Note: Under the Checks-Effects-Interactions pattern, all checks (reads, asserts) must precede any `.run()` calls in the same execution path.
─────╯

[WCEI03713000] Warning: a call to `_mapping_get_or_use` runs after an interaction (`Final.run()`)
     ╭─[ /Users/janm/Documents/projects-klients/PoC Aleo/artifacts/multitoken/local-workspace/pwn_proposal_poc/src/main.leo:214:23 ]
     │
 214 │             assert_eq(credits.aleo::account.get_or_use(std::ctx::addr(), 0u64) as u128, before - amount);
     │ 
     │ Help: Move this check above the `.run()` call to avoid reentrancy issues.
     │ 
     │ Note: Under the Checks-Effects-Interactions pattern, all checks (reads, asserts) must precede any `.run()` calls in the same execution path.
─────╯

[WCEI03713000] Warning: a `get_or_use` call on dynamic storage runs after an interaction (`Final.run()`)
     ╭─[ /Users/janm/Documents/projects-klients/PoC Aleo/artifacts/multitoken/local-workspace/pwn_proposal_poc/src/main.leo:233:23 ]
     │
 233 │             assert_eq(Reserves@(terms.credit_asset.program_id)::balances.get_or_use(std::ctx::addr(), 0u128), before + amount);
     │ 
     │ Help: Move this check above the `.run()` call to avoid reentrancy issues.
     │ 
     │ Note: Under the Checks-Effects-Interactions pattern, all checks (reads, asserts) must precede any `.run()` calls in the same execution path.
─────╯

[WCEI03713000] Warning: a `get_or_use` call on dynamic storage runs after an interaction (`Final.run()`)
     ╭─[ /Users/janm/Documents/projects-klients/PoC Aleo/artifacts/multitoken/local-workspace/pwn_proposal_poc/src/main.leo:250:23 ]
     │
 250 │             assert_eq(Reserves@(terms.credit_asset.program_id)::balances.get_or_use(std::ctx::addr(), 0u128), before - amount);
     │ 
     │ Help: Move this check above the `.run()` call to avoid reentrancy issues.
     │ 
     │ Note: Under the Checks-Effects-Interactions pattern, all checks (reads, asserts) must precede any `.run()` calls in the same execution path.
─────╯

[WCEI03713000] Warning: a `get_or_use` call on dynamic storage runs after an interaction (`Final.run()`)
     ╭─[ /Users/janm/Documents/projects-klients/PoC Aleo/artifacts/multitoken/local-workspace/pwn_proposal_poc/src/main.leo:262:23 ]
     │
 262 │             assert_eq(Reserves@(asset.program_id)::balances.get_or_use(std::ctx::addr(), 0u128), before + amount);
     │ 
     │ Help: Move this check above the `.run()` call to avoid reentrancy issues.
     │ 
     │ Note: Under the Checks-Effects-Interactions pattern, all checks (reads, asserts) must precede any `.run()` calls in the same execution path.
─────╯

[WCEI03713000] Warning: a `get_or_use` call on dynamic storage runs after an interaction (`Final.run()`)
     ╭─[ /Users/janm/Documents/projects-klients/PoC Aleo/artifacts/multitoken/local-workspace/pwn_proposal_poc/src/main.leo:279:23 ]
     │
 279 │             assert_eq(Reserves@(terms.credit_asset.program_id)::balances.get_or_use(std::ctx::addr(), 0u128), before - amount);
     │ 
     │ Help: Move this check above the `.run()` call to avoid reentrancy issues.
     │ 
     │ Note: Under the Checks-Effects-Interactions pattern, all checks (reads, asserts) must precede any `.run()` calls in the same execution path.
─────╯

[WCEI03713000] Warning: a `get_or_use` call on dynamic storage runs after an interaction (`Final.run()`)
     ╭─[ /Users/janm/Documents/projects-klients/PoC Aleo/artifacts/multitoken/local-workspace/pwn_proposal_poc/src/main.leo:296:23 ]
     │
 296 │             assert_eq(Reserves@(terms.credit_asset.program_id)::balances.get_or_use(std::ctx::addr(), 0u128), before - amount);
     │ 
     │ Help: Move this check above the `.run()` call to avoid reentrancy issues.
     │ 
     │ Note: Under the Checks-Effects-Interactions pattern, all checks (reads, asserts) must precede any `.run()` calls in the same execution path.
─────╯

[WCEI03713000] Warning: a `get_or_use` call on dynamic storage runs after an interaction (`Final.run()`)
     ╭─[ /Users/janm/Documents/projects-klients/PoC Aleo/artifacts/multitoken/local-workspace/pwn_proposal_poc/src/main.leo:315:23 ]
     │
 315 │             assert_eq(Reserves@(terms.credit_asset.program_id)::balances.get_or_use(std::ctx::addr(), 0u128), before + amount);
     │ 
     │ Help: Move this check above the `.run()` call to avoid reentrancy issues.
     │ 
     │ Note: Under the Checks-Effects-Interactions pattern, all checks (reads, asserts) must precede any `.run()` calls in the same execution path.
─────╯

[WCEI03713000] Warning: a `get_or_use` call on dynamic storage runs after an interaction (`Final.run()`)
     ╭─[ /Users/janm/Documents/projects-klients/PoC Aleo/artifacts/multitoken/local-workspace/pwn_proposal_poc/src/main.leo:332:23 ]
     │
 332 │             assert_eq(Reserves@(terms.credit_asset.program_id)::balances.get_or_use(std::ctx::addr(), 0u128), before - amount);
     │ 
     │ Help: Move this check above the `.run()` call to avoid reentrancy issues.
     │ 
     │ Note: Under the Checks-Effects-Interactions pattern, all checks (reads, asserts) must precede any `.run()` calls in the same execution path.
─────╯

[WCEI03713000] Warning: a `get_or_use` call on dynamic storage runs after an interaction (`Final.run()`)
     ╭─[ /Users/janm/Documents/projects-klients/PoC Aleo/artifacts/multitoken/local-workspace/pwn_proposal_poc/src/main.leo:344:23 ]
     │
 344 │             assert_eq(Reserves@(asset.program_id)::balances.get_or_use(std::ctx::addr(), 0u128), before + amount);
     │ 
     │ Help: Move this check above the `.run()` call to avoid reentrancy issues.
     │ 
     │ Note: Under the Checks-Effects-Interactions pattern, all checks (reads, asserts) must precede any `.run()` calls in the same execution path.
─────╯

[WCEI03713000] Warning: a `get_or_use` call on dynamic storage runs after an interaction (`Final.run()`)
     ╭─[ /Users/janm/Documents/projects-klients/PoC Aleo/artifacts/multitoken/local-workspace/pwn_proposal_poc/src/main.leo:361:23 ]
     │
 361 │             assert_eq(Reserves@(terms.credit_asset.program_id)::balances.get_or_use(std::ctx::addr(), 0u128), before - amount);
     │ 
     │ Help: Move this check above the `.run()` call to avoid reentrancy issues.
     │ 
     │ Note: Under the Checks-Effects-Interactions pattern, all checks (reads, asserts) must precede any `.run()` calls in the same execution path.
─────╯

[WCEI03713000] Warning: a `get_or_use` call on dynamic storage runs after an interaction (`Final.run()`)
     ╭─[ /Users/janm/Documents/projects-klients/PoC Aleo/artifacts/multitoken/local-workspace/pwn_proposal_poc/src/main.leo:378:23 ]
     │
 378 │             assert_eq(Reserves@(terms.credit_asset.program_id)::balances.get_or_use(std::ctx::addr(), 0u128), before - amount);
     │ 
     │ Help: Move this check above the `.run()` call to avoid reentrancy issues.
     │ 
     │ Note: Under the Checks-Effects-Interactions pattern, all checks (reads, asserts) must precede any `.run()` calls in the same execution path.
─────╯

[WCEI03713000] Warning: a call to `_mapping_get_or_use` runs after an interaction (`Final.run()`)
     ╭─[ /Users/janm/Documents/projects-klients/PoC Aleo/artifacts/multitoken/local-workspace/pwn_loan_poc/src/main.leo:126:23 ]
     │
 126 │             assert_eq(credits.aleo::account.get_or_use(std::ctx::addr(), 0u64) as u128, before + collateral_amount);
     │ 
     │ Help: Move this check above the `.run()` call to avoid reentrancy issues.
     │ 
     │ Note: Under the Checks-Effects-Interactions pattern, all checks (reads, asserts) must precede any `.run()` calls in the same execution path.
─────╯

[WCEI03713000] Warning: a call to `_mapping_get_or_use` runs after an interaction (`Final.run()`)
     ╭─[ /Users/janm/Documents/projects-klients/PoC Aleo/artifacts/multitoken/local-workspace/pwn_loan_poc/src/main.leo:141:23 ]
     │
 141 │             assert_eq(credits.aleo::account.get_or_use(std::ctx::addr(), 0u64) as u128, before - witness.collateral_amount);
     │ 
     │ Help: Move this check above the `.run()` call to avoid reentrancy issues.
     │ 
     │ Note: Under the Checks-Effects-Interactions pattern, all checks (reads, asserts) must precede any `.run()` calls in the same execution path.
─────╯

[WCEI03713000] Warning: a `get_or_use` call on dynamic storage runs after an interaction (`Final.run()`)
     ╭─[ /Users/janm/Documents/projects-klients/PoC Aleo/artifacts/multitoken/local-workspace/pwn_loan_poc/src/main.leo:160:23 ]
     │
 160 │             assert_eq(Reserves@(witness.collateral_asset.program_id)::balances.get_or_use(std::ctx::addr(), 0u128), before + collateral_amount);
     │ 
     │ Help: Move this check above the `.run()` call to avoid reentrancy issues.
     │ 
     │ Note: Under the Checks-Effects-Interactions pattern, all checks (reads, asserts) must precede any `.run()` calls in the same execution path.
─────╯

[WCEI03713000] Warning: a `get_or_use` call on dynamic storage runs after an interaction (`Final.run()`)
     ╭─[ /Users/janm/Documents/projects-klients/PoC Aleo/artifacts/multitoken/local-workspace/pwn_loan_poc/src/main.leo:175:23 ]
     │
 175 │             assert_eq(Reserves@(witness.collateral_asset.program_id)::balances.get_or_use(std::ctx::addr(), 0u128), before - witness.collateral_amount);
     │ 
     │ Help: Move this check above the `.run()` call to avoid reentrancy issues.
     │ 
     │ Note: Under the Checks-Effects-Interactions pattern, all checks (reads, asserts) must precede any `.run()` calls in the same execution path.
─────╯

[WCEI03713000] Warning: a `get_or_use` call on dynamic storage runs after an interaction (`Final.run()`)
     ╭─[ /Users/janm/Documents/projects-klients/PoC Aleo/artifacts/multitoken/local-workspace/pwn_loan_poc/src/main.leo:194:23 ]
     │
 194 │             assert_eq(Reserves@(witness.collateral_asset.program_id)::balances.get_or_use(std::ctx::addr(), 0u128), before + collateral_amount);
     │ 
     │ Help: Move this check above the `.run()` call to avoid reentrancy issues.
     │ 
     │ Note: Under the Checks-Effects-Interactions pattern, all checks (reads, asserts) must precede any `.run()` calls in the same execution path.
─────╯

[WCEI03713000] Warning: a `get_or_use` call on dynamic storage runs after an interaction (`Final.run()`)
     ╭─[ /Users/janm/Documents/projects-klients/PoC Aleo/artifacts/multitoken/local-workspace/pwn_loan_poc/src/main.leo:209:23 ]
     │
 209 │             assert_eq(Reserves@(witness.collateral_asset.program_id)::balances.get_or_use(std::ctx::addr(), 0u128), before - witness.collateral_amount);
     │ 
     │ Help: Move this check above the `.run()` call to avoid reentrancy issues.
     │ 
     │ Note: Under the Checks-Effects-Interactions pattern, all checks (reads, asserts) must precede any `.run()` calls in the same execution path.
─────╯

[WCEI03713000] Warning: a call to `_mapping_get_or_use` runs after an interaction (`Final.run()`)
     ╭─[ /Users/janm/Documents/projects-klients/PoC Aleo/artifacts/multitoken/local-workspace/pwn_loan_poc/src/main.leo:228:23 ]
     │
 228 │             assert_eq(credits.aleo::account.get_or_use(std::ctx::addr(), 0u64) as u128, before + collateral_amount);
     │ 
     │ Help: Move this check above the `.run()` call to avoid reentrancy issues.
     │ 
     │ Note: Under the Checks-Effects-Interactions pattern, all checks (reads, asserts) must precede any `.run()` calls in the same execution path.
─────╯

[WCEI03713000] Warning: a call to `_mapping_get_or_use` runs after an interaction (`Final.run()`)
     ╭─[ /Users/janm/Documents/projects-klients/PoC Aleo/artifacts/multitoken/local-workspace/pwn_loan_poc/src/main.leo:243:23 ]
     │
 243 │             assert_eq(credits.aleo::account.get_or_use(std::ctx::addr(), 0u64) as u128, before - witness.collateral_amount);
     │ 
     │ Help: Move this check above the `.run()` call to avoid reentrancy issues.
     │ 
     │ Note: Under the Checks-Effects-Interactions pattern, all checks (reads, asserts) must precede any `.run()` calls in the same execution path.
─────╯

[WCEI03713000] Warning: a `get_or_use` call on dynamic storage runs after an interaction (`Final.run()`)
     ╭─[ /Users/janm/Documents/projects-klients/PoC Aleo/artifacts/multitoken/local-workspace/pwn_loan_poc/src/main.leo:262:23 ]
     │
 262 │             assert_eq(Reserves@(witness.collateral_asset.program_id)::balances.get_or_use(std::ctx::addr(), 0u128), before + collateral_amount);
     │ 
     │ Help: Move this check above the `.run()` call to avoid reentrancy issues.
     │ 
     │ Note: Under the Checks-Effects-Interactions pattern, all checks (reads, asserts) must precede any `.run()` calls in the same execution path.
─────╯

[WCEI03713000] Warning: a `get_or_use` call on dynamic storage runs after an interaction (`Final.run()`)
     ╭─[ /Users/janm/Documents/projects-klients/PoC Aleo/artifacts/multitoken/local-workspace/pwn_loan_poc/src/main.leo:277:23 ]
     │
 277 │             assert_eq(Reserves@(witness.collateral_asset.program_id)::balances.get_or_use(std::ctx::addr(), 0u128), before - witness.collateral_amount);
     │ 
     │ Help: Move this check above the `.run()` call to avoid reentrancy issues.
     │ 
     │ Note: Under the Checks-Effects-Interactions pattern, all checks (reads, asserts) must precede any `.run()` calls in the same execution path.
─────╯

[WCEI03713000] Warning: a `get_or_use` call on dynamic storage runs after an interaction (`Final.run()`)
     ╭─[ /Users/janm/Documents/projects-klients/PoC Aleo/artifacts/multitoken/local-workspace/pwn_loan_poc/src/main.leo:296:23 ]
     │
 296 │             assert_eq(Reserves@(witness.collateral_asset.program_id)::balances.get_or_use(std::ctx::addr(), 0u128), before + collateral_amount);
     │ 
     │ Help: Move this check above the `.run()` call to avoid reentrancy issues.
     │ 
     │ Note: Under the Checks-Effects-Interactions pattern, all checks (reads, asserts) must precede any `.run()` calls in the same execution path.
─────╯

[WCEI03713000] Warning: a `get_or_use` call on dynamic storage runs after an interaction (`Final.run()`)
     ╭─[ /Users/janm/Documents/projects-klients/PoC Aleo/artifacts/multitoken/local-workspace/pwn_loan_poc/src/main.leo:311:23 ]
     │
 311 │             assert_eq(Reserves@(witness.collateral_asset.program_id)::balances.get_or_use(std::ctx::addr(), 0u128), before - witness.collateral_amount);
     │ 
     │ Help: Move this check above the `.run()` call to avoid reentrancy issues.
     │ 
     │ Note: Under the Checks-Effects-Interactions pattern, all checks (reads, asserts) must precede any `.run()` calls in the same execution path.
─────╯

[WCEI03713000] Warning: a call to `_mapping_get_or_use` runs after an interaction (`Final.run()`)
     ╭─[ /Users/janm/Documents/projects-klients/PoC Aleo/artifacts/multitoken/local-workspace/pwn_loan_poc/src/main.leo:330:23 ]
     │
 330 │             assert_eq(credits.aleo::account.get_or_use(std::ctx::addr(), 0u64) as u128, before + collateral_amount);
     │ 
     │ Help: Move this check above the `.run()` call to avoid reentrancy issues.
     │ 
     │ Note: Under the Checks-Effects-Interactions pattern, all checks (reads, asserts) must precede any `.run()` calls in the same execution path.
─────╯

[WCEI03713000] Warning: a call to `_mapping_get_or_use` runs after an interaction (`Final.run()`)
     ╭─[ /Users/janm/Documents/projects-klients/PoC Aleo/artifacts/multitoken/local-workspace/pwn_loan_poc/src/main.leo:345:23 ]
     │
 345 │             assert_eq(credits.aleo::account.get_or_use(std::ctx::addr(), 0u64) as u128, before - witness.collateral_amount);
     │ 
     │ Help: Move this check above the `.run()` call to avoid reentrancy issues.
     │ 
     │ Note: Under the Checks-Effects-Interactions pattern, all checks (reads, asserts) must precede any `.run()` calls in the same execution path.
─────╯

[WCEI03713000] Warning: a `get_or_use` call on dynamic storage runs after an interaction (`Final.run()`)
     ╭─[ /Users/janm/Documents/projects-klients/PoC Aleo/artifacts/multitoken/local-workspace/pwn_loan_poc/src/main.leo:364:23 ]
     │
 364 │             assert_eq(Reserves@(witness.collateral_asset.program_id)::balances.get_or_use(std::ctx::addr(), 0u128), before + collateral_amount);
     │ 
     │ Help: Move this check above the `.run()` call to avoid reentrancy issues.
     │ 
     │ Note: Under the Checks-Effects-Interactions pattern, all checks (reads, asserts) must precede any `.run()` calls in the same execution path.
─────╯

[WCEI03713000] Warning: a `get_or_use` call on dynamic storage runs after an interaction (`Final.run()`)
     ╭─[ /Users/janm/Documents/projects-klients/PoC Aleo/artifacts/multitoken/local-workspace/pwn_loan_poc/src/main.leo:379:23 ]
     │
 379 │             assert_eq(Reserves@(witness.collateral_asset.program_id)::balances.get_or_use(std::ctx::addr(), 0u128), before - witness.collateral_amount);
     │ 
     │ Help: Move this check above the `.run()` call to avoid reentrancy issues.
     │ 
     │ Note: Under the Checks-Effects-Interactions pattern, all checks (reads, asserts) must precede any `.run()` calls in the same execution path.
─────╯

[WCEI03713000] Warning: a `get_or_use` call on dynamic storage runs after an interaction (`Final.run()`)
     ╭─[ /Users/janm/Documents/projects-klients/PoC Aleo/artifacts/multitoken/local-workspace/pwn_loan_poc/src/main.leo:398:23 ]
     │
 398 │             assert_eq(Reserves@(witness.collateral_asset.program_id)::balances.get_or_use(std::ctx::addr(), 0u128), before + collateral_amount);
     │ 
     │ Help: Move this check above the `.run()` call to avoid reentrancy issues.
     │ 
     │ Note: Under the Checks-Effects-Interactions pattern, all checks (reads, asserts) must precede any `.run()` calls in the same execution path.
─────╯

[WCEI03713000] Warning: a `get_or_use` call on dynamic storage runs after an interaction (`Final.run()`)
     ╭─[ /Users/janm/Documents/projects-klients/PoC Aleo/artifacts/multitoken/local-workspace/pwn_loan_poc/src/main.leo:413:23 ]
     │
 413 │             assert_eq(Reserves@(witness.collateral_asset.program_id)::balances.get_or_use(std::ctx::addr(), 0u128), before - witness.collateral_amount);
     │ 
     │ Help: Move this check above the `.run()` call to avoid reentrancy issues.
     │ 
     │ Note: Under the Checks-Effects-Interactions pattern, all checks (reads, asserts) must precede any `.run()` calls in the same execution path.
─────╯

[WCEI03713000] Warning: a call to `_mapping_get_or_use` runs after an interaction (`Final.run()`)
     ╭─[ /Users/janm/Documents/projects-klients/PoC Aleo/artifacts/multitoken/local-workspace/pwn_loan_poc/src/main.leo:427:23 ]
     │
 427 │             assert_eq(credits.aleo::account.get_or_use(std::ctx::addr(), 0u64) as u128, before - witness.collateral_amount);
     │ 
     │ Help: Move this check above the `.run()` call to avoid reentrancy issues.
     │ 
     │ Note: Under the Checks-Effects-Interactions pattern, all checks (reads, asserts) must precede any `.run()` calls in the same execution path.
─────╯

[WCEI03713000] Warning: a `get_or_use` call on dynamic storage runs after an interaction (`Final.run()`)
     ╭─[ /Users/janm/Documents/projects-klients/PoC Aleo/artifacts/multitoken/local-workspace/pwn_loan_poc/src/main.leo:441:23 ]
     │
 441 │             assert_eq(Reserves@(witness.collateral_asset.program_id)::balances.get_or_use(std::ctx::addr(), 0u128), before - witness.collateral_amount);
     │ 
     │ Help: Move this check above the `.run()` call to avoid reentrancy issues.
     │ 
     │ Note: Under the Checks-Effects-Interactions pattern, all checks (reads, asserts) must precede any `.run()` calls in the same execution path.
─────╯

[WCEI03713000] Warning: a `get_or_use` call on dynamic storage runs after an interaction (`Final.run()`)
     ╭─[ /Users/janm/Documents/projects-klients/PoC Aleo/artifacts/multitoken/local-workspace/pwn_loan_poc/src/main.leo:455:23 ]
     │
 455 │             assert_eq(Reserves@(witness.collateral_asset.program_id)::balances.get_or_use(std::ctx::addr(), 0u128), before - witness.collateral_amount);
     │ 
     │ Help: Move this check above the `.run()` call to avoid reentrancy issues.
     │ 
     │ Note: Under the Checks-Effects-Interactions pattern, all checks (reads, asserts) must precede any `.run()` calls in the same execution path.
─────╯


📢 Using the following consensus heights: 0,5,6,7,8,9,10,11,12,13,14,15,16,17,18,19,20,21,22
  To override, pass in `--consensus-heights` or override the environment variable `CONSENSUS_VERSION_HEIGHTS`.


🚀 Execution Plan Summary
──────────────────────────────────────────────
🔧 Configuration:
  Private Key:        APrivateKey1zkpGPDbTcP2r...
  Address:            aleo16k6wjpe5snzfhzf07mf...
  Endpoint:           http://127.0.0.1:65083
  Network:            testnet
  Consensus Version:  19

🎯 Execution Target:
  Program:        pwn_loan_poc.aleo
  Function:       accept_compliant_aleo
  Source:         local

💸 Fee Info:
  Priority Fee:   0 μcredits
  Fee Record:     no (public fee)

⚙️ Actions:
  - A transaction will be generated, WITHOUT a proof.
  - Transaction will NOT be printed to the console.
  - Transaction will NOT be saved to a file.
  - Transaction will be broadcast to http://127.0.0.1:65083
──────────────────────────────────────────────


➕Adding programs to the VM in the following order:
  - merkle_tree.aleo (local)
  - arc20_multisig_core.aleo (local)
  - arc20_sol.aleo (local)
  - arc20_wbtc.aleo (local)
  - usdcx_multisig_core.aleo (local)
  - usdcx_freezelist.aleo (local)
  - usdcx_stablecoin.aleo (local)
  - usad_multisig_core.aleo (local)
  - usad_freezelist.aleo (local)
  - usad_stablecoin.aleo (local)
  - pwn_delta_token.aleo (local)
  - credits.aleo (already included)
  - pwn_config_poc.aleo (local)
  - pwn_hub_poc.aleo (local)
  - pwn_proposal_poc.aleo (local)
  - pwn_loan_poc.aleo (local)
  - pwn_local_fixture.aleo (local)

⚙️ Generating transaction WITHOUT a proof for pwn_loan_poc.aleo/accept_compliant_aleo...

📊 Execution Cost Summary for pwn_loan_poc.aleo
──────────────────────────────────────────────
💰 Cost Breakdown (credits)
  Transaction Storage:  0.025923
  On-chain Execution:   0.005902
  Priority Fee:         0.000000
  Total Fee:            0.031825
──────────────────────────────────────────────

➡️  Outputs

 • {
  owner: aleo1l4s8l9fkl0rughvj0qzv3hduzr2ktpwgmwyue3ehkdrgtdl9vgys4xyw23,
  _root: 3336792566431128695955954774465489144116391998540558568134633744487628720450field,
  _nonce: 3343880844254378520246489549839195750336071860990317050036145525668971722828group,
  _version: 1u8
}
 • {
  owner: aleo16k6wjpe5snzfhzf07mfze8j8lyg6vgyfe25vu67ykpvu6mv6ng8q8p78ue,
  _root: 4337240091898208118195559103863431450322711835947168100996580411926720292472field,
  _nonce: 5446849998622562216571227062457077152126763801631124632248302509413132581111group,
  _version: 1u8
}
 • {
  owner: aleo16k6wjpe5snzfhzf07mfze8j8lyg6vgyfe25vu67ykpvu6mv6ng8q8p78ue.private,
  microcredits: 0u64.private,
  _nonce: 5765326535584488745046303417544605240605647060800280767413603293685822293008group.public,
  _version: 1u8.public
}
 • {
  loan_id: 1235017715566307477605651063168888925416943301878908989703823545977388267989field,
  commitment_id: 2724505372548728343994681730618470682026672787338626226766235075890837254469field,
  credit_asset: {
    program_id: 'usdcx_stablecoin',
    token_id: 0field,
    family: 3u8,
    version: 1u16
  },
  collateral_asset: {
    program_id: 'credits',
    token_id: 0field,
    family: 1u8,
    version: 1u16
  },
  credit_amount: 1u128,
  collateral_amount: 2u128,
  repayment_amount: 2u128,
  accruing_apr: 0u32,
  borrower_auth: 622744858111252582842368228049713854228954901870391010586221838678154771122field,
  lender_auth: 4526021599304265134117259282975110150315142328692576986828663029559434666805field
}
 • {
  program_id: pwn_loan_poc.aleo,
  function_name: accept_compliant_aleo,
  arguments: [
    1235017715566307477605651063168888925416943301878908989703823545977388267989field,
    {
  loan_id: 1235017715566307477605651063168888925416943301878908989703823545977388267989field,
  commitment_id: 2724505372548728343994681730618470682026672787338626226766235075890837254469field,
  credit_asset: {
    program_id: 'usdcx_stablecoin',
    token_id: 0field,
    family: 3u8,
    version: 1u16
  },
  collateral_asset: {
    program_id: 'credits',
    token_id: 0field,
    family: 1u8,
    version: 1u16
  },
  credit_amount: 1u128,
  collateral_amount: 2u128,
  repayment_amount: 2u128,
  accruing_apr: 0u32,
  borrower_auth: 622744858111252582842368228049713854228954901870391010586221838678154771122field,
  lender_auth: 4526021599304265134117259282975110150315142328692576986828663029559434666805field
},
    2153677195166561389820325386630870118214047180529755390444017783807613754766field,
    {
  credit_asset: {
    program_id: 'usdcx_stablecoin',
    token_id: 0field,
    family: 3u8,
    version: 1u16
  },
  collateral_asset: {
    program_id: 'credits',
    token_id: 0field,
    family: 1u8,
    version: 1u16
  },
  min_draw: 1u128,
  max_draw: 600u128,
  collateral_ratio: 15000u64,
  repayment_ratio: 11001u64,
  accruing_apr: 0u32,
  duration: 100000u32,
  expiry: 5075u32,
  lender_auth: 4526021599304265134117259282975110150315142328692576986828663029559434666805field
},
    2u128,
    {
      program_id: credits.aleo,
      function_name: transfer_private_to_public,
      arguments: [
        aleo1gqzuhr60tnlt0fhjevmu5y4ymc46qsky2emzkcvf98rwkq7s759spr0n8j,
        2u64
      ]
    },
    {
      program_id: pwn_proposal_poc.aleo,
      function_name: draw_compliant,
      arguments: [
        7298663685341555103192413162654463530900305128120983956066599834857605933931field,
        6015164828284017904487852449616947169216606668584332534936450170525960040230field,
        {
  credit_asset: {
    program_id: 'usdcx_stablecoin',
    token_id: 0field,
    family: 3u8,
    version: 1u16
  },
  collateral_asset: {
    program_id: 'credits',
    token_id: 0field,
    family: 1u8,
    version: 1u16
  },
  min_draw: 1u128,
  max_draw: 600u128,
  collateral_ratio: 15000u64,
  repayment_ratio: 11001u64,
  accruing_apr: 0u32,
  duration: 100000u32,
  expiry: 5075u32,
  lender_auth: 4526021599304265134117259282975110150315142328692576986828663029559434666805field
},
        2724505372548728343994681730618470682026672787338626226766235075890837254469field,
        2343489282008216493572266244977751308286425836087710060610955516917526045702field,
        1u128,
        { _program_id: usdcx_stablecoin.aleo, _function_name: transfer_public_to_private, _checksum: 1648123032676521582373280550635227379658226660236324532174580200082626058157field }
      ]
    }
  
  ]
}

📡 Broadcasting execution for pwn_loan_poc.aleo...
💰Your current public balance is 999.583438 credits.

✉️ Broadcasted transaction with:
  - transaction ID: 'at1rvqeretd7xq6te5gcl50dwclz87udz2c7qpssx7hux5gzlsu9grs5exqjc'
  - fee ID: 'au15s66k2jy3eg3me6x83udjutrg04jlez0zaym3geu56m96jl75gzs4q0q2d'
  - fee transaction ID: 'at1ewncqwxceek57q7ln082s2tq5ph5szrwfjaqven9lhpulavwyuysw2lsr2'
    (use this to check for rejected transactions)

🔄 Searching up to 12 blocks to confirm transaction (this may take several seconds)...
Explored 1 blocks.
Transaction rejected.
