
[WCEI03713000] Warning: a call to `_mapping_get_or_use` runs after an interaction (`Final.run()`)
     ╭─[ /Users/janm/Documents/projects-klients/PoC Aleo/artifacts/multitoken/local-workspace/pwn_proposal_poc/src/main.leo:151:23 ]
     │
 151 │             assert_eq(credits.aleo::account.get_or_use(std::ctx::addr(), 0u64) as u128, before + amount);
     │ 
     │ Help: Move this check above the `.run()` call to avoid reentrancy issues.
     │ 
     │ Note: Under the Checks-Effects-Interactions pattern, all checks (reads, asserts) must precede any `.run()` calls in the same execution path.
─────╯

[WCEI03713000] Warning: a call to `_mapping_get_or_use` runs after an interaction (`Final.run()`)
     ╭─[ /Users/janm/Documents/projects-klients/PoC Aleo/artifacts/multitoken/local-workspace/pwn_proposal_poc/src/main.leo:168:23 ]
     │
 168 │             assert_eq(credits.aleo::account.get_or_use(std::ctx::addr(), 0u64) as u128, before - amount);
     │ 
     │ Help: Move this check above the `.run()` call to avoid reentrancy issues.
     │ 
     │ Note: Under the Checks-Effects-Interactions pattern, all checks (reads, asserts) must precede any `.run()` calls in the same execution path.
─────╯

[WCEI03713000] Warning: a call to `_mapping_get_or_use` runs after an interaction (`Final.run()`)
     ╭─[ /Users/janm/Documents/projects-klients/PoC Aleo/artifacts/multitoken/local-workspace/pwn_proposal_poc/src/main.leo:180:23 ]
     │
 180 │             assert_eq(credits.aleo::account.get_or_use(std::ctx::addr(), 0u64) as u128, before + amount);
     │ 
     │ Help: Move this check above the `.run()` call to avoid reentrancy issues.
     │ 
     │ Note: Under the Checks-Effects-Interactions pattern, all checks (reads, asserts) must precede any `.run()` calls in the same execution path.
─────╯

[WCEI03713000] Warning: a call to `_mapping_get_or_use` runs after an interaction (`Final.run()`)
     ╭─[ /Users/janm/Documents/projects-klients/PoC Aleo/artifacts/multitoken/local-workspace/pwn_proposal_poc/src/main.leo:197:23 ]
     │
 197 │             assert_eq(credits.aleo::account.get_or_use(std::ctx::addr(), 0u64) as u128, before - amount);
     │ 
     │ Help: Move this check above the `.run()` call to avoid reentrancy issues.
     │ 
     │ Note: Under the Checks-Effects-Interactions pattern, all checks (reads, asserts) must precede any `.run()` calls in the same execution path.
─────╯

[WCEI03713000] Warning: a call to `_mapping_get_or_use` runs after an interaction (`Final.run()`)
     ╭─[ /Users/janm/Documents/projects-klients/PoC Aleo/artifacts/multitoken/local-workspace/pwn_proposal_poc/src/main.leo:214:23 ]
     │
 214 │             assert_eq(credits.aleo::account.get_or_use(std::ctx::addr(), 0u64) as u128, before - amount);
     │ 
     │ Help: Move this check above the `.run()` call to avoid reentrancy issues.
     │ 
     │ Note: Under the Checks-Effects-Interactions pattern, all checks (reads, asserts) must precede any `.run()` calls in the same execution path.
─────╯

[WCEI03713000] Warning: a `get_or_use` call on dynamic storage runs after an interaction (`Final.run()`)
     ╭─[ /Users/janm/Documents/projects-klients/PoC Aleo/artifacts/multitoken/local-workspace/pwn_proposal_poc/src/main.leo:233:23 ]
     │
 233 │             assert_eq(Reserves@(terms.credit_asset.program_id)::balances.get_or_use(std::ctx::addr(), 0u128), before + amount);
     │ 
     │ Help: Move this check above the `.run()` call to avoid reentrancy issues.
     │ 
     │ Note: Under the Checks-Effects-Interactions pattern, all checks (reads, asserts) must precede any `.run()` calls in the same execution path.
─────╯

[WCEI03713000] Warning: a `get_or_use` call on dynamic storage runs after an interaction (`Final.run()`)
     ╭─[ /Users/janm/Documents/projects-klients/PoC Aleo/artifacts/multitoken/local-workspace/pwn_proposal_poc/src/main.leo:250:23 ]
     │
 250 │             assert_eq(Reserves@(terms.credit_asset.program_id)::balances.get_or_use(std::ctx::addr(), 0u128), before - amount);
     │ 
     │ Help: Move this check above the `.run()` call to avoid reentrancy issues.
     │ 
     │ Note: Under the Checks-Effects-Interactions pattern, all checks (reads, asserts) must precede any `.run()` calls in the same execution path.
─────╯

[WCEI03713000] Warning: a `get_or_use` call on dynamic storage runs after an interaction (`Final.run()`)
     ╭─[ /Users/janm/Documents/projects-klients/PoC Aleo/artifacts/multitoken/local-workspace/pwn_proposal_poc/src/main.leo:262:23 ]
     │
 262 │             assert_eq(Reserves@(asset.program_id)::balances.get_or_use(std::ctx::addr(), 0u128), before + amount);
     │ 
     │ Help: Move this check above the `.run()` call to avoid reentrancy issues.
     │ 
     │ Note: Under the Checks-Effects-Interactions pattern, all checks (reads, asserts) must precede any `.run()` calls in the same execution path.
─────╯

[WCEI03713000] Warning: a `get_or_use` call on dynamic storage runs after an interaction (`Final.run()`)
     ╭─[ /Users/janm/Documents/projects-klients/PoC Aleo/artifacts/multitoken/local-workspace/pwn_proposal_poc/src/main.leo:279:23 ]
     │
 279 │             assert_eq(Reserves@(terms.credit_asset.program_id)::balances.get_or_use(std::ctx::addr(), 0u128), before - amount);
     │ 
     │ Help: Move this check above the `.run()` call to avoid reentrancy issues.
     │ 
     │ Note: Under the Checks-Effects-Interactions pattern, all checks (reads, asserts) must precede any `.run()` calls in the same execution path.
─────╯

[WCEI03713000] Warning: a `get_or_use` call on dynamic storage runs after an interaction (`Final.run()`)
     ╭─[ /Users/janm/Documents/projects-klients/PoC Aleo/artifacts/multitoken/local-workspace/pwn_proposal_poc/src/main.leo:296:23 ]
     │
 296 │             assert_eq(Reserves@(terms.credit_asset.program_id)::balances.get_or_use(std::ctx::addr(), 0u128), before - amount);
     │ 
     │ Help: Move this check above the `.run()` call to avoid reentrancy issues.
     │ 
     │ Note: Under the Checks-Effects-Interactions pattern, all checks (reads, asserts) must precede any `.run()` calls in the same execution path.
─────╯

[WCEI03713000] Warning: a `get_or_use` call on dynamic storage runs after an interaction (`Final.run()`)
     ╭─[ /Users/janm/Documents/projects-klients/PoC Aleo/artifacts/multitoken/local-workspace/pwn_proposal_poc/src/main.leo:315:23 ]
     │
 315 │             assert_eq(Reserves@(terms.credit_asset.program_id)::balances.get_or_use(std::ctx::addr(), 0u128), before + amount);
     │ 
     │ Help: Move this check above the `.run()` call to avoid reentrancy issues.
     │ 
     │ Note: Under the Checks-Effects-Interactions pattern, all checks (reads, asserts) must precede any `.run()` calls in the same execution path.
─────╯

[WCEI03713000] Warning: a `get_or_use` call on dynamic storage runs after an interaction (`Final.run()`)
     ╭─[ /Users/janm/Documents/projects-klients/PoC Aleo/artifacts/multitoken/local-workspace/pwn_proposal_poc/src/main.leo:332:23 ]
     │
 332 │             assert_eq(Reserves@(terms.credit_asset.program_id)::balances.get_or_use(std::ctx::addr(), 0u128), before - amount);
     │ 
     │ Help: Move this check above the `.run()` call to avoid reentrancy issues.
     │ 
     │ Note: Under the Checks-Effects-Interactions pattern, all checks (reads, asserts) must precede any `.run()` calls in the same execution path.
─────╯

[WCEI03713000] Warning: a `get_or_use` call on dynamic storage runs after an interaction (`Final.run()`)
     ╭─[ /Users/janm/Documents/projects-klients/PoC Aleo/artifacts/multitoken/local-workspace/pwn_proposal_poc/src/main.leo:344:23 ]
     │
 344 │             assert_eq(Reserves@(asset.program_id)::balances.get_or_use(std::ctx::addr(), 0u128), before + amount);
     │ 
     │ Help: Move this check above the `.run()` call to avoid reentrancy issues.
     │ 
     │ Note: Under the Checks-Effects-Interactions pattern, all checks (reads, asserts) must precede any `.run()` calls in the same execution path.
─────╯

[WCEI03713000] Warning: a `get_or_use` call on dynamic storage runs after an interaction (`Final.run()`)
     ╭─[ /Users/janm/Documents/projects-klients/PoC Aleo/artifacts/multitoken/local-workspace/pwn_proposal_poc/src/main.leo:361:23 ]
     │
 361 │             assert_eq(Reserves@(terms.credit_asset.program_id)::balances.get_or_use(std::ctx::addr(), 0u128), before - amount);
     │ 
     │ Help: Move this check above the `.run()` call to avoid reentrancy issues.
     │ 
     │ Note: Under the Checks-Effects-Interactions pattern, all checks (reads, asserts) must precede any `.run()` calls in the same execution path.
─────╯

[WCEI03713000] Warning: a `get_or_use` call on dynamic storage runs after an interaction (`Final.run()`)
     ╭─[ /Users/janm/Documents/projects-klients/PoC Aleo/artifacts/multitoken/local-workspace/pwn_proposal_poc/src/main.leo:378:23 ]
     │
 378 │             assert_eq(Reserves@(terms.credit_asset.program_id)::balances.get_or_use(std::ctx::addr(), 0u128), before - amount);
     │ 
     │ Help: Move this check above the `.run()` call to avoid reentrancy issues.
     │ 
     │ Note: Under the Checks-Effects-Interactions pattern, all checks (reads, asserts) must precede any `.run()` calls in the same execution path.
─────╯

[WCEI03713000] Warning: a call to `_mapping_get_or_use` runs after an interaction (`Final.run()`)
     ╭─[ /Users/janm/Documents/projects-klients/PoC Aleo/artifacts/multitoken/local-workspace/pwn_loan_poc/src/main.leo:126:23 ]
     │
 126 │             assert_eq(credits.aleo::account.get_or_use(std::ctx::addr(), 0u64) as u128, before + collateral_amount);
     │ 
     │ Help: Move this check above the `.run()` call to avoid reentrancy issues.
     │ 
     │ Note: Under the Checks-Effects-Interactions pattern, all checks (reads, asserts) must precede any `.run()` calls in the same execution path.
─────╯

[WCEI03713000] Warning: a call to `_mapping_get_or_use` runs after an interaction (`Final.run()`)
     ╭─[ /Users/janm/Documents/projects-klients/PoC Aleo/artifacts/multitoken/local-workspace/pwn_loan_poc/src/main.leo:141:23 ]
     │
 141 │             assert_eq(credits.aleo::account.get_or_use(std::ctx::addr(), 0u64) as u128, before - witness.collateral_amount);
     │ 
     │ Help: Move this check above the `.run()` call to avoid reentrancy issues.
     │ 
     │ Note: Under the Checks-Effects-Interactions pattern, all checks (reads, asserts) must precede any `.run()` calls in the same execution path.
─────╯

[WCEI03713000] Warning: a `get_or_use` call on dynamic storage runs after an interaction (`Final.run()`)
     ╭─[ /Users/janm/Documents/projects-klients/PoC Aleo/artifacts/multitoken/local-workspace/pwn_loan_poc/src/main.leo:160:23 ]
     │
 160 │             assert_eq(Reserves@(witness.collateral_asset.program_id)::balances.get_or_use(std::ctx::addr(), 0u128), before + collateral_amount);
     │ 
     │ Help: Move this check above the `.run()` call to avoid reentrancy issues.
     │ 
     │ Note: Under the Checks-Effects-Interactions pattern, all checks (reads, asserts) must precede any `.run()` calls in the same execution path.
─────╯

[WCEI03713000] Warning: a `get_or_use` call on dynamic storage runs after an interaction (`Final.run()`)
     ╭─[ /Users/janm/Documents/projects-klients/PoC Aleo/artifacts/multitoken/local-workspace/pwn_loan_poc/src/main.leo:175:23 ]
     │
 175 │             assert_eq(Reserves@(witness.collateral_asset.program_id)::balances.get_or_use(std::ctx::addr(), 0u128), before - witness.collateral_amount);
     │ 
     │ Help: Move this check above the `.run()` call to avoid reentrancy issues.
     │ 
     │ Note: Under the Checks-Effects-Interactions pattern, all checks (reads, asserts) must precede any `.run()` calls in the same execution path.
─────╯

[WCEI03713000] Warning: a `get_or_use` call on dynamic storage runs after an interaction (`Final.run()`)
     ╭─[ /Users/janm/Documents/projects-klients/PoC Aleo/artifacts/multitoken/local-workspace/pwn_loan_poc/src/main.leo:194:23 ]
     │
 194 │             assert_eq(Reserves@(witness.collateral_asset.program_id)::balances.get_or_use(std::ctx::addr(), 0u128), before + collateral_amount);
     │ 
     │ Help: Move this check above the `.run()` call to avoid reentrancy issues.
     │ 
     │ Note: Under the Checks-Effects-Interactions pattern, all checks (reads, asserts) must precede any `.run()` calls in the same execution path.
─────╯

[WCEI03713000] Warning: a `get_or_use` call on dynamic storage runs after an interaction (`Final.run()`)
     ╭─[ /Users/janm/Documents/projects-klients/PoC Aleo/artifacts/multitoken/local-workspace/pwn_loan_poc/src/main.leo:209:23 ]
     │
 209 │             assert_eq(Reserves@(witness.collateral_asset.program_id)::balances.get_or_use(std::ctx::addr(), 0u128), before - witness.collateral_amount);
     │ 
     │ Help: Move this check above the `.run()` call to avoid reentrancy issues.
     │ 
     │ Note: Under the Checks-Effects-Interactions pattern, all checks (reads, asserts) must precede any `.run()` calls in the same execution path.
─────╯

[WCEI03713000] Warning: a call to `_mapping_get_or_use` runs after an interaction (`Final.run()`)
     ╭─[ /Users/janm/Documents/projects-klients/PoC Aleo/artifacts/multitoken/local-workspace/pwn_loan_poc/src/main.leo:228:23 ]
     │
 228 │             assert_eq(credits.aleo::account.get_or_use(std::ctx::addr(), 0u64) as u128, before + collateral_amount);
     │ 
     │ Help: Move this check above the `.run()` call to avoid reentrancy issues.
     │ 
     │ Note: Under the Checks-Effects-Interactions pattern, all checks (reads, asserts) must precede any `.run()` calls in the same execution path.
─────╯

[WCEI03713000] Warning: a call to `_mapping_get_or_use` runs after an interaction (`Final.run()`)
     ╭─[ /Users/janm/Documents/projects-klients/PoC Aleo/artifacts/multitoken/local-workspace/pwn_loan_poc/src/main.leo:243:23 ]
     │
 243 │             assert_eq(credits.aleo::account.get_or_use(std::ctx::addr(), 0u64) as u128, before - witness.collateral_amount);
     │ 
     │ Help: Move this check above the `.run()` call to avoid reentrancy issues.
     │ 
     │ Note: Under the Checks-Effects-Interactions pattern, all checks (reads, asserts) must precede any `.run()` calls in the same execution path.
─────╯

[WCEI03713000] Warning: a `get_or_use` call on dynamic storage runs after an interaction (`Final.run()`)
     ╭─[ /Users/janm/Documents/projects-klients/PoC Aleo/artifacts/multitoken/local-workspace/pwn_loan_poc/src/main.leo:262:23 ]
     │
 262 │             assert_eq(Reserves@(witness.collateral_asset.program_id)::balances.get_or_use(std::ctx::addr(), 0u128), before + collateral_amount);
     │ 
     │ Help: Move this check above the `.run()` call to avoid reentrancy issues.
     │ 
     │ Note: Under the Checks-Effects-Interactions pattern, all checks (reads, asserts) must precede any `.run()` calls in the same execution path.
─────╯

[WCEI03713000] Warning: a `get_or_use` call on dynamic storage runs after an interaction (`Final.run()`)
     ╭─[ /Users/janm/Documents/projects-klients/PoC Aleo/artifacts/multitoken/local-workspace/pwn_loan_poc/src/main.leo:277:23 ]
     │
 277 │             assert_eq(Reserves@(witness.collateral_asset.program_id)::balances.get_or_use(std::ctx::addr(), 0u128), before - witness.collateral_amount);
     │ 
     │ Help: Move this check above the `.run()` call to avoid reentrancy issues.
     │ 
     │ Note: Under the Checks-Effects-Interactions pattern, all checks (reads, asserts) must precede any `.run()` calls in the same execution path.
─────╯

[WCEI03713000] Warning: a `get_or_use` call on dynamic storage runs after an interaction (`Final.run()`)
     ╭─[ /Users/janm/Documents/projects-klients/PoC Aleo/artifacts/multitoken/local-workspace/pwn_loan_poc/src/main.leo:296:23 ]
     │
 296 │             assert_eq(Reserves@(witness.collateral_asset.program_id)::balances.get_or_use(std::ctx::addr(), 0u128), before + collateral_amount);
     │ 
     │ Help: Move this check above the `.run()` call to avoid reentrancy issues.
     │ 
     │ Note: Under the Checks-Effects-Interactions pattern, all checks (reads, asserts) must precede any `.run()` calls in the same execution path.
─────╯

[WCEI03713000] Warning: a `get_or_use` call on dynamic storage runs after an interaction (`Final.run()`)
     ╭─[ /Users/janm/Documents/projects-klients/PoC Aleo/artifacts/multitoken/local-workspace/pwn_loan_poc/src/main.leo:311:23 ]
     │
 311 │             assert_eq(Reserves@(witness.collateral_asset.program_id)::balances.get_or_use(std::ctx::addr(), 0u128), before - witness.collateral_amount);
     │ 
     │ Help: Move this check above the `.run()` call to avoid reentrancy issues.
     │ 
     │ Note: Under the Checks-Effects-Interactions pattern, all checks (reads, asserts) must precede any `.run()` calls in the same execution path.
─────╯

[WCEI03713000] Warning: a call to `_mapping_get_or_use` runs after an interaction (`Final.run()`)
     ╭─[ /Users/janm/Documents/projects-klients/PoC Aleo/artifacts/multitoken/local-workspace/pwn_loan_poc/src/main.leo:330:23 ]
     │
 330 │             assert_eq(credits.aleo::account.get_or_use(std::ctx::addr(), 0u64) as u128, before + collateral_amount);
     │ 
     │ Help: Move this check above the `.run()` call to avoid reentrancy issues.
     │ 
     │ Note: Under the Checks-Effects-Interactions pattern, all checks (reads, asserts) must precede any `.run()` calls in the same execution path.
─────╯

[WCEI03713000] Warning: a call to `_mapping_get_or_use` runs after an interaction (`Final.run()`)
     ╭─[ /Users/janm/Documents/projects-klients/PoC Aleo/artifacts/multitoken/local-workspace/pwn_loan_poc/src/main.leo:345:23 ]
     │
 345 │             assert_eq(credits.aleo::account.get_or_use(std::ctx::addr(), 0u64) as u128, before - witness.collateral_amount);
     │ 
     │ Help: Move this check above the `.run()` call to avoid reentrancy issues.
     │ 
     │ Note: Under the Checks-Effects-Interactions pattern, all checks (reads, asserts) must precede any `.run()` calls in the same execution path.
─────╯

[WCEI03713000] Warning: a `get_or_use` call on dynamic storage runs after an interaction (`Final.run()`)
     ╭─[ /Users/janm/Documents/projects-klients/PoC Aleo/artifacts/multitoken/local-workspace/pwn_loan_poc/src/main.leo:364:23 ]
     │
 364 │             assert_eq(Reserves@(witness.collateral_asset.program_id)::balances.get_or_use(std::ctx::addr(), 0u128), before + collateral_amount);
     │ 
     │ Help: Move this check above the `.run()` call to avoid reentrancy issues.
     │ 
     │ Note: Under the Checks-Effects-Interactions pattern, all checks (reads, asserts) must precede any `.run()` calls in the same execution path.
─────╯

[WCEI03713000] Warning: a `get_or_use` call on dynamic storage runs after an interaction (`Final.run()`)
     ╭─[ /Users/janm/Documents/projects-klients/PoC Aleo/artifacts/multitoken/local-workspace/pwn_loan_poc/src/main.leo:379:23 ]
     │
 379 │             assert_eq(Reserves@(witness.collateral_asset.program_id)::balances.get_or_use(std::ctx::addr(), 0u128), before - witness.collateral_amount);
     │ 
     │ Help: Move this check above the `.run()` call to avoid reentrancy issues.
     │ 
     │ Note: Under the Checks-Effects-Interactions pattern, all checks (reads, asserts) must precede any `.run()` calls in the same execution path.
─────╯

[WCEI03713000] Warning: a `get_or_use` call on dynamic storage runs after an interaction (`Final.run()`)
     ╭─[ /Users/janm/Documents/projects-klients/PoC Aleo/artifacts/multitoken/local-workspace/pwn_loan_poc/src/main.leo:398:23 ]
     │
 398 │             assert_eq(Reserves@(witness.collateral_asset.program_id)::balances.get_or_use(std::ctx::addr(), 0u128), before + collateral_amount);
     │ 
     │ Help: Move this check above the `.run()` call to avoid reentrancy issues.
     │ 
     │ Note: Under the Checks-Effects-Interactions pattern, all checks (reads, asserts) must precede any `.run()` calls in the same execution path.
─────╯

[WCEI03713000] Warning: a `get_or_use` call on dynamic storage runs after an interaction (`Final.run()`)
     ╭─[ /Users/janm/Documents/projects-klients/PoC Aleo/artifacts/multitoken/local-workspace/pwn_loan_poc/src/main.leo:413:23 ]
     │
 413 │             assert_eq(Reserves@(witness.collateral_asset.program_id)::balances.get_or_use(std::ctx::addr(), 0u128), before - witness.collateral_amount);
     │ 
     │ Help: Move this check above the `.run()` call to avoid reentrancy issues.
     │ 
     │ Note: Under the Checks-Effects-Interactions pattern, all checks (reads, asserts) must precede any `.run()` calls in the same execution path.
─────╯

[WCEI03713000] Warning: a call to `_mapping_get_or_use` runs after an interaction (`Final.run()`)
     ╭─[ /Users/janm/Documents/projects-klients/PoC Aleo/artifacts/multitoken/local-workspace/pwn_loan_poc/src/main.leo:427:23 ]
     │
 427 │             assert_eq(credits.aleo::account.get_or_use(std::ctx::addr(), 0u64) as u128, before - witness.collateral_amount);
     │ 
     │ Help: Move this check above the `.run()` call to avoid reentrancy issues.
     │ 
     │ Note: Under the Checks-Effects-Interactions pattern, all checks (reads, asserts) must precede any `.run()` calls in the same execution path.
─────╯

[WCEI03713000] Warning: a `get_or_use` call on dynamic storage runs after an interaction (`Final.run()`)
     ╭─[ /Users/janm/Documents/projects-klients/PoC Aleo/artifacts/multitoken/local-workspace/pwn_loan_poc/src/main.leo:441:23 ]
     │
 441 │             assert_eq(Reserves@(witness.collateral_asset.program_id)::balances.get_or_use(std::ctx::addr(), 0u128), before - witness.collateral_amount);
     │ 
     │ Help: Move this check above the `.run()` call to avoid reentrancy issues.
     │ 
     │ Note: Under the Checks-Effects-Interactions pattern, all checks (reads, asserts) must precede any `.run()` calls in the same execution path.
─────╯

[WCEI03713000] Warning: a `get_or_use` call on dynamic storage runs after an interaction (`Final.run()`)
     ╭─[ /Users/janm/Documents/projects-klients/PoC Aleo/artifacts/multitoken/local-workspace/pwn_loan_poc/src/main.leo:455:23 ]
     │
 455 │             assert_eq(Reserves@(witness.collateral_asset.program_id)::balances.get_or_use(std::ctx::addr(), 0u128), before - witness.collateral_amount);
     │ 
     │ Help: Move this check above the `.run()` call to avoid reentrancy issues.
     │ 
     │ Note: Under the Checks-Effects-Interactions pattern, all checks (reads, asserts) must precede any `.run()` calls in the same execution path.
─────╯


📢 Using the following consensus heights: 0,5,6,7,8,9,10,11,12,13,14,15,16,17,18,19,20,21,22
  To override, pass in `--consensus-heights` or override the environment variable `CONSENSUS_VERSION_HEIGHTS`.


🚀 Execution Plan Summary
──────────────────────────────────────────────
🔧 Configuration:
  Private Key:        APrivateKey1zkpGPDbTcP2r...
  Address:            aleo16k6wjpe5snzfhzf07mf...
  Endpoint:           http://127.0.0.1:65083
  Network:            testnet
  Consensus Version:  19

🎯 Execution Target:
  Program:        pwn_loan_poc.aleo
  Function:       repay_arc20_arc20
  Source:         local

💸 Fee Info:
  Priority Fee:   0 μcredits
  Fee Record:     no (public fee)

⚙️ Actions:
  - A transaction will be generated, WITHOUT a proof.
  - Transaction will NOT be printed to the console.
  - Transaction will NOT be saved to a file.
  - Transaction will be broadcast to http://127.0.0.1:65083
──────────────────────────────────────────────


➕Adding programs to the VM in the following order:
  - merkle_tree.aleo (local)
  - arc20_multisig_core.aleo (local)
  - arc20_sol.aleo (local)
  - arc20_wbtc.aleo (local)
  - usdcx_multisig_core.aleo (local)
  - usdcx_freezelist.aleo (local)
  - usdcx_stablecoin.aleo (local)
  - usad_multisig_core.aleo (local)
  - usad_freezelist.aleo (local)
  - usad_stablecoin.aleo (local)
  - pwn_delta_token.aleo (local)
  - credits.aleo (already included)
  - pwn_config_poc.aleo (local)
  - pwn_hub_poc.aleo (local)
  - pwn_proposal_poc.aleo (local)
  - pwn_loan_poc.aleo (local)
  - pwn_local_fixture.aleo (local)

⚙️ Generating transaction WITHOUT a proof for pwn_loan_poc.aleo/repay_arc20_arc20...

📊 Execution Cost Summary for pwn_loan_poc.aleo
──────────────────────────────────────────────
💰 Cost Breakdown (credits)
  Transaction Storage:  0.014795
  On-chain Execution:   0.005285
  Priority Fee:         0.000000
  Total Fee:            0.020080
──────────────────────────────────────────────

➡️  Outputs

 • {
  owner: aleo16k6wjpe5snzfhzf07mfze8j8lyg6vgyfe25vu67ykpvu6mv6ng8q8p78ue,
  _root: 2283550889218984820829025596164569630292585230308378085728011493249959785105field,
  _nonce: 580532046442929981629494976686262995582567190235602653907902793993912080959group,
  _version: 1u8
}
 • {
  owner: aleo16k6wjpe5snzfhzf07mfze8j8lyg6vgyfe25vu67ykpvu6mv6ng8q8p78ue,
  _root: 7310780697432411196625871040151277515917276761935491429105461466796848071814field,
  _nonce: 6067077005248545559688342317231791308850627672105760430923418049983787265325group,
  _version: 1u8
}
 • {
  program_id: pwn_loan_poc.aleo,
  function_name: repay_arc20_arc20,
  arguments: [
    {
  loan_id: 6613485805538000684236586486550777592698523952281144147206050476500982535639field,
  commitment_id: 2476217873619248182279486299575769269682915458676153941647699017045394249849field,
  credit_asset: {
    program_id: 'arc20_sol',
    token_id: 0field,
    family: 2u8,
    version: 1u16
  },
  collateral_asset: {
    program_id: 'arc20_wbtc',
    token_id: 0field,
    family: 2u8,
    version: 1u16
  },
  credit_amount: 152u128,
  collateral_amount: 228u128,
  repayment_amount: 152u128,
  accruing_apr: 0u32,
  borrower_auth: 7642436915136943838166252367515396990655310590467148747164414776423831162451field,
  lender_auth: 2606875472524583104138053857863012868837453463038464023442139475069767908879field
},
    595181640298970920337903696137884357253823904944108097713835946364356463268field,
    154u128,
    {
      program_id: pwn_proposal_poc.aleo,
      function_name: receive_arc20,
      arguments: [
        2476217873619248182279486299575769269682915458676153941647699017045394249849field,
        {
  program_id: 'arc20_sol',
  token_id: 0field,
  family: 2u8,
  version: 1u16
},
        154u128,
        { _program_id: arc20_sol.aleo, _function_name: transfer_private_to_public, _checksum: 5176680715119727222634934391793205024008119458089188806615895758907196632826field }
      ]
    },
    { _program_id: arc20_wbtc.aleo, _function_name: transfer_public_to_private, _checksum: 1057501832934637770989420695329282132927434437216910881539773810121720957479field }
  ]
}

📡 Broadcasting execution for pwn_loan_poc.aleo...
💰Your current public balance is 999.38906 credits.

✉️ Broadcasted transaction with:
  - transaction ID: 'at1tt3etmcell96ua2r2wme6untlkzj9hjw0y8y36tchrewvydzayzsnzugkl'
  - fee ID: 'au13366udk8tec92s5y7tpcz2avsdah9vpzgh59xtnrf63x6v8epgfqjkv7m7'
  - fee transaction ID: 'at18nenhexznql9cns8fammkmuaee3pwaumqr9vrz6k44w05m859s8qz8jprt'
    (use this to check for rejected transactions)

🔄 Searching up to 12 blocks to confirm transaction (this may take several seconds)...
Explored 1 blocks.
Transaction accepted.
✅ Execution confirmed!
