

📢 Using the following consensus heights: 0,5,6,7,8,9,10,11,12,13,14,15,16,17,18,19,20,21,22
  To override, pass in `--consensus-heights` or override the environment variable `CONSENSUS_VERSION_HEIGHTS`.


🚀 Execution Plan Summary
──────────────────────────────────────────────
🔧 Configuration:
  Private Key:        APrivateKey1zkp2XGgViJG8...
  Address:            aleo13pnm0ru8knk2lv6zpp9...
  Endpoint:           http://127.0.0.1:50991
  Network:            testnet
  Consensus Version:  19

🎯 Execution Target:
  Program:        pwn_loan.aleo
  Function:       accept
  Source:         local

💸 Fee Info:
  Priority Fee:   0 μcredits
  Fee Record:     yes

⚙️ Actions:
  - A transaction will be generated, WITHOUT a proof.
  - Transaction will NOT be printed to the console.
  - Transaction will be saved to /Users/janm/Documents/projects-klients/PoC Aleo/artifacts/integration-private-fees/transactions/015-pwn_loan.aleo-accept
  - Transaction will be broadcast to http://127.0.0.1:50991
──────────────────────────────────────────────


➕Adding programs to the VM in the following order:
  - credits.aleo (already included)
  - token_registry.aleo (local)
  - pwn_config.aleo (local)
  - pwn_hub.aleo (local)
  - pwn_elastic_proposal.aleo (local)
  - pwn_loan.aleo (local)

⚙️ Generating transaction WITHOUT a proof for pwn_loan.aleo/accept...

📊 Execution Cost Summary for pwn_loan.aleo
──────────────────────────────────────────────
💰 Cost Breakdown (credits)
  Transaction Storage:  0.013297
  On-chain Execution:   0.005350
  Priority Fee:         0.000000
  Total Fee:            0.018647
──────────────────────────────────────────────
💾 Saving execution for transaction at /Users/janm/Documents/projects-klients/PoC Aleo/artifacts/integration-private-fees/transactions/015-pwn_loan.aleo-accept/transaction.execution.json

➡️  Outputs

 • {
  owner: aleo13pnm0ru8knk2lv6zpp9u95wkxhfpr4cw5xrldz5urefjnpfr0yzs0wkruu.private,
  microcredits: 600u64.private,
  _nonce: 5608855161829637704544205936312981182771862615043934957164084339156285979762group.public,
  _version: 1u8.public
}
 • {
  owner: aleo13pnm0ru8knk2lv6zpp9u95wkxhfpr4cw5xrldz5urefjnpfr0yzs0wkruu.private,
  amount: 99100u128.private,
  token_id: 987654321field.private,
  external_authorization_required: false.private,
  authorized_until: 4294967295u32.private,
  _nonce: 4123218117376378782043905287410851641170531928034980261085576620406726951967group.public,
  _version: 1u8.public
}
 • {
  loan_id: 12field,
  commitment_id: 1field,
  credit_amount: 600u64,
  collateral_asset: 987654321field,
  collateral_amount: 900u128,
  repayment_amount: 660u64,
  borrower_auth: 4943823955762365009204012716767168887623482737422964558272235077291851862980field,
  lender_auth: 7134663253364879438032568740649159329065438500937956886885468873760437635961field
}
 • {
  program_id: pwn_loan.aleo,
  function_name: accept,
  arguments: [
    12field,
    829856950332951822701835903404915837511443104932832204633321689923686916149field,
    200u32,
    {
      program_id: token_registry.aleo,
      function_name: transfer_private_to_public,
      arguments: [
        987654321field,
        aleo1r3qt3tgecdh472wzu0x0lzrsh9qsjmh2s5t94exw7sr0l0y7vq8s4cx2f6,
        900u128,
        4294967295u32,
        false,
        7785236584760618167812019533458563849883172283054908453279138603435459108777field
      ]
    },
    {
      program_id: pwn_elastic_proposal.aleo,
      function_name: draw,
      arguments: [
        2650460602570250523610827634152444483771374839891951654265244293823137975982field,
        2591453716012702092681193114121394122338651389179742539139594451187170533420field,
        1field,
        613739643872168923203090886618219504574763484454076994590963961433844375680field,
        {
  credit_asset: aleo1lqmly7ez2k48ajf5hs92ulphaqr05qm4n8qwzj8v0yprmasgpqgsez59gg,
  collateral_asset: 987654321field,
  min_draw: 100u64,
  max_draw: 600u64,
  collateral_ratio: 15000u64,
  repayment_ratio: 11000u64,
  duration: 200u32,
  expiry: 1033u32,
  lender_auth: 7134663253364879438032568740649159329065438500937956886885468873760437635961field
},
        600u64,
        {
          program_id: credits.aleo,
          function_name: transfer_public_to_private,
          arguments: [
            aleo1u26eefy7w0fxep9wqq292vvf2vjc0hw94sxewdxhyrxc04mg8qysea2zkr,
            600u64
          ]
        }
      
      ]
    }
  
  ]
}

📡 Broadcasting execution for pwn_loan.aleo...
✉️ Broadcasted transaction with:
  - transaction ID: 'at15270qetynay7qns2l0magqawg9xhy7undnnasnlpuyn2lcpu4vxq0z45sj'
  - fee ID: 'au1smna0tk664paneerst26n3g7r2pnvtt7clp5cww49cdps54sc59set3t8j'
  - fee transaction ID: 'at12ylrgqn94cgt9tyevazqgwjdpc870tpx3ffmj4q2x0k8juaeluysnlgs8l'
    (use this to check for rejected transactions)

🔄 Searching up to 12 blocks to confirm transaction (this may take several seconds)...
Explored 1 blocks.
Transaction accepted.
✅ Execution confirmed!
