

📢 Using the following consensus heights: 0,5,6,7,8,9,10,11,12,13,14,15,16,17,18,19,20,21,22
  To override, pass in `--consensus-heights` or override the environment variable `CONSENSUS_VERSION_HEIGHTS`.


🚀 Execution Plan Summary
──────────────────────────────────────────────
🔧 Configuration:
  Private Key:        APrivateKey1zkpGPDbTcP2r...
  Address:            aleo16k6wjpe5snzfhzf07mf...
  Endpoint:           http://127.0.0.1:50991
  Network:            testnet
  Consensus Version:  19

🎯 Execution Target:
  Program:        pwn_loan.aleo
  Function:       accept
  Source:         local

💸 Fee Info:
  Priority Fee:   0 μcredits
  Fee Record:     no (public fee)

⚙️ Actions:
  - A transaction will be generated, WITHOUT a proof.
  - Transaction will NOT be printed to the console.
  - Transaction will be saved to /Users/janm/Documents/projects-klients/PoC Aleo/artifacts/integration-private-fees/transactions/022-pwn_loan.aleo-accept
  - Transaction will be broadcast to http://127.0.0.1:50991
──────────────────────────────────────────────


➕Adding programs to the VM in the following order:
  - credits.aleo (already included)
  - token_registry.aleo (local)
  - pwn_config.aleo (local)
  - pwn_hub.aleo (local)
  - pwn_elastic_proposal.aleo (local)
  - pwn_loan.aleo (local)

⚙️ Generating transaction WITHOUT a proof for pwn_loan.aleo/accept...

📊 Execution Cost Summary for pwn_loan.aleo
──────────────────────────────────────────────
💰 Cost Breakdown (credits)
  Transaction Storage:  0.013297
  On-chain Execution:   0.005350
  Priority Fee:         0.000000
  Total Fee:            0.018647
──────────────────────────────────────────────
💾 Saving execution for transaction at /Users/janm/Documents/projects-klients/PoC Aleo/artifacts/integration-private-fees/transactions/022-pwn_loan.aleo-accept/transaction.execution.json

➡️  Outputs

 • {
  owner: aleo16k6wjpe5snzfhzf07mfze8j8lyg6vgyfe25vu67ykpvu6mv6ng8q8p78ue.private,
  microcredits: 100u64.private,
  _nonce: 6476255590490375141684022222318648920901504242941122804443093206374826570057group.public,
  _version: 1u8.public
}
 • {
  owner: aleo16k6wjpe5snzfhzf07mfze8j8lyg6vgyfe25vu67ykpvu6mv6ng8q8p78ue.private,
  amount: 99850u128.private,
  token_id: 987654321field.private,
  external_authorization_required: false.private,
  authorized_until: 4294967295u32.private,
  _nonce: 4870006032014573988431987933993005589148616509785782629799233745789836405646group.public,
  _version: 1u8.public
}
 • {
  loan_id: 14field,
  commitment_id: 2field,
  credit_amount: 100u64,
  collateral_asset: 987654321field,
  collateral_amount: 150u128,
  repayment_amount: 110u64,
  borrower_auth: 6301662748114510120818015080756981986896207374424003128638128079134792756953field,
  lender_auth: 7134663253364879438032568740649159329065438500937956886885468873760437635961field
}
 • {
  program_id: pwn_loan.aleo,
  function_name: accept,
  arguments: [
    14field,
    6294049012386432181999534163135903932243331858243157452078695801450846094191field,
    200u32,
    {
      program_id: token_registry.aleo,
      function_name: transfer_private_to_public,
      arguments: [
        987654321field,
        aleo1r3qt3tgecdh472wzu0x0lzrsh9qsjmh2s5t94exw7sr0l0y7vq8s4cx2f6,
        150u128,
        4294967295u32,
        false,
        7785236584760618167812019533458563849883172283054908453279138603435459108777field
      ]
    },
    {
      program_id: pwn_elastic_proposal.aleo,
      function_name: draw,
      arguments: [
        2650460602570250523610827634152444483771374839891951654265244293823137975982field,
        2591453716012702092681193114121394122338651389179742539139594451187170533420field,
        2field,
        5380065084390508464577298640385837892880839483657044025051913213221081534852field,
        {
  credit_asset: aleo1lqmly7ez2k48ajf5hs92ulphaqr05qm4n8qwzj8v0yprmasgpqgsez59gg,
  collateral_asset: 987654321field,
  min_draw: 100u64,
  max_draw: 600u64,
  collateral_ratio: 15000u64,
  repayment_ratio: 11000u64,
  duration: 200u32,
  expiry: 1043u32,
  lender_auth: 7134663253364879438032568740649159329065438500937956886885468873760437635961field
},
        100u64,
        {
          program_id: credits.aleo,
          function_name: transfer_public_to_private,
          arguments: [
            aleo1u26eefy7w0fxep9wqq292vvf2vjc0hw94sxewdxhyrxc04mg8qysea2zkr,
            100u64
          ]
        }
      
      ]
    }
  
  ]
}

📡 Broadcasting execution for pwn_loan.aleo...
💰Your current public balance is 998.987801 credits.

Error [ECLI0377034]: failed to broadcast transaction:
   Failed to broadcast execution 'pwn_loan.aleo'
   Endpoint: http://127.0.0.1:50991/testnet/transaction/broadcast
   Status:   500 Internal Server Error
   Response: Invalid transaction — The input ID '6629505175910483200261145531430874080110870689318255645375873860587014479916field' already exists in the ledger
     |
     = Verify `--network` and `--endpoint` point to a reachable node, and that the transaction is valid for that network.
