

📢 Using the following consensus heights: 0,5,6,7,8,9,10,11,12,13,14,15,16,17,18,19,20,21,22
  To override, pass in `--consensus-heights` or override the environment variable `CONSENSUS_VERSION_HEIGHTS`.


🚀 Execution Plan Summary
──────────────────────────────────────────────
🔧 Configuration:
  Private Key:        APrivateKey1zkpGPDbTcP2r...
  Address:            aleo16k6wjpe5snzfhzf07mf...
  Endpoint:           http://127.0.0.1:50991
  Network:            testnet
  Consensus Version:  19

🎯 Execution Target:
  Program:        credits.aleo
  Function:       transfer_public_to_private
  Source:         local

💸 Fee Info:
  Priority Fee:   0 μcredits
  Fee Record:     no (public fee)

⚙️ Actions:
  - A transaction will be generated, WITHOUT a proof.
  - Transaction will NOT be printed to the console.
  - Transaction will be saved to /Users/janm/Documents/projects-klients/PoC Aleo/artifacts/integration-private-fees/transactions/043-credits.aleo-transfer_public_to_private
  - Transaction will be broadcast to http://127.0.0.1:50991
──────────────────────────────────────────────


➕Adding programs to the VM in the following order:
  - credits.aleo (already included)
  - token_registry.aleo (local)
  - pwn_config.aleo (local)
  - pwn_hub.aleo (local)
  - pwn_elastic_proposal.aleo (local)
  - pwn_loan.aleo (local)

⚙️ Generating transaction WITHOUT a proof for credits.aleo/transfer_public_to_private...

📊 Execution Cost Summary for credits.aleo
──────────────────────────────────────────────
💰 Cost Breakdown (credits)
  Transaction Storage:  0.001652
  On-chain Execution:   0.000652
  Priority Fee:         0.000000
  Total Fee:            0.002304
──────────────────────────────────────────────
💾 Saving execution for transaction at /Users/janm/Documents/projects-klients/PoC Aleo/artifacts/integration-private-fees/transactions/043-credits.aleo-transfer_public_to_private/transaction.execution.json

➡️  Outputs

 • {
  owner: aleo16k6wjpe5snzfhzf07mfze8j8lyg6vgyfe25vu67ykpvu6mv6ng8q8p78ue.private,
  microcredits: 500u64.private,
  _nonce: 2868430559176270134166411421276618992969980976009995894489147779361370409300group.public,
  _version: 1u8.public
}
 • {
  program_id: credits.aleo,
  function_name: transfer_public_to_private,
  arguments: [
    aleo16k6wjpe5snzfhzf07mfze8j8lyg6vgyfe25vu67ykpvu6mv6ng8q8p78ue,
    500u64
  ]
}

📡 Broadcasting execution for credits.aleo...
💰Your current public balance is 997.950968 credits.

✉️ Broadcasted transaction with:
  - transaction ID: 'at12qa5ms2fdm3n2wlahz0qdlpycxf6v4uc5h309jcvq0r28u74mgzsacsmpw'
  - fee ID: 'au1ku3mnyppu8ftnvw23fue62p5hq55th538v3628ut7tjp3uu30spq7zghgu'
  - fee transaction ID: 'at15l7mpepp2juv3yvjcz2gngstua5209rhvp8l6c5kpy8crxqkvy8qs6ugsk'
    (use this to check for rejected transactions)

🔄 Searching up to 12 blocks to confirm transaction (this may take several seconds)...
Explored 1 blocks.
Transaction accepted.
✅ Execution confirmed!
