

📢 Using the following consensus heights: 0,5,6,7,8,9,10,11,12,13,14,15,16,17,18,19,20,21,22
  To override, pass in `--consensus-heights` or override the environment variable `CONSENSUS_VERSION_HEIGHTS`.


🚀 Execution Plan Summary
──────────────────────────────────────────────
🔧 Configuration:
  Private Key:        APrivateKey1zkp8CZNn3yeC...
  Address:            aleo1rhgdu77hgyqd3xjj8uc...
  Endpoint:           http://127.0.0.1:50991
  Network:            testnet
  Consensus Version:  19

🎯 Execution Target:
  Program:        pwn_elastic_proposal.aleo
  Function:       cancel_commitment
  Source:         local

💸 Fee Info:
  Priority Fee:   0 μcredits
  Fee Record:     yes

⚙️ Actions:
  - A transaction will be generated, WITHOUT a proof.
  - Transaction will NOT be printed to the console.
  - Transaction will be saved to /Users/janm/Documents/projects-klients/PoC Aleo/artifacts/integration-private-fees/transactions/050-pwn_elastic_proposal.aleo-cancel_commitment
  - Transaction will be broadcast to http://127.0.0.1:50991
──────────────────────────────────────────────


➕Adding programs to the VM in the following order:
  - credits.aleo (already included)
  - token_registry.aleo (local)
  - pwn_config.aleo (local)
  - pwn_hub.aleo (local)
  - pwn_elastic_proposal.aleo (local)
  - pwn_loan.aleo (local)

⚙️ Generating transaction WITHOUT a proof for pwn_elastic_proposal.aleo/cancel_commitment...

📊 Execution Cost Summary for pwn_elastic_proposal.aleo
──────────────────────────────────────────────
💰 Cost Breakdown (credits)
  Transaction Storage:  0.003153
  On-chain Execution:   0.002063
  Priority Fee:         0.000000
  Total Fee:            0.005216
──────────────────────────────────────────────
💾 Saving execution for transaction at /Users/janm/Documents/projects-klients/PoC Aleo/artifacts/integration-private-fees/transactions/050-pwn_elastic_proposal.aleo-cancel_commitment/transaction.execution.json

➡️  Outputs

 • {
  owner: aleo1rhgdu77hgyqd3xjj8ucu3jj9r2krwz6mnzyd80gncr5fxcwlh5rsvzp9px.private,
  microcredits: 1000u64.private,
  _nonce: 552191415417552228711390195187773293420329660318255637019890737598555360748group.public,
  _version: 1u8.public
}
 • {
  program_id: pwn_elastic_proposal.aleo,
  function_name: cancel_commitment,
  arguments: [
    2field,
    5380065084390508464577298640385837892880839483657044025051913213221081534852field,
    1000u64,
    {
      program_id: credits.aleo,
      function_name: transfer_public_to_private,
      arguments: [
        aleo1u26eefy7w0fxep9wqq292vvf2vjc0hw94sxewdxhyrxc04mg8qysea2zkr,
        1000u64
      ]
    }
  
  ]
}

📡 Broadcasting execution for pwn_elastic_proposal.aleo...
✉️ Broadcasted transaction with:
  - transaction ID: 'at1fqun9yu4rgcfun2mhul70y49760ztpmdzw5cwpjquadvftkgug8q36jj8z'
  - fee ID: 'au105xue32wsjrzwt5zzxaw6wuct54p69cg6jyq4rrjhcjfz3lljcxqrmsvrz'
  - fee transaction ID: 'at1fa5dkvwn2q3r48jrrghyc5z852m80ec5zw7qnmk9ndwz00kxycpszhttxn'
    (use this to check for rejected transactions)

🔄 Searching up to 12 blocks to confirm transaction (this may take several seconds)...
Explored 1 blocks.
Transaction accepted.
✅ Execution confirmed!
