

📢 Using the following consensus heights: 0,5,6,7,8,9,10,11,12,13,14,15,16,17,18,19,20,21,22
  To override, pass in `--consensus-heights` or override the environment variable `CONSENSUS_VERSION_HEIGHTS`.


🚀 Execution Plan Summary
──────────────────────────────────────────────
🔧 Configuration:
  Private Key:        APrivateKey1zkp8CZNn3yeC...
  Address:            aleo1rhgdu77hgyqd3xjj8uc...
  Endpoint:           http://127.0.0.1:50991
  Network:            testnet
  Consensus Version:  19

🎯 Execution Target:
  Program:        token_registry.aleo
  Function:       mint_private
  Source:         local

💸 Fee Info:
  Priority Fee:   0 μcredits
  Fee Record:     no (public fee)

⚙️ Actions:
  - A transaction will be generated, WITHOUT a proof.
  - Transaction will NOT be printed to the console.
  - Transaction will be saved to /Users/janm/Documents/projects-klients/PoC Aleo/artifacts/integration-private-fees/transactions/073-token_registry.aleo-mint_private
  - Transaction will be broadcast to http://127.0.0.1:50991
──────────────────────────────────────────────


➕Adding programs to the VM in the following order:
  - credits.aleo (already included)
  - token_registry.aleo (local)
  - pwn_config.aleo (local)
  - pwn_hub.aleo (local)
  - pwn_elastic_proposal.aleo (local)
  - pwn_loan.aleo (local)

⚙️ Generating transaction WITHOUT a proof for token_registry.aleo/mint_private...

📊 Execution Cost Summary for token_registry.aleo
──────────────────────────────────────────────
💰 Cost Breakdown (credits)
  Transaction Storage:  0.002090
  On-chain Execution:   0.001936
  Priority Fee:         0.000000
  Total Fee:            0.004026
──────────────────────────────────────────────
💾 Saving execution for transaction at /Users/janm/Documents/projects-klients/PoC Aleo/artifacts/integration-private-fees/transactions/073-token_registry.aleo-mint_private/transaction.execution.json

➡️  Outputs

 • {
  owner: aleo16k6wjpe5snzfhzf07mfze8j8lyg6vgyfe25vu67ykpvu6mv6ng8q8p78ue.private,
  amount: 100000u128.private,
  token_id: 987654321field.private,
  external_authorization_required: false.private,
  authorized_until: 4294967295u32.private,
  _nonce: 7449336503334171832845901153247563156691188296195753565252179261817298696922group.public,
  _version: 1u8.public
}
 • {
  program_id: token_registry.aleo,
  function_name: mint_private,
  arguments: [
    987654321field,
    100000u128,
    false,
    4294967295u32,
    aleo1rhgdu77hgyqd3xjj8ucu3jj9r2krwz6mnzyd80gncr5fxcwlh5rsvzp9px,
    5881482511556734143299913091949552631184592859519038963985945120151781986071field
  ]
}

📡 Broadcasting execution for token_registry.aleo...
💰Your current public balance is 9371835.056166 credits.

✉️ Broadcasted transaction with:
  - transaction ID: 'at1gcx9v0zdfu854l63k372033wyqkdf5vhjv0yrhy32z8ydwymucqs8zjd5r'
  - fee ID: 'au1damsllgux9t83x5exf9cjhjsmgyyurrzezgqftekltjc2zgxxg8ssu547z'
  - fee transaction ID: 'at1y70yq50r70p0chag74pk5z90easnvsr5c6tvhagf5e6l47f30vps964xdt'
    (use this to check for rejected transactions)

🔄 Searching up to 12 blocks to confirm transaction (this may take several seconds)...
Explored 1 blocks.
Transaction accepted.
✅ Execution confirmed!
