

📢 Using the following consensus heights: 0,5,6,7,8,9,10,11,12,13,14,15,16,17,18,19,20,21,22
  To override, pass in `--consensus-heights` or override the environment variable `CONSENSUS_VERSION_HEIGHTS`.


🚀 Execution Plan Summary
──────────────────────────────────────────────
🔧 Configuration:
  Private Key:        APrivateKey1zkp2XGgViJG8...
  Address:            aleo13pnm0ru8knk2lv6zpp9...
  Endpoint:           http://127.0.0.1:50991
  Network:            testnet
  Consensus Version:  19

🎯 Execution Target:
  Program:        credits.aleo
  Function:       transfer_public_to_private
  Source:         local

💸 Fee Info:
  Priority Fee:   0 μcredits
  Fee Record:     no (public fee)

⚙️ Actions:
  - A transaction will be generated, WITHOUT a proof.
  - Transaction will NOT be printed to the console.
  - Transaction will be saved to /Users/janm/Documents/projects-klients/PoC Aleo/artifacts/integration-private-fees/transactions/075-credits.aleo-transfer_public_to_private
  - Transaction will be broadcast to http://127.0.0.1:50991
──────────────────────────────────────────────


➕Adding programs to the VM in the following order:
  - credits.aleo (already included)
  - token_registry.aleo (local)
  - pwn_config.aleo (local)
  - pwn_hub.aleo (local)
  - pwn_elastic_proposal.aleo (local)
  - pwn_loan.aleo (local)

⚙️ Generating transaction WITHOUT a proof for credits.aleo/transfer_public_to_private...

📊 Execution Cost Summary for credits.aleo
──────────────────────────────────────────────
💰 Cost Breakdown (credits)
  Transaction Storage:  0.001652
  On-chain Execution:   0.000652
  Priority Fee:         0.000000
  Total Fee:            0.002304
──────────────────────────────────────────────
💾 Saving execution for transaction at /Users/janm/Documents/projects-klients/PoC Aleo/artifacts/integration-private-fees/transactions/075-credits.aleo-transfer_public_to_private/transaction.execution.json

➡️  Outputs

 • {
  owner: aleo13pnm0ru8knk2lv6zpp9u95wkxhfpr4cw5xrldz5urefjnpfr0yzs0wkruu.private,
  microcredits: 1000000u64.private,
  _nonce: 7831147737270984301339456547165856126443556610148856218787690439477957953278group.public,
  _version: 1u8.public
}
 • {
  program_id: credits.aleo,
  function_name: transfer_public_to_private,
  arguments: [
    aleo13pnm0ru8knk2lv6zpp9u95wkxhfpr4cw5xrldz5urefjnpfr0yzs0wkruu,
    1000000u64
  ]
}

📡 Broadcasting execution for credits.aleo...
💰Your current public balance is 998.987801 credits.

✉️ Broadcasted transaction with:
  - transaction ID: 'at1g6538dglrp9v5uf4whyh2dcyz483gqr7awmmqf922thq42cvcypshrt4lp'
  - fee ID: 'au16s6sygk2ufr40gmy7hes9hff4jmt8am8v8hg2wy5t7368hjc4szsegyrku'
  - fee transaction ID: 'at1d6pxytsftteufggh3wtsyrmvftmzw0ux22yd5anjl7q0l3petgrqx9zxvz'
    (use this to check for rejected transactions)

🔄 Searching up to 12 blocks to confirm transaction (this may take several seconds)...
Explored 1 blocks.
Transaction accepted.
✅ Execution confirmed!
