

📢 Using the following consensus heights: 0,5,6,7,8,9,10,11,12,13,14,15,16,17,18,19,20,21,22
  To override, pass in `--consensus-heights` or override the environment variable `CONSENSUS_VERSION_HEIGHTS`.


🚀 Execution Plan Summary
──────────────────────────────────────────────
🔧 Configuration:
  Private Key:        APrivateKey1zkp8CZNn3yeC...
  Address:            aleo1rhgdu77hgyqd3xjj8uc...
  Endpoint:           http://127.0.0.1:49364
  Network:            testnet
  Consensus Version:  19

🎯 Execution Target:
  Program:        pwn_hub.aleo
  Function:       set_tag
  Source:         local

💸 Fee Info:
  Priority Fee:   0 μcredits
  Fee Record:     no (public fee)

⚙️ Actions:
  - A transaction will be generated, WITHOUT a proof.
  - Transaction will NOT be printed to the console.
  - Transaction will NOT be saved to a file.
  - Transaction will be broadcast to http://127.0.0.1:49364
──────────────────────────────────────────────


➕Adding programs to the VM in the following order:
  - credits.aleo (already included)
  - token_registry.aleo (local)
  - pwn_config.aleo (local)
  - pwn_hub.aleo (local)
  - pwn_elastic_proposal.aleo (local)
  - pwn_loan.aleo (local)

⚙️ Generating transaction WITHOUT a proof for pwn_hub.aleo/set_tag...

📊 Execution Cost Summary for pwn_hub.aleo
──────────────────────────────────────────────
💰 Cost Breakdown (credits)
  Transaction Storage:  0.001428
  On-chain Execution:   0.000612
  Priority Fee:         0.000000
  Total Fee:            0.002040
──────────────────────────────────────────────

➡️  Output

 • {
  program_id: pwn_hub.aleo,
  function_name: set_tag,
  arguments: [
    aleo1rhgdu77hgyqd3xjj8ucu3jj9r2krwz6mnzyd80gncr5fxcwlh5rsvzp9px,
    2591453716012702092681193114121394122338651389179742539139594451187170533420field,
    true
  ]
}

📡 Broadcasting execution for pwn_hub.aleo...
💰Your current public balance is 9373845.133019 credits.

✉️ Broadcasted transaction with:
  - transaction ID: 'at1ut4zfmkw8vdgve0fhgjrp0mjq8a97d277yxn247sj9v00tpqlsyq3ax2x2'
  - fee ID: 'au1qtkvsmu3keaffet8clyr8ewc7d6k7z56vtgawsmuu5uhqq9ghsgq5fuf5f'
  - fee transaction ID: 'at1m3x6fzl2v8av8yuw0298qypgs360fvhnqp4ae5jcupwfeuxz4c8qpu69sr'
    (use this to check for rejected transactions)

🔄 Searching up to 12 blocks to confirm transaction (this may take several seconds)...
Explored 1 blocks.
Transaction accepted.
✅ Execution confirmed!
