

📢 Using the following consensus heights: 0,5,6,7,8,9,10,11,12,13,14,15,16,17,18,19,20,21,22
  To override, pass in `--consensus-heights` or override the environment variable `CONSENSUS_VERSION_HEIGHTS`.


🚀 Execution Plan Summary
──────────────────────────────────────────────
🔧 Configuration:
  Private Key:        APrivateKey1zkp8CZNn3yeC...
  Address:            aleo1rhgdu77hgyqd3xjj8uc...
  Endpoint:           http://127.0.0.1:49364
  Network:            testnet
  Consensus Version:  19

🎯 Execution Target:
  Program:        pwn_hub.aleo
  Function:       set_tag
  Source:         local

💸 Fee Info:
  Priority Fee:   0 μcredits
  Fee Record:     no (public fee)

⚙️ Actions:
  - A transaction will be generated, WITHOUT a proof.
  - Transaction will NOT be printed to the console.
  - Transaction will NOT be saved to a file.
  - Transaction will be broadcast to http://127.0.0.1:49364
──────────────────────────────────────────────


➕Adding programs to the VM in the following order:
  - credits.aleo (already included)
  - token_registry.aleo (local)
  - pwn_config.aleo (local)
  - pwn_hub.aleo (local)
  - pwn_elastic_proposal.aleo (local)
  - pwn_loan.aleo (local)

⚙️ Generating transaction WITHOUT a proof for pwn_hub.aleo/set_tag...

📊 Execution Cost Summary for pwn_hub.aleo
──────────────────────────────────────────────
💰 Cost Breakdown (credits)
  Transaction Storage:  0.001428
  On-chain Execution:   0.000612
  Priority Fee:         0.000000
  Total Fee:            0.002040
──────────────────────────────────────────────

➡️  Output

 • {
  program_id: pwn_hub.aleo,
  function_name: set_tag,
  arguments: [
    aleo1rhgdu77hgyqd3xjj8ucu3jj9r2krwz6mnzyd80gncr5fxcwlh5rsvzp9px,
    2650460602570250523610827634152444483771374839891951654265244293823137975982field,
    true
  ]
}

📡 Broadcasting execution for pwn_hub.aleo...
💰Your current public balance is 9373845.131936 credits.

✉️ Broadcasted transaction with:
  - transaction ID: 'at1wnwfm7eyxtrqkql9v7y47xpq6qwa3vayuywzry26vk5edpfge59s5awnqr'
  - fee ID: 'au122gajd6s5jrdhuut38ccdsj8d3dj44fprls2wcu98rxr3gj2s5qs8hzwel'
  - fee transaction ID: 'at1alxdr8t9mnkdpw8lqc9zrpacnuq2pfqasay504ztsc69nedaacgqzp6884'
    (use this to check for rejected transactions)

🔄 Searching up to 12 blocks to confirm transaction (this may take several seconds)...
Explored 1 blocks.
Transaction accepted.
✅ Execution confirmed!
