

📢 Using the following consensus heights: 0,5,6,7,8,9,10,11,12,13,14,15,16,17,18,19,20,21,22
  To override, pass in `--consensus-heights` or override the environment variable `CONSENSUS_VERSION_HEIGHTS`.


🚀 Execution Plan Summary
──────────────────────────────────────────────
🔧 Configuration:
  Private Key:        APrivateKey1zkpGPDbTcP2r...
  Address:            aleo16k6wjpe5snzfhzf07mf...
  Endpoint:           http://127.0.0.1:49364
  Network:            testnet
  Consensus Version:  19

🎯 Execution Target:
  Program:        pwn_loan.aleo
  Function:       claim_default
  Source:         local

💸 Fee Info:
  Priority Fee:   0 μcredits
  Fee Record:     no (public fee)

⚙️ Actions:
  - A transaction will be generated, WITHOUT a proof.
  - Transaction will NOT be printed to the console.
  - Transaction will NOT be saved to a file.
  - Transaction will be broadcast to http://127.0.0.1:49364
──────────────────────────────────────────────


➕Adding programs to the VM in the following order:
  - credits.aleo (already included)
  - token_registry.aleo (local)
  - pwn_config.aleo (local)
  - pwn_hub.aleo (local)
  - pwn_elastic_proposal.aleo (local)
  - pwn_loan.aleo (local)

⚙️ Generating transaction WITHOUT a proof for pwn_loan.aleo/claim_default...

📊 Execution Cost Summary for pwn_loan.aleo
──────────────────────────────────────────────
💰 Cost Breakdown (credits)
  Transaction Storage:  0.003875
  On-chain Execution:   0.002309
  Priority Fee:         0.000000
  Total Fee:            0.006184
──────────────────────────────────────────────
Stack evaluation failed: Instruction (assert.eq r0.lender_auth r3;) at index 2 failed: 'assert.eq' failed: '7134663253364879438032568740649159329065438500937956886885468873760437635961field' is not equal to '251673585995087358529469097280506221473045358463080426189950050796663398205field' (should be equal)
