

📢 Using the following consensus heights: 0,5,6,7,8,9,10,11,12,13,14,15,16,17,18,19,20,21,22
  To override, pass in `--consensus-heights` or override the environment variable `CONSENSUS_VERSION_HEIGHTS`.


🚀 Execution Plan Summary
──────────────────────────────────────────────
🔧 Configuration:
  Private Key:        APrivateKey1zkpGPDbTcP2r...
  Address:            aleo16k6wjpe5snzfhzf07mf...
  Endpoint:           http://127.0.0.1:49364
  Network:            testnet
  Consensus Version:  19

🎯 Execution Target:
  Program:        pwn_hub.aleo
  Function:       set_tag
  Source:         local

💸 Fee Info:
  Priority Fee:   0 μcredits
  Fee Record:     no (public fee)

⚙️ Actions:
  - A transaction will be generated, WITHOUT a proof.
  - Transaction will NOT be printed to the console.
  - Transaction will NOT be saved to a file.
  - Transaction will be broadcast to http://127.0.0.1:49364
──────────────────────────────────────────────


➕Adding programs to the VM in the following order:
  - credits.aleo (already included)
  - token_registry.aleo (local)
  - pwn_config.aleo (local)
  - pwn_hub.aleo (local)
  - pwn_elastic_proposal.aleo (local)
  - pwn_loan.aleo (local)

⚙️ Generating transaction WITHOUT a proof for pwn_hub.aleo/set_tag...

📊 Execution Cost Summary for pwn_hub.aleo
──────────────────────────────────────────────
💰 Cost Breakdown (credits)
  Transaction Storage:  0.001428
  On-chain Execution:   0.000612
  Priority Fee:         0.000000
  Total Fee:            0.002040
──────────────────────────────────────────────

➡️  Output

 • {
  program_id: pwn_hub.aleo,
  function_name: set_tag,
  arguments: [
    aleo16k6wjpe5snzfhzf07mfze8j8lyg6vgyfe25vu67ykpvu6mv6ng8q8p78ue,
    2650460602570250523610827634152444483771374839891951654265244293823137975982field,
    false
  ]
}

📡 Broadcasting execution for pwn_hub.aleo...
💰Your current public balance is 999.959649 credits.

✉️ Broadcasted transaction with:
  - transaction ID: 'at1zdewtf5tvrc2d3eayg0ppxuhqg5v5w5680x2rmpul3nzqdfzcvgssfzhx8'
  - fee ID: 'au1f856drxj40pxmkeha4cf2wdgfx5usvnh8c3rgxxcg4q8g3rmdy8s7s923z'
  - fee transaction ID: 'at16yjjenfsffm57xj0v5t9ty7lsz9ap7pq0h78973d0xp46nlru5gswx9sct'
    (use this to check for rejected transactions)

🔄 Searching up to 12 blocks to confirm transaction (this may take several seconds)...
Explored 1 blocks.
Transaction rejected.
