

📢 Using the following consensus heights: 0,5,6,7,8,9,10,11,12,13,14,15,16,17,18,19,20,21,22
  To override, pass in `--consensus-heights` or override the environment variable `CONSENSUS_VERSION_HEIGHTS`.


🚀 Execution Plan Summary
──────────────────────────────────────────────
🔧 Configuration:
  Private Key:        APrivateKey1zkpGPDbTcP2r...
  Address:            aleo16k6wjpe5snzfhzf07mf...
  Endpoint:           http://127.0.0.1:64187
  Network:            testnet
  Consensus Version:  19

🎯 Execution Target:
  Program:        pwn_loan.aleo
  Function:       repay
  Source:         local

💸 Fee Info:
  Priority Fee:   0 μcredits
  Fee Record:     no (public fee)

⚙️ Actions:
  - A transaction will be generated, WITHOUT a proof.
  - Transaction will NOT be printed to the console.
  - Transaction will NOT be saved to a file.
  - Transaction will be broadcast to http://127.0.0.1:64187
──────────────────────────────────────────────


➕Adding programs to the VM in the following order:
  - credits.aleo (already included)
  - token_registry.aleo (local)
  - pwn_config.aleo (local)
  - pwn_hub.aleo (local)
  - pwn_elastic_proposal.aleo (local)
  - pwn_loan.aleo (local)

⚙️ Generating transaction WITHOUT a proof for pwn_loan.aleo/repay...

📊 Execution Cost Summary for pwn_loan.aleo
──────────────────────────────────────────────
💰 Cost Breakdown (credits)
  Transaction Storage:  0.009414
  On-chain Execution:   0.003654
  Priority Fee:         0.000000
  Total Fee:            0.013068
──────────────────────────────────────────────

➡️  Outputs

 • {
  owner: aleo16k6wjpe5snzfhzf07mfze8j8lyg6vgyfe25vu67ykpvu6mv6ng8q8p78ue.private,
  microcredits: 60u64.private,
  _nonce: 1594367851623346476662023187020025096147251710720532670340727235317561869829group.public,
  _version: 1u8.public
}
 • {
  owner: aleo16k6wjpe5snzfhzf07mfze8j8lyg6vgyfe25vu67ykpvu6mv6ng8q8p78ue.private,
  amount: 600u128.private,
  token_id: 987654321field.private,
  external_authorization_required: false.private,
  authorized_until: 4294967295u32.private,
  _nonce: 2773086418538075937278932678536141027125215185129283335836608775025689603539group.public,
  _version: 1u8.public
}
 • {
  program_id: pwn_loan.aleo,
  function_name: repay,
  arguments: [
    {
  loan_id: 11field,
  commitment_id: 1field,
  credit_amount: 400u64,
  collateral_asset: 987654321field,
  collateral_amount: 600u128,
  repayment_amount: 440u64,
  borrower_auth: 6301662748114510120818015080756981986896207374424003128638128079134792756953field,
  lender_auth: 7134663253364879438032568740649159329065438500937956886885468873760437635961field
},
    1943120065577756612128184059421859725276923725128487943579675633664532543464field,
    {
      program_id: pwn_elastic_proposal.aleo,
      function_name: receive_repayment,
      arguments: [
        1field,
        440u64,
        {
          program_id: credits.aleo,
          function_name: transfer_private_to_public,
          arguments: [
            aleo1u26eefy7w0fxep9wqq292vvf2vjc0hw94sxewdxhyrxc04mg8qysea2zkr,
            440u64
          ]
        }
      
      ]
    },
    {
      program_id: token_registry.aleo,
      function_name: transfer_public_to_private,
      arguments: [
        987654321field,
        600u128,
        aleo1r3qt3tgecdh472wzu0x0lzrsh9qsjmh2s5t94exw7sr0l0y7vq8s4cx2f6,
        false,
        7785236584760618167812019533458563849883172283054908453279138603435459108777field
      ]
    }
  
  ]
}

📡 Broadcasting execution for pwn_loan.aleo...
💰Your current public balance is 999.965597 credits.

✉️ Broadcasted transaction with:
  - transaction ID: 'at1rf9ufn443yzgvmg328w6f5kdd3wgtl304zjyzzuxlywjkpj84uzq4nz3lp'
  - fee ID: 'au1pv85z272gclu49s2uvg43mpmds8d4rf5tu8u9sn4vymk0qj2k5zsxhmj90'
  - fee transaction ID: 'at15lqk0mvm8jg59wywe07eagqyhdzcnr3j54fnas99x3kj6y44wg8stcht8n'
    (use this to check for rejected transactions)

🔄 Searching up to 12 blocks to confirm transaction (this may take several seconds)...
Explored 1 blocks.
Transaction accepted.
✅ Execution confirmed!
