

📢 Using the following consensus heights: 0,5,6,7,8,9,10,11,12,13,14,15,16,17,18,19,20,21,22
  To override, pass in `--consensus-heights` or override the environment variable `CONSENSUS_VERSION_HEIGHTS`.


🚀 Execution Plan Summary
──────────────────────────────────────────────
🔧 Configuration:
  Private Key:        APrivateKey1zkp8CZNn3yeC...
  Address:            aleo1rhgdu77hgyqd3xjj8uc...
  Endpoint:           http://127.0.0.1:64187
  Network:            testnet
  Consensus Version:  19

🎯 Execution Target:
  Program:        pwn_elastic_proposal.aleo
  Function:       open_commitment
  Source:         local

💸 Fee Info:
  Priority Fee:   0 μcredits
  Fee Record:     no (public fee)

⚙️ Actions:
  - A transaction will be generated, WITHOUT a proof.
  - Transaction will NOT be printed to the console.
  - Transaction will NOT be saved to a file.
  - Transaction will be broadcast to http://127.0.0.1:64187
──────────────────────────────────────────────


➕Adding programs to the VM in the following order:
  - credits.aleo (already included)
  - token_registry.aleo (local)
  - pwn_config.aleo (local)
  - pwn_hub.aleo (local)
  - pwn_elastic_proposal.aleo (local)
  - pwn_loan.aleo (local)

⚙️ Generating transaction WITHOUT a proof for pwn_elastic_proposal.aleo/open_commitment...

📊 Execution Cost Summary for pwn_elastic_proposal.aleo
──────────────────────────────────────────────
💰 Cost Breakdown (credits)
  Transaction Storage:  0.004037
  On-chain Execution:   0.003306
  Priority Fee:         0.000000
  Total Fee:            0.007343
──────────────────────────────────────────────

➡️  Outputs

 • {
  owner: aleo1rhgdu77hgyqd3xjj8ucu3jj9r2krwz6mnzyd80gncr5fxcwlh5rsvzp9px.private,
  microcredits: 0u64.private,
  _nonce: 5047897090591709429870739241776860479392831618937303208909261983627396374128group.public,
  _version: 1u8.public
}
 • {
  program_id: pwn_elastic_proposal.aleo,
  function_name: open_commitment,
  arguments: [
    2591453716012702092681193114121394122338651389179742539139594451187170533420field,
    4field,
    {
  credit_asset: aleo1lqmly7ez2k48ajf5hs92ulphaqr05qm4n8qwzj8v0yprmasgpqgsez59gg,
  collateral_asset: 987654321field,
  min_draw: 100u64,
  max_draw: 600u64,
  collateral_ratio: 15000u64,
  repayment_ratio: 11000u64,
  duration: 3u32,
  expiry: 1062u32,
  lender_auth: 7134663253364879438032568740649159329065438500937956886885468873760437635961field
},
    3915225319810414069498674437844648657968742390982984545536573038844619758782field,
    1000u64,
    {
      program_id: credits.aleo,
      function_name: transfer_private_to_public,
      arguments: [
        aleo1u26eefy7w0fxep9wqq292vvf2vjc0hw94sxewdxhyrxc04mg8qysea2zkr,
        1000u64
      ]
    }
  
  ]
}

📡 Broadcasting execution for pwn_elastic_proposal.aleo...
💰Your current public balance is 9371845.06999 credits.

✉️ Broadcasted transaction with:
  - transaction ID: 'at1424u74tz3x9z0vy2zpa5m5mhrndw27ga70wqlcqp4se6q77ljq8sd3rdvz'
  - fee ID: 'au1qpn9cccqpvl09gk5tghau4764turjhatvyc9ar36jkkzyr746u9sgq0lnz'
  - fee transaction ID: 'at1kks9jauljs5uq3sqcjds7p97zdd7a2gfk2l3yh4dm72gqpsz5q8q5wn0kq'
    (use this to check for rejected transactions)

🔄 Searching up to 12 blocks to confirm transaction (this may take several seconds)...
Explored 1 blocks.
Transaction accepted.
✅ Execution confirmed!
