

📢 Using the following consensus heights: 0,5,6,7,8,9,10,11,12,13,14,15,16,17,18,19,20,21,22
  To override, pass in `--consensus-heights` or override the environment variable `CONSENSUS_VERSION_HEIGHTS`.


🚀 Execution Plan Summary
──────────────────────────────────────────────
🔧 Configuration:
  Private Key:        APrivateKey1zkpGPDbTcP2r...
  Address:            aleo16k6wjpe5snzfhzf07mf...
  Endpoint:           http://127.0.0.1:64187
  Network:            testnet
  Consensus Version:  19

🎯 Execution Target:
  Program:        pwn_loan.aleo
  Function:       repay
  Source:         local

💸 Fee Info:
  Priority Fee:   0 μcredits
  Fee Record:     no (public fee)

⚙️ Actions:
  - A transaction will be generated, WITHOUT a proof.
  - Transaction will NOT be printed to the console.
  - Transaction will NOT be saved to a file.
  - Transaction will be broadcast to http://127.0.0.1:64187
──────────────────────────────────────────────


➕Adding programs to the VM in the following order:
  - credits.aleo (already included)
  - token_registry.aleo (local)
  - pwn_config.aleo (local)
  - pwn_hub.aleo (local)
  - pwn_elastic_proposal.aleo (local)
  - pwn_loan.aleo (local)

⚙️ Generating transaction WITHOUT a proof for pwn_loan.aleo/repay...

📊 Execution Cost Summary for pwn_loan.aleo
──────────────────────────────────────────────
💰 Cost Breakdown (credits)
  Transaction Storage:  0.009414
  On-chain Execution:   0.003654
  Priority Fee:         0.000000
  Total Fee:            0.013068
──────────────────────────────────────────────

➡️  Outputs

 • {
  owner: aleo16k6wjpe5snzfhzf07mfze8j8lyg6vgyfe25vu67ykpvu6mv6ng8q8p78ue.private,
  microcredits: 390u64.private,
  _nonce: 3216175656347535055761207945208728928199501650615575877332059346137723408475group.public,
  _version: 1u8.public
}
 • {
  owner: aleo16k6wjpe5snzfhzf07mfze8j8lyg6vgyfe25vu67ykpvu6mv6ng8q8p78ue.private,
  amount: 150u128.private,
  token_id: 987654321field.private,
  external_authorization_required: false.private,
  authorized_until: 4294967295u32.private,
  _nonce: 2309246569830776449865582394249074708665070183024376653106485682719998432582group.public,
  _version: 1u8.public
}
 • {
  program_id: pwn_loan.aleo,
  function_name: repay,
  arguments: [
    {
  loan_id: 41field,
  commitment_id: 4field,
  credit_amount: 100u64,
  collateral_asset: 987654321field,
  collateral_amount: 150u128,
  repayment_amount: 110u64,
  borrower_auth: 6301662748114510120818015080756981986896207374424003128638128079134792756953field,
  lender_auth: 7134663253364879438032568740649159329065438500937956886885468873760437635961field
},
    2861654705470337649266230864227617370486703358928136853048332315092453726925field,
    {
      program_id: pwn_elastic_proposal.aleo,
      function_name: receive_repayment,
      arguments: [
        4field,
        110u64,
        {
          program_id: credits.aleo,
          function_name: transfer_private_to_public,
          arguments: [
            aleo1u26eefy7w0fxep9wqq292vvf2vjc0hw94sxewdxhyrxc04mg8qysea2zkr,
            110u64
          ]
        }
      
      ]
    },
    {
      program_id: token_registry.aleo,
      function_name: transfer_public_to_private,
      arguments: [
        987654321field,
        150u128,
        aleo1r3qt3tgecdh472wzu0x0lzrsh9qsjmh2s5t94exw7sr0l0y7vq8s4cx2f6,
        false,
        7785236584760618167812019533458563849883172283054908453279138603435459108777field
      ]
    }
  
  ]
}

📡 Broadcasting execution for pwn_loan.aleo...
💰Your current public balance is 999.915982 credits.

✉️ Broadcasted transaction with:
  - transaction ID: 'at1rwyxt2xnzxnr4452ef7x2z7nt9yad4jx5j2qwg98j70mh356dgysedfglk'
  - fee ID: 'au1exrffc5p6ful3vw98gv678rxuwfr65ljh7uvus2vwg2kuaqupvxsfrdl7c'
  - fee transaction ID: 'at10e7ywmf2n64a4w9y5l2y98zl5cx3cp3ss988295vjwpr9rh3rugqr5umdk'
    (use this to check for rejected transactions)

🔄 Searching up to 12 blocks to confirm transaction (this may take several seconds)...
Explored 1 blocks.
Transaction rejected.
