

📢 Using the following consensus heights: 0,5,6,7,8,9,10,11,12,13,14,15,16,17,18,19,20,21,22
  To override, pass in `--consensus-heights` or override the environment variable `CONSENSUS_VERSION_HEIGHTS`.


🚀 Execution Plan Summary
──────────────────────────────────────────────
🔧 Configuration:
  Private Key:        APrivateKey1zkp8CZNn3yeC...
  Address:            aleo1rhgdu77hgyqd3xjj8uc...
  Endpoint:           http://127.0.0.1:49364
  Network:            testnet
  Consensus Version:  19

🎯 Execution Target:
  Program:        pwn_elastic_proposal.aleo
  Function:       cancel_commitment
  Source:         local

💸 Fee Info:
  Priority Fee:   0 μcredits
  Fee Record:     no (public fee)

⚙️ Actions:
  - A transaction will be generated, WITHOUT a proof.
  - Transaction will NOT be printed to the console.
  - Transaction will NOT be saved to a file.
  - Transaction will be broadcast to http://127.0.0.1:49364
──────────────────────────────────────────────


➕Adding programs to the VM in the following order:
  - credits.aleo (already included)
  - token_registry.aleo (local)
  - pwn_config.aleo (local)
  - pwn_hub.aleo (local)
  - pwn_elastic_proposal.aleo (local)
  - pwn_loan.aleo (local)

⚙️ Generating transaction WITHOUT a proof for pwn_elastic_proposal.aleo/cancel_commitment...

📊 Execution Cost Summary for pwn_elastic_proposal.aleo
──────────────────────────────────────────────
💰 Cost Breakdown (credits)
  Transaction Storage:  0.003153
  On-chain Execution:   0.002063
  Priority Fee:         0.000000
  Total Fee:            0.005216
──────────────────────────────────────────────

➡️  Outputs

 • {
  owner: aleo1rhgdu77hgyqd3xjj8ucu3jj9r2krwz6mnzyd80gncr5fxcwlh5rsvzp9px.private,
  microcredits: 1000u64.private,
  _nonce: 7759118399016969992275571872607289662153689730136403340527161825266349412830group.public,
  _version: 1u8.public
}
 • {
  program_id: pwn_elastic_proposal.aleo,
  function_name: cancel_commitment,
  arguments: [
    3field,
    4870321639738032894305951940155616231993217841325774243516007369196421298876field,
    1000u64,
    {
      program_id: credits.aleo,
      function_name: transfer_public_to_private,
      arguments: [
        aleo1u26eefy7w0fxep9wqq292vvf2vjc0hw94sxewdxhyrxc04mg8qysea2zkr,
        1000u64
      ]
    }
  
  ]
}

📡 Broadcasting execution for pwn_elastic_proposal.aleo...
💰Your current public balance is 9371845.063349 credits.

✉️ Broadcasted transaction with:
  - transaction ID: 'at1xcxf3ka4dlndkxla4zqh2qdhyw95ycznakwpk84q799k2vcp758sjj4ez0'
  - fee ID: 'au1f56ah0a66nrt2xc07t776t8aqll9aax3u29qdz8ph9r9wqcvdvyq0yqs7r'
  - fee transaction ID: 'at1jvesqd00dyv3gzlvpsy9pnq7m967apxfkuh63zzjssulkwf6rygqqer267'
    (use this to check for rejected transactions)

🔄 Searching up to 12 blocks to confirm transaction (this may take several seconds)...
Explored 1 blocks.
Transaction accepted.
✅ Execution confirmed!
