./scripts/leo build --path pwn_loan --offline
⚠️ No network specified, defaulting to 'testnet'.
⚠️ No endpoint specified, defaulting to 'https://api.explorer.provable.com/v1'.

       Leo 🔨 Compiling 'pwn_loan.aleo'
       Leo     Program size: 4.41 KB / 2000.00 KB
       Leo ✅ Compiled 'pwn_loan.aleo' into Aleo instructions.
       Leo     Import 'pwn_config.aleo': program size: 1.13 KB / 2000.00 KB
       Leo     Import 'pwn_hub.aleo': program size: 0.79 KB / 2000.00 KB
       Leo     Import 'pwn_elastic_proposal.aleo': program size: 6.57 KB / 2000.00 KB
       Leo ✅ Generated ABI for program 'pwn_loan.aleo'.
./scripts/leo build --path custody_probe --offline
⚠️ No network specified, defaulting to 'testnet'.
⚠️ No endpoint specified, defaulting to 'https://api.explorer.provable.com/v1'.

       Leo 🔨 Compiling 'custody_probe.aleo'
       Leo     Program size: 0.96 KB / 2000.00 KB
       Leo ✅ Compiled 'custody_probe.aleo' into Aleo instructions.
       Leo ✅ Generated ABI for program 'custody_probe.aleo'.
./scripts/leo build --path usdcx_composition_probe --offline
⚠️ No network specified, defaulting to 'testnet'.
⚠️ No endpoint specified, defaulting to 'https://api.explorer.provable.com/v1'.

       Leo 🔨 Compiling 'usdcx_composition_probe.aleo'
       Leo     Program size: 1.67 KB / 2000.00 KB
       Leo ✅ Compiled 'usdcx_composition_probe.aleo' into Aleo instructions.
       Leo ✅ Generated ABI for program 'usdcx_composition_probe.aleo'.
