

📢 Using the following consensus heights: 0,5,6,7,8,9,10,11,12,13,14,15,16,17,18,19,20,21,22
  To override, pass in `--consensus-heights` or override the environment variable `CONSENSUS_VERSION_HEIGHTS`.


🚀 Execution Plan Summary
──────────────────────────────────────────────
🔧 Configuration:
  Private Key:        APrivateKey1zkp8CZNn3yeC...
  Address:            aleo1rhgdu77hgyqd3xjj8uc...
  Endpoint:           http://127.0.0.1:3030
  Network:            testnet
  Consensus Version:  19

🎯 Execution Target:
  Program:        credits.aleo
  Function:       transfer_public_to_private
  Source:         local

💸 Fee Info:
  Priority Fee:   0 μcredits
  Fee Record:     no (public fee)

⚙️ Actions:
  - A transaction will be generated, WITHOUT a proof.
  - Transaction will NOT be printed to the console.
  - Transaction will NOT be saved to a file.
  - Transaction will be broadcast to http://127.0.0.1:3030
──────────────────────────────────────────────


➕Adding programs to the VM in the following order:
  - credits.aleo (already included)
  - token_registry.aleo (local)
  - pwn_config.aleo (local)
  - pwn_hub.aleo (local)
  - pwn_elastic_proposal.aleo (local)
  - pwn_loan.aleo (local)

⚙️ Generating transaction WITHOUT a proof for credits.aleo/transfer_public_to_private...

📊 Execution Cost Summary for credits.aleo
──────────────────────────────────────────────
💰 Cost Breakdown (credits)
  Transaction Storage:  0.001652
  On-chain Execution:   0.000652
  Priority Fee:         0.000000
  Total Fee:            0.002304
──────────────────────────────────────────────

➡️  Outputs

 • {
  owner: aleo1rhgdu77hgyqd3xjj8ucu3jj9r2krwz6mnzyd80gncr5fxcwlh5rsvzp9px.private,
  microcredits: 100000u64.private,
  _nonce: 1860655192576945786991916578133341335211772073460929308342731447492526229323group.public,
  _version: 1u8.public
}
 • {
  program_id: credits.aleo,
  function_name: transfer_public_to_private,
  arguments: [
    aleo1rhgdu77hgyqd3xjj8ucu3jj9r2krwz6mnzyd80gncr5fxcwlh5rsvzp9px,
    100000u64
  ]
}

📡 Broadcasting execution for credits.aleo...
💰Your current public balance is 9373845.134188 credits.

✉️ Broadcasted transaction with:
  - transaction ID: 'at1mk5m3aktrqg64n0yzsu825g28zkq3zldc5dr42ampqdluszexyqsq4sacz'
  - fee ID: 'au1yn3vldmy47t7wu4e2lq0078pnw76n59mc6z9dxpjnnkwc46txsrqk99jt2'
  - fee transaction ID: 'at1urqv87k47pkn89ruwwv78huydfjac79ujayve2fmlqjn6equzvgsftn5tz'
    (use this to check for rejected transactions)

🔄 Searching up to 12 blocks to confirm transaction (this may take several seconds)...
Explored 1 blocks.
Transaction accepted.
✅ Execution confirmed!
