
       Leo 🔨 Compiling 'pwn_local_fixture.aleo'
[WCEI03713000] Warning: a call to `_mapping_get_or_use` runs after an interaction (`Final.run()`)
     ╭─[ /Users/janm/Documents/projects-klients/PoC Aleo/artifacts/multitoken/local-workspace/pwn_proposal_poc/src/main.leo:151:23 ]
     │
 151 │             assert_eq(credits.aleo::account.get_or_use(std::ctx::addr(), 0u64) as u128, before + amount);
     │ 
     │ Help: Move this check above the `.run()` call to avoid reentrancy issues.
     │ 
     │ Note: Under the Checks-Effects-Interactions pattern, all checks (reads, asserts) must precede any `.run()` calls in the same execution path.
─────╯

[WCEI03713000] Warning: a call to `_mapping_get_or_use` runs after an interaction (`Final.run()`)
     ╭─[ /Users/janm/Documents/projects-klients/PoC Aleo/artifacts/multitoken/local-workspace/pwn_proposal_poc/src/main.leo:168:23 ]
     │
 168 │             assert_eq(credits.aleo::account.get_or_use(std::ctx::addr(), 0u64) as u128, before - amount);
     │ 
     │ Help: Move this check above the `.run()` call to avoid reentrancy issues.
     │ 
     │ Note: Under the Checks-Effects-Interactions pattern, all checks (reads, asserts) must precede any `.run()` calls in the same execution path.
─────╯

[WCEI03713000] Warning: a call to `_mapping_get_or_use` runs after an interaction (`Final.run()`)
     ╭─[ /Users/janm/Documents/projects-klients/PoC Aleo/artifacts/multitoken/local-workspace/pwn_proposal_poc/src/main.leo:180:23 ]
     │
 180 │             assert_eq(credits.aleo::account.get_or_use(std::ctx::addr(), 0u64) as u128, before + amount);
     │ 
     │ Help: Move this check above the `.run()` call to avoid reentrancy issues.
     │ 
     │ Note: Under the Checks-Effects-Interactions pattern, all checks (reads, asserts) must precede any `.run()` calls in the same execution path.
─────╯

[WCEI03713000] Warning: a call to `_mapping_get_or_use` runs after an interaction (`Final.run()`)
     ╭─[ /Users/janm/Documents/projects-klients/PoC Aleo/artifacts/multitoken/local-workspace/pwn_proposal_poc/src/main.leo:197:23 ]
     │
 197 │             assert_eq(credits.aleo::account.get_or_use(std::ctx::addr(), 0u64) as u128, before - amount);
     │ 
     │ Help: Move this check above the `.run()` call to avoid reentrancy issues.
     │ 
     │ Note: Under the Checks-Effects-Interactions pattern, all checks (reads, asserts) must precede any `.run()` calls in the same execution path.
─────╯

[WCEI03713000] Warning: a call to `_mapping_get_or_use` runs after an interaction (`Final.run()`)
     ╭─[ /Users/janm/Documents/projects-klients/PoC Aleo/artifacts/multitoken/local-workspace/pwn_proposal_poc/src/main.leo:214:23 ]
     │
 214 │             assert_eq(credits.aleo::account.get_or_use(std::ctx::addr(), 0u64) as u128, before - amount);
     │ 
     │ Help: Move this check above the `.run()` call to avoid reentrancy issues.
     │ 
     │ Note: Under the Checks-Effects-Interactions pattern, all checks (reads, asserts) must precede any `.run()` calls in the same execution path.
─────╯

[WCEI03713000] Warning: a `get_or_use` call on dynamic storage runs after an interaction (`Final.run()`)
     ╭─[ /Users/janm/Documents/projects-klients/PoC Aleo/artifacts/multitoken/local-workspace/pwn_proposal_poc/src/main.leo:233:23 ]
     │
 233 │             assert_eq(Reserves@(terms.credit_asset.program_id)::balances.get_or_use(std::ctx::addr(), 0u128), before + amount);
     │ 
     │ Help: Move this check above the `.run()` call to avoid reentrancy issues.
     │ 
     │ Note: Under the Checks-Effects-Interactions pattern, all checks (reads, asserts) must precede any `.run()` calls in the same execution path.
─────╯

[WCEI03713000] Warning: a `get_or_use` call on dynamic storage runs after an interaction (`Final.run()`)
     ╭─[ /Users/janm/Documents/projects-klients/PoC Aleo/artifacts/multitoken/local-workspace/pwn_proposal_poc/src/main.leo:250:23 ]
     │
 250 │             assert_eq(Reserves@(terms.credit_asset.program_id)::balances.get_or_use(std::ctx::addr(), 0u128), before - amount);
     │ 
     │ Help: Move this check above the `.run()` call to avoid reentrancy issues.
     │ 
     │ Note: Under the Checks-Effects-Interactions pattern, all checks (reads, asserts) must precede any `.run()` calls in the same execution path.
─────╯

[WCEI03713000] Warning: a `get_or_use` call on dynamic storage runs after an interaction (`Final.run()`)
     ╭─[ /Users/janm/Documents/projects-klients/PoC Aleo/artifacts/multitoken/local-workspace/pwn_proposal_poc/src/main.leo:262:23 ]
     │
 262 │             assert_eq(Reserves@(asset.program_id)::balances.get_or_use(std::ctx::addr(), 0u128), before + amount);
     │ 
     │ Help: Move this check above the `.run()` call to avoid reentrancy issues.
     │ 
     │ Note: Under the Checks-Effects-Interactions pattern, all checks (reads, asserts) must precede any `.run()` calls in the same execution path.
─────╯

[WCEI03713000] Warning: a `get_or_use` call on dynamic storage runs after an interaction (`Final.run()`)
     ╭─[ /Users/janm/Documents/projects-klients/PoC Aleo/artifacts/multitoken/local-workspace/pwn_proposal_poc/src/main.leo:279:23 ]
     │
 279 │             assert_eq(Reserves@(terms.credit_asset.program_id)::balances.get_or_use(std::ctx::addr(), 0u128), before - amount);
     │ 
     │ Help: Move this check above the `.run()` call to avoid reentrancy issues.
     │ 
     │ Note: Under the Checks-Effects-Interactions pattern, all checks (reads, asserts) must precede any `.run()` calls in the same execution path.
─────╯

[WCEI03713000] Warning: a `get_or_use` call on dynamic storage runs after an interaction (`Final.run()`)
     ╭─[ /Users/janm/Documents/projects-klients/PoC Aleo/artifacts/multitoken/local-workspace/pwn_proposal_poc/src/main.leo:296:23 ]
     │
 296 │             assert_eq(Reserves@(terms.credit_asset.program_id)::balances.get_or_use(std::ctx::addr(), 0u128), before - amount);
     │ 
     │ Help: Move this check above the `.run()` call to avoid reentrancy issues.
     │ 
     │ Note: Under the Checks-Effects-Interactions pattern, all checks (reads, asserts) must precede any `.run()` calls in the same execution path.
─────╯

[WCEI03713000] Warning: a `get_or_use` call on dynamic storage runs after an interaction (`Final.run()`)
     ╭─[ /Users/janm/Documents/projects-klients/PoC Aleo/artifacts/multitoken/local-workspace/pwn_proposal_poc/src/main.leo:315:23 ]
     │
 315 │             assert_eq(Reserves@(terms.credit_asset.program_id)::balances.get_or_use(std::ctx::addr(), 0u128), before + amount);
     │ 
     │ Help: Move this check above the `.run()` call to avoid reentrancy issues.
     │ 
     │ Note: Under the Checks-Effects-Interactions pattern, all checks (reads, asserts) must precede any `.run()` calls in the same execution path.
─────╯

[WCEI03713000] Warning: a `get_or_use` call on dynamic storage runs after an interaction (`Final.run()`)
     ╭─[ /Users/janm/Documents/projects-klients/PoC Aleo/artifacts/multitoken/local-workspace/pwn_proposal_poc/src/main.leo:332:23 ]
     │
 332 │             assert_eq(Reserves@(terms.credit_asset.program_id)::balances.get_or_use(std::ctx::addr(), 0u128), before - amount);
     │ 
     │ Help: Move this check above the `.run()` call to avoid reentrancy issues.
     │ 
     │ Note: Under the Checks-Effects-Interactions pattern, all checks (reads, asserts) must precede any `.run()` calls in the same execution path.
─────╯

[WCEI03713000] Warning: a `get_or_use` call on dynamic storage runs after an interaction (`Final.run()`)
     ╭─[ /Users/janm/Documents/projects-klients/PoC Aleo/artifacts/multitoken/local-workspace/pwn_proposal_poc/src/main.leo:344:23 ]
     │
 344 │             assert_eq(Reserves@(asset.program_id)::balances.get_or_use(std::ctx::addr(), 0u128), before + amount);
     │ 
     │ Help: Move this check above the `.run()` call to avoid reentrancy issues.
     │ 
     │ Note: Under the Checks-Effects-Interactions pattern, all checks (reads, asserts) must precede any `.run()` calls in the same execution path.
─────╯

[WCEI03713000] Warning: a `get_or_use` call on dynamic storage runs after an interaction (`Final.run()`)
     ╭─[ /Users/janm/Documents/projects-klients/PoC Aleo/artifacts/multitoken/local-workspace/pwn_proposal_poc/src/main.leo:361:23 ]
     │
 361 │             assert_eq(Reserves@(terms.credit_asset.program_id)::balances.get_or_use(std::ctx::addr(), 0u128), before - amount);
     │ 
     │ Help: Move this check above the `.run()` call to avoid reentrancy issues.
     │ 
     │ Note: Under the Checks-Effects-Interactions pattern, all checks (reads, asserts) must precede any `.run()` calls in the same execution path.
─────╯

[WCEI03713000] Warning: a `get_or_use` call on dynamic storage runs after an interaction (`Final.run()`)
     ╭─[ /Users/janm/Documents/projects-klients/PoC Aleo/artifacts/multitoken/local-workspace/pwn_proposal_poc/src/main.leo:378:23 ]
     │
 378 │             assert_eq(Reserves@(terms.credit_asset.program_id)::balances.get_or_use(std::ctx::addr(), 0u128), before - amount);
     │ 
     │ Help: Move this check above the `.run()` call to avoid reentrancy issues.
     │ 
     │ Note: Under the Checks-Effects-Interactions pattern, all checks (reads, asserts) must precede any `.run()` calls in the same execution path.
─────╯

[WCEI03713000] Warning: a call to `_mapping_get_or_use` runs after an interaction (`Final.run()`)
     ╭─[ /Users/janm/Documents/projects-klients/PoC Aleo/artifacts/multitoken/local-workspace/pwn_loan_poc/src/main.leo:126:23 ]
     │
 126 │             assert_eq(credits.aleo::account.get_or_use(std::ctx::addr(), 0u64) as u128, before + collateral_amount);
     │ 
     │ Help: Move this check above the `.run()` call to avoid reentrancy issues.
     │ 
     │ Note: Under the Checks-Effects-Interactions pattern, all checks (reads, asserts) must precede any `.run()` calls in the same execution path.
─────╯

[WCEI03713000] Warning: a call to `_mapping_get_or_use` runs after an interaction (`Final.run()`)
     ╭─[ /Users/janm/Documents/projects-klients/PoC Aleo/artifacts/multitoken/local-workspace/pwn_loan_poc/src/main.leo:141:23 ]
     │
 141 │             assert_eq(credits.aleo::account.get_or_use(std::ctx::addr(), 0u64) as u128, before - witness.collateral_amount);
     │ 
     │ Help: Move this check above the `.run()` call to avoid reentrancy issues.
     │ 
     │ Note: Under the Checks-Effects-Interactions pattern, all checks (reads, asserts) must precede any `.run()` calls in the same execution path.
─────╯

[WCEI03713000] Warning: a `get_or_use` call on dynamic storage runs after an interaction (`Final.run()`)
     ╭─[ /Users/janm/Documents/projects-klients/PoC Aleo/artifacts/multitoken/local-workspace/pwn_loan_poc/src/main.leo:160:23 ]
     │
 160 │             assert_eq(Reserves@(witness.collateral_asset.program_id)::balances.get_or_use(std::ctx::addr(), 0u128), before + collateral_amount);
     │ 
     │ Help: Move this check above the `.run()` call to avoid reentrancy issues.
     │ 
     │ Note: Under the Checks-Effects-Interactions pattern, all checks (reads, asserts) must precede any `.run()` calls in the same execution path.
─────╯

[WCEI03713000] Warning: a `get_or_use` call on dynamic storage runs after an interaction (`Final.run()`)
     ╭─[ /Users/janm/Documents/projects-klients/PoC Aleo/artifacts/multitoken/local-workspace/pwn_loan_poc/src/main.leo:175:23 ]
     │
 175 │             assert_eq(Reserves@(witness.collateral_asset.program_id)::balances.get_or_use(std::ctx::addr(), 0u128), before - witness.collateral_amount);
     │ 
     │ Help: Move this check above the `.run()` call to avoid reentrancy issues.
     │ 
     │ Note: Under the Checks-Effects-Interactions pattern, all checks (reads, asserts) must precede any `.run()` calls in the same execution path.
─────╯

[WCEI03713000] Warning: a `get_or_use` call on dynamic storage runs after an interaction (`Final.run()`)
     ╭─[ /Users/janm/Documents/projects-klients/PoC Aleo/artifacts/multitoken/local-workspace/pwn_loan_poc/src/main.leo:194:23 ]
     │
 194 │             assert_eq(Reserves@(witness.collateral_asset.program_id)::balances.get_or_use(std::ctx::addr(), 0u128), before + collateral_amount);
     │ 
     │ Help: Move this check above the `.run()` call to avoid reentrancy issues.
     │ 
     │ Note: Under the Checks-Effects-Interactions pattern, all checks (reads, asserts) must precede any `.run()` calls in the same execution path.
─────╯

[WCEI03713000] Warning: a `get_or_use` call on dynamic storage runs after an interaction (`Final.run()`)
     ╭─[ /Users/janm/Documents/projects-klients/PoC Aleo/artifacts/multitoken/local-workspace/pwn_loan_poc/src/main.leo:209:23 ]
     │
 209 │             assert_eq(Reserves@(witness.collateral_asset.program_id)::balances.get_or_use(std::ctx::addr(), 0u128), before - witness.collateral_amount);
     │ 
     │ Help: Move this check above the `.run()` call to avoid reentrancy issues.
     │ 
     │ Note: Under the Checks-Effects-Interactions pattern, all checks (reads, asserts) must precede any `.run()` calls in the same execution path.
─────╯

[WCEI03713000] Warning: a call to `_mapping_get_or_use` runs after an interaction (`Final.run()`)
     ╭─[ /Users/janm/Documents/projects-klients/PoC Aleo/artifacts/multitoken/local-workspace/pwn_loan_poc/src/main.leo:228:23 ]
     │
 228 │             assert_eq(credits.aleo::account.get_or_use(std::ctx::addr(), 0u64) as u128, before + collateral_amount);
     │ 
     │ Help: Move this check above the `.run()` call to avoid reentrancy issues.
     │ 
     │ Note: Under the Checks-Effects-Interactions pattern, all checks (reads, asserts) must precede any `.run()` calls in the same execution path.
─────╯

[WCEI03713000] Warning: a call to `_mapping_get_or_use` runs after an interaction (`Final.run()`)
     ╭─[ /Users/janm/Documents/projects-klients/PoC Aleo/artifacts/multitoken/local-workspace/pwn_loan_poc/src/main.leo:243:23 ]
     │
 243 │             assert_eq(credits.aleo::account.get_or_use(std::ctx::addr(), 0u64) as u128, before - witness.collateral_amount);
     │ 
     │ Help: Move this check above the `.run()` call to avoid reentrancy issues.
     │ 
     │ Note: Under the Checks-Effects-Interactions pattern, all checks (reads, asserts) must precede any `.run()` calls in the same execution path.
─────╯

[WCEI03713000] Warning: a `get_or_use` call on dynamic storage runs after an interaction (`Final.run()`)
     ╭─[ /Users/janm/Documents/projects-klients/PoC Aleo/artifacts/multitoken/local-workspace/pwn_loan_poc/src/main.leo:262:23 ]
     │
 262 │             assert_eq(Reserves@(witness.collateral_asset.program_id)::balances.get_or_use(std::ctx::addr(), 0u128), before + collateral_amount);
     │ 
     │ Help: Move this check above the `.run()` call to avoid reentrancy issues.
     │ 
     │ Note: Under the Checks-Effects-Interactions pattern, all checks (reads, asserts) must precede any `.run()` calls in the same execution path.
─────╯

[WCEI03713000] Warning: a `get_or_use` call on dynamic storage runs after an interaction (`Final.run()`)
     ╭─[ /Users/janm/Documents/projects-klients/PoC Aleo/artifacts/multitoken/local-workspace/pwn_loan_poc/src/main.leo:277:23 ]
     │
 277 │             assert_eq(Reserves@(witness.collateral_asset.program_id)::balances.get_or_use(std::ctx::addr(), 0u128), before - witness.collateral_amount);
     │ 
     │ Help: Move this check above the `.run()` call to avoid reentrancy issues.
     │ 
     │ Note: Under the Checks-Effects-Interactions pattern, all checks (reads, asserts) must precede any `.run()` calls in the same execution path.
─────╯

[WCEI03713000] Warning: a `get_or_use` call on dynamic storage runs after an interaction (`Final.run()`)
     ╭─[ /Users/janm/Documents/projects-klients/PoC Aleo/artifacts/multitoken/local-workspace/pwn_loan_poc/src/main.leo:296:23 ]
     │
 296 │             assert_eq(Reserves@(witness.collateral_asset.program_id)::balances.get_or_use(std::ctx::addr(), 0u128), before + collateral_amount);
     │ 
     │ Help: Move this check above the `.run()` call to avoid reentrancy issues.
     │ 
     │ Note: Under the Checks-Effects-Interactions pattern, all checks (reads, asserts) must precede any `.run()` calls in the same execution path.
─────╯

[WCEI03713000] Warning: a `get_or_use` call on dynamic storage runs after an interaction (`Final.run()`)
     ╭─[ /Users/janm/Documents/projects-klients/PoC Aleo/artifacts/multitoken/local-workspace/pwn_loan_poc/src/main.leo:311:23 ]
     │
 311 │             assert_eq(Reserves@(witness.collateral_asset.program_id)::balances.get_or_use(std::ctx::addr(), 0u128), before - witness.collateral_amount);
     │ 
     │ Help: Move this check above the `.run()` call to avoid reentrancy issues.
     │ 
     │ Note: Under the Checks-Effects-Interactions pattern, all checks (reads, asserts) must precede any `.run()` calls in the same execution path.
─────╯

[WCEI03713000] Warning: a call to `_mapping_get_or_use` runs after an interaction (`Final.run()`)
     ╭─[ /Users/janm/Documents/projects-klients/PoC Aleo/artifacts/multitoken/local-workspace/pwn_loan_poc/src/main.leo:330:23 ]
     │
 330 │             assert_eq(credits.aleo::account.get_or_use(std::ctx::addr(), 0u64) as u128, before + collateral_amount);
     │ 
     │ Help: Move this check above the `.run()` call to avoid reentrancy issues.
     │ 
     │ Note: Under the Checks-Effects-Interactions pattern, all checks (reads, asserts) must precede any `.run()` calls in the same execution path.
─────╯

[WCEI03713000] Warning: a call to `_mapping_get_or_use` runs after an interaction (`Final.run()`)
     ╭─[ /Users/janm/Documents/projects-klients/PoC Aleo/artifacts/multitoken/local-workspace/pwn_loan_poc/src/main.leo:345:23 ]
     │
 345 │             assert_eq(credits.aleo::account.get_or_use(std::ctx::addr(), 0u64) as u128, before - witness.collateral_amount);
     │ 
     │ Help: Move this check above the `.run()` call to avoid reentrancy issues.
     │ 
     │ Note: Under the Checks-Effects-Interactions pattern, all checks (reads, asserts) must precede any `.run()` calls in the same execution path.
─────╯

[WCEI03713000] Warning: a `get_or_use` call on dynamic storage runs after an interaction (`Final.run()`)
     ╭─[ /Users/janm/Documents/projects-klients/PoC Aleo/artifacts/multitoken/local-workspace/pwn_loan_poc/src/main.leo:364:23 ]
     │
 364 │             assert_eq(Reserves@(witness.collateral_asset.program_id)::balances.get_or_use(std::ctx::addr(), 0u128), before + collateral_amount);
     │ 
     │ Help: Move this check above the `.run()` call to avoid reentrancy issues.
     │ 
     │ Note: Under the Checks-Effects-Interactions pattern, all checks (reads, asserts) must precede any `.run()` calls in the same execution path.
─────╯

[WCEI03713000] Warning: a `get_or_use` call on dynamic storage runs after an interaction (`Final.run()`)
     ╭─[ /Users/janm/Documents/projects-klients/PoC Aleo/artifacts/multitoken/local-workspace/pwn_loan_poc/src/main.leo:379:23 ]
     │
 379 │             assert_eq(Reserves@(witness.collateral_asset.program_id)::balances.get_or_use(std::ctx::addr(), 0u128), before - witness.collateral_amount);
     │ 
     │ Help: Move this check above the `.run()` call to avoid reentrancy issues.
     │ 
     │ Note: Under the Checks-Effects-Interactions pattern, all checks (reads, asserts) must precede any `.run()` calls in the same execution path.
─────╯

[WCEI03713000] Warning: a `get_or_use` call on dynamic storage runs after an interaction (`Final.run()`)
     ╭─[ /Users/janm/Documents/projects-klients/PoC Aleo/artifacts/multitoken/local-workspace/pwn_loan_poc/src/main.leo:398:23 ]
     │
 398 │             assert_eq(Reserves@(witness.collateral_asset.program_id)::balances.get_or_use(std::ctx::addr(), 0u128), before + collateral_amount);
     │ 
     │ Help: Move this check above the `.run()` call to avoid reentrancy issues.
     │ 
     │ Note: Under the Checks-Effects-Interactions pattern, all checks (reads, asserts) must precede any `.run()` calls in the same execution path.
─────╯

[WCEI03713000] Warning: a `get_or_use` call on dynamic storage runs after an interaction (`Final.run()`)
     ╭─[ /Users/janm/Documents/projects-klients/PoC Aleo/artifacts/multitoken/local-workspace/pwn_loan_poc/src/main.leo:413:23 ]
     │
 413 │             assert_eq(Reserves@(witness.collateral_asset.program_id)::balances.get_or_use(std::ctx::addr(), 0u128), before - witness.collateral_amount);
     │ 
     │ Help: Move this check above the `.run()` call to avoid reentrancy issues.
     │ 
     │ Note: Under the Checks-Effects-Interactions pattern, all checks (reads, asserts) must precede any `.run()` calls in the same execution path.
─────╯

[WCEI03713000] Warning: a call to `_mapping_get_or_use` runs after an interaction (`Final.run()`)
     ╭─[ /Users/janm/Documents/projects-klients/PoC Aleo/artifacts/multitoken/local-workspace/pwn_loan_poc/src/main.leo:427:23 ]
     │
 427 │             assert_eq(credits.aleo::account.get_or_use(std::ctx::addr(), 0u64) as u128, before - witness.collateral_amount);
     │ 
     │ Help: Move this check above the `.run()` call to avoid reentrancy issues.
     │ 
     │ Note: Under the Checks-Effects-Interactions pattern, all checks (reads, asserts) must precede any `.run()` calls in the same execution path.
─────╯

[WCEI03713000] Warning: a `get_or_use` call on dynamic storage runs after an interaction (`Final.run()`)
     ╭─[ /Users/janm/Documents/projects-klients/PoC Aleo/artifacts/multitoken/local-workspace/pwn_loan_poc/src/main.leo:441:23 ]
     │
 441 │             assert_eq(Reserves@(witness.collateral_asset.program_id)::balances.get_or_use(std::ctx::addr(), 0u128), before - witness.collateral_amount);
     │ 
     │ Help: Move this check above the `.run()` call to avoid reentrancy issues.
     │ 
     │ Note: Under the Checks-Effects-Interactions pattern, all checks (reads, asserts) must precede any `.run()` calls in the same execution path.
─────╯

[WCEI03713000] Warning: a `get_or_use` call on dynamic storage runs after an interaction (`Final.run()`)
     ╭─[ /Users/janm/Documents/projects-klients/PoC Aleo/artifacts/multitoken/local-workspace/pwn_loan_poc/src/main.leo:455:23 ]
     │
 455 │             assert_eq(Reserves@(witness.collateral_asset.program_id)::balances.get_or_use(std::ctx::addr(), 0u128), before - witness.collateral_amount);
     │ 
     │ Help: Move this check above the `.run()` call to avoid reentrancy issues.
     │ 
     │ Note: Under the Checks-Effects-Interactions pattern, all checks (reads, asserts) must precede any `.run()` calls in the same execution path.
─────╯

       Leo     Program size: 2.62 KB / 2000.00 KB
       Leo ✅ Compiled 'pwn_local_fixture.aleo' into Aleo instructions.
       Leo     Import 'pwn_delta_token.aleo': program size: 1.75 KB / 2000.00 KB
       Leo     Import 'pwn_config_poc.aleo': program size: 3.22 KB / 2000.00 KB
       Leo     Import 'pwn_hub_poc.aleo': program size: 2.66 KB / 2000.00 KB
       Leo     Import 'pwn_proposal_poc.aleo': program size: 33.65 KB / 2000.00 KB
       Leo     Import 'pwn_loan_poc.aleo': program size: 51.12 KB / 2000.00 KB
       Leo ✅ Generated ABI for program 'pwn_local_fixture.aleo'.

📢 Using the following consensus heights: 0,5,6,7,8,9,10,11,12,13,14,15,16,17,18,19,20,21,22
  To override, pass in `--consensus-heights` or override the environment variable `CONSENSUS_VERSION_HEIGHTS`.


🛠️  Deployment Plan Summary
──────────────────────────────────────────────
🔧 Configuration:
  Private Key:        APrivateKey1zkp8CZNn3yeC...
  Address:            aleo1rhgdu77hgyqd3xjj8uc...
  Endpoint:           http://127.0.0.1:59301
  Network:            testnet
  Consensus Version:  19

📦 Deployment Tasks:
  • merkle_tree.aleo  │ priority fee: 0  │ fee record: no (public fee)
  • arc20_multisig_core.aleo  │ priority fee: 0  │ fee record: no (public fee)
  • arc20_sol.aleo  │ priority fee: 0  │ fee record: no (public fee)
  • arc20_wbtc.aleo  │ priority fee: 0  │ fee record: no (public fee)
  • usdcx_multisig_core.aleo  │ priority fee: 0  │ fee record: no (public fee)
  • usdcx_freezelist.aleo  │ priority fee: 0  │ fee record: no (public fee)
  • usdcx_stablecoin.aleo  │ priority fee: 0  │ fee record: no (public fee)
  • usad_multisig_core.aleo  │ priority fee: 0  │ fee record: no (public fee)
  • usad_freezelist.aleo  │ priority fee: 0  │ fee record: no (public fee)
  • usad_stablecoin.aleo  │ priority fee: 0  │ fee record: no (public fee)
  • pwn_delta_token.aleo  │ priority fee: 0  │ fee record: no (public fee)
  • pwn_config_poc.aleo  │ priority fee: 0  │ fee record: no (public fee)
  • pwn_hub_poc.aleo  │ priority fee: 0  │ fee record: no (public fee)
  • pwn_proposal_poc.aleo  │ priority fee: 0  │ fee record: no (public fee)
  • pwn_loan_poc.aleo  │ priority fee: 0  │ fee record: no (public fee)
  • pwn_local_fixture.aleo  │ priority fee: 0  │ fee record: no (public fee)

🚫 Skipped Programs:
  • credits.aleo

⚙️ Actions:
  • Transaction(s) will NOT be printed to the console.
  • Transaction(s) will NOT be saved to a file.
  • Transaction(s) will be broadcast to http://127.0.0.1:59301

⚠️ Warnings:
  • The program 'credits.aleo' already exists on the network. Please use `leo upgrade` instead.
  • The program 'credits.aleo' does not contain a constructor. The deployment will likely fail
──────────────────────────────────────────────


🔧 Your program 'merkle_tree.aleo' has the following constructor.
──────────────────────────────────────────────
constructor:
    assert.eq edition 0u16;
──────────────────────────────────────────────
Once it is deployed, it CANNOT be changed.

📦 Creating deployment transaction for 'merkle_tree.aleo'...

⚠️  Skipping deployment certificate and verifier key generation as per user request.


📊 Deployment Summary for merkle_tree.aleo
──────────────────────────────────────────────
  Program Size:         15.22 KB / 2000.00 KB
💰 Cost Breakdown (credits)
  Transaction Storage:  10.494000
  Program Synthesis:    0.095586
  Namespace:            1.000000
  Constructor:          0.002000
  Priority Fee:         0.000000
  Total Fee:            11.591586
  Function 'verify_non_inclusion'
    Total Execution Cost:   0.002709
    |- Storage Cost:        0.002709
    |- Finalize Cost:       0.000000
──────────────────────────────────────────────

🔧 Your program 'arc20_multisig_core.aleo' has the following constructor.
──────────────────────────────────────────────
constructor:
    gt edition 0u16 into r0;
    branch.eq r0 false to end_then_0_0;
    contains program_settings_map[true] into r1;
    assert.eq r1 true;
    get program_settings_map[true] into r2;
    assert.eq r2.allow_upgrades true;
    assert.eq program_owner r2.upgrader_address;
    branch.eq true true to end_otherwise_0_1;
    position end_then_0_0;
    position end_otherwise_0_1;
──────────────────────────────────────────────
Once it is deployed, it CANNOT be changed.

📦 Creating deployment transaction for 'arc20_multisig_core.aleo'...

⚠️  Skipping deployment certificate and verifier key generation as per user request.


📊 Deployment Summary for arc20_multisig_core.aleo
──────────────────────────────────────────────
  Program Size:         38.31 KB / 2000.00 KB
💰 Cost Breakdown (credits)
  Transaction Storage:  34.304000
  Program Synthesis:    1.338204
  Namespace:            1.000000
  Constructor:          0.024880
  Priority Fee:         0.000000
  Total Fee:            36.667084
  Function 'init'
    Total Execution Cost:   0.002273
    |- Storage Cost:        0.001469
    |- Finalize Cost:       0.000804
  Function 'disallow_upgrades'
    Total Execution Cost:   0.002126
    |- Storage Cost:        0.001282
    |- Finalize Cost:       0.000844
  Function 'set_upgrader_address'
    Total Execution Cost:   0.002290
    |- Storage Cost:        0.001426
    |- Finalize Cost:       0.000864
  Function 'create_wallet'
    Total Execution Cost:   0.025058
    |- Storage Cost:        0.003186
    |- Finalize Cost:       0.021872
  Function 'initiate_signing_op'
    Total Execution Cost:   0.010052
    |- Storage Cost:        0.001651
    |- Finalize Cost:       0.008401
  Function 'sign'
    Total Execution Cost:   0.010199
    |- Storage Cost:        0.001470
    |- Finalize Cost:       0.008729
  Function 'sign_for_round'
    Total Execution Cost:   0.010350
    |- Storage Cost:        0.001541
    |- Finalize Cost:       0.008809
  Function 'sign_ecdsa'
    Total Execution Cost:   0.023385
    |- Storage Cost:        0.002681
    |- Finalize Cost:       0.020704
  Function 'sign_ecdsa_for_round'
    Total Execution Cost:   0.023536
    |- Storage Cost:        0.002752
    |- Finalize Cost:       0.020784
  Function 'init_admin_op'
    Total Execution Cost:   0.010380
    |- Storage Cost:        0.002118
    |- Finalize Cost:       0.008262
  Function 'exec_admin_op'
    Total Execution Cost:   0.018765
    |- Storage Cost:        0.001929
    |- Finalize Cost:       0.016836
  Function 'get_signing_op_id_hash'
    Total Execution Cost:   0.001409
    |- Storage Cost:        0.001409
    |- Finalize Cost:       0.000000
  Function 'guarded_create_wallet_op_hash'
    Total Execution Cost:   0.002161
    |- Storage Cost:        0.002161
    |- Finalize Cost:       0.000000
  Function 'assert_signing_completed'
    Total Execution Cost:   0.004667
    |- Storage Cost:        0.001472
    |- Finalize Cost:       0.003195
──────────────────────────────────────────────

🔧 Your program 'arc20_sol.aleo' has the following constructor.
──────────────────────────────────────────────
constructor:
    cast 61u8 159u8 3u8 215u8 96u8 144u8 14u8 107u8 28u8 185u8 132u8 93u8 240u8 41u8 185u8 98u8 59u8 228u8 145u8 252u8 47u8 61u8 169u8 89u8 220u8 145u8 35u8 43u8 185u8 212u8 203u8 112u8 into r0 as [u8; 32u32];
    assert.eq name/checksum r0;
    cast 173u8 218u8 35u8 221u8 212u8 91u8 120u8 219u8 132u8 140u8 19u8 254u8 254u8 25u8 236u8 112u8 198u8 78u8 201u8 44u8 232u8 48u8 135u8 17u8 169u8 213u8 42u8 36u8 15u8 231u8 104u8 244u8 into r1 as [u8; 32u32];
    assert.eq symbol/checksum r1;
    cast 16u8 182u8 204u8 42u8 138u8 98u8 10u8 66u8 245u8 211u8 153u8 203u8 96u8 208u8 143u8 236u8 80u8 88u8 65u8 126u8 163u8 246u8 221u8 93u8 156u8 97u8 74u8 221u8 204u8 71u8 215u8 236u8 into r2 as [u8; 32u32];
    assert.eq decimals/checksum r2;
    cast 205u8 178u8 247u8 132u8 253u8 223u8 249u8 127u8 47u8 226u8 176u8 159u8 28u8 113u8 162u8 63u8 192u8 245u8 28u8 142u8 229u8 97u8 243u8 122u8 9u8 163u8 70u8 84u8 253u8 150u8 63u8 127u8 into r3 as [u8; 32u32];
    assert.eq max_supply/checksum r3;
    is.eq edition 0u16 into r4;
    branch.eq r4 false to end_then_0_0;
    set 8u16 into address_to_role[aleo1rhgdu77hgyqd3xjj8ucu3jj9r2krwz6mnzyd80gncr5fxcwlh5rsvzp9px];
    set 4u16 into address_to_role[aleo126h6shw93wegf2fajnux390sfl8r89rym2wwrkge3al43z5mku8shkzk3t];
    set 0u128 into token_supply__[false];
    branch.eq true true to end_otherwise_0_1;
    position end_then_0_0;
    position end_otherwise_0_1;
    gt edition 0u16 into r5;
    branch.eq r5 false to end_then_0_2;
    cast checksum edition into r6 as ChecksumEdition;
    hash.bhp256 r6 into r7 as field;
    cast arc20_sol.aleo r7 into r8 as arc20_multisig_core.aleo/WalletSigningOpId;
    hash.bhp256 r8 into r9 as field;
    contains arc20_multisig_core.aleo/completed_signing_ops[r9] into r10;
    assert.eq r10 true;
    branch.eq true true to end_otherwise_0_3;
    position end_then_0_2;
    position end_otherwise_0_3;
──────────────────────────────────────────────
Once it is deployed, it CANNOT be changed.

📦 Creating deployment transaction for 'arc20_sol.aleo'...

⚠️  Skipping deployment certificate and verifier key generation as per user request.


📊 Deployment Summary for arc20_sol.aleo
──────────────────────────────────────────────
  Program Size:         15.35 KB / 2000.00 KB
💰 Cost Breakdown (credits)
  Transaction Storage:  23.254000
  Program Synthesis:    1.911720
  Namespace:            10.000000
  Constructor:          0.786480
  Priority Fee:         0.000000
  Total Fee:            35.952200
  Function 'approve_public'
    Total Execution Cost:   0.002084
    |- Storage Cost:        0.001400
    |- Finalize Cost:       0.000684
  Function 'unapprove_public'
    Total Execution Cost:   0.002128
    |- Storage Cost:        0.001404
    |- Finalize Cost:       0.000724
  Function 'transfer_public'
    Total Execution Cost:   0.002849
    |- Storage Cost:        0.001440
    |- Finalize Cost:       0.001409
  Function 'transfer_public_as_signer'
    Total Execution Cost:   0.002869
    |- Storage Cost:        0.001460
    |- Finalize Cost:       0.001409
  Function 'transfer_private'
    Total Execution Cost:   0.002298
    |- Storage Cost:        0.002298
    |- Finalize Cost:       0.000000
  Function 'transfer_private_to_public'
    Total Execution Cost:   0.002872
    |- Storage Cost:        0.002188
    |- Finalize Cost:       0.000684
  Function 'transfer_public_to_private'
    Total Execution Cost:   0.002390
    |- Storage Cost:        0.001666
    |- Finalize Cost:       0.000724
  Function 'transfer_from_public'
    Total Execution Cost:   0.003691
    |- Storage Cost:        0.001557
    |- Finalize Cost:       0.002134
  Function 'transfer_from_public_to_private'
    Total Execution Cost:   0.003232
    |- Storage Cost:        0.001783
    |- Finalize Cost:       0.001449
  Function 'shield'
    Total Execution Cost:   0.002250
    |- Storage Cost:        0.001526
    |- Finalize Cost:       0.000724
  Function 'unshield'
    Total Execution Cost:   0.002782
    |- Storage Cost:        0.002098
    |- Finalize Cost:       0.000684
  Function 'join'
    Total Execution Cost:   0.002116
    |- Storage Cost:        0.002116
    |- Finalize Cost:       0.000000
  Function 'split'
    Total Execution Cost:   0.002187
    |- Storage Cost:        0.002187
    |- Finalize Cost:       0.000000
  Function 'mint_public'
    Total Execution Cost:   0.003234
    |- Storage Cost:        0.001432
    |- Finalize Cost:       0.001802
  Function 'mint_private'
    Total Execution Cost:   0.002771
    |- Storage Cost:        0.001653
    |- Finalize Cost:       0.001118
  Function 'burn_public'
    Total Execution Cost:   0.003274
    |- Storage Cost:        0.001432
    |- Finalize Cost:       0.001842
  Function 'burn_private'
    Total Execution Cost:   0.003224
    |- Storage Cost:        0.002106
    |- Finalize Cost:       0.001118
  Function 'update_role'
    Total Execution Cost:   0.002229
    |- Storage Cost:        0.001433
    |- Finalize Cost:       0.000796
  Function 'set_pause_status'
    Total Execution Cost:   0.001845
    |- Storage Cost:        0.001305
    |- Finalize Cost:       0.000540
──────────────────────────────────────────────

🔧 Your program 'arc20_wbtc.aleo' has the following constructor.
──────────────────────────────────────────────
constructor:
    cast 57u8 36u8 75u8 31u8 136u8 141u8 100u8 91u8 76u8 96u8 163u8 184u8 180u8 154u8 171u8 70u8 102u8 59u8 48u8 116u8 130u8 175u8 150u8 42u8 138u8 100u8 84u8 82u8 22u8 215u8 165u8 66u8 into r0 as [u8; 32u32];
    assert.eq name/checksum r0;
    cast 234u8 150u8 141u8 108u8 50u8 214u8 193u8 166u8 240u8 5u8 230u8 225u8 74u8 232u8 15u8 99u8 73u8 134u8 223u8 223u8 148u8 170u8 203u8 136u8 70u8 30u8 186u8 54u8 199u8 66u8 79u8 101u8 into r1 as [u8; 32u32];
    assert.eq symbol/checksum r1;
    cast 253u8 167u8 73u8 192u8 206u8 60u8 95u8 61u8 123u8 55u8 219u8 240u8 169u8 153u8 102u8 140u8 5u8 39u8 44u8 93u8 165u8 45u8 44u8 138u8 190u8 58u8 115u8 213u8 182u8 134u8 73u8 99u8 into r2 as [u8; 32u32];
    assert.eq decimals/checksum r2;
    cast 205u8 178u8 247u8 132u8 253u8 223u8 249u8 127u8 47u8 226u8 176u8 159u8 28u8 113u8 162u8 63u8 192u8 245u8 28u8 142u8 229u8 97u8 243u8 122u8 9u8 163u8 70u8 84u8 253u8 150u8 63u8 127u8 into r3 as [u8; 32u32];
    assert.eq max_supply/checksum r3;
    is.eq edition 0u16 into r4;
    branch.eq r4 false to end_then_0_0;
    set 8u16 into address_to_role[aleo1rhgdu77hgyqd3xjj8ucu3jj9r2krwz6mnzyd80gncr5fxcwlh5rsvzp9px];
    set 4u16 into address_to_role[aleo126h6shw93wegf2fajnux390sfl8r89rym2wwrkge3al43z5mku8shkzk3t];
    set 0u128 into token_supply__[false];
    branch.eq true true to end_otherwise_0_1;
    position end_then_0_0;
    position end_otherwise_0_1;
    gt edition 0u16 into r5;
    branch.eq r5 false to end_then_0_2;
    cast checksum edition into r6 as ChecksumEdition;
    hash.bhp256 r6 into r7 as field;
    cast arc20_wbtc.aleo r7 into r8 as arc20_multisig_core.aleo/WalletSigningOpId;
    hash.bhp256 r8 into r9 as field;
    contains arc20_multisig_core.aleo/completed_signing_ops[r9] into r10;
    assert.eq r10 true;
    branch.eq true true to end_otherwise_0_3;
    position end_then_0_2;
    position end_otherwise_0_3;
──────────────────────────────────────────────
Once it is deployed, it CANNOT be changed.

📦 Creating deployment transaction for 'arc20_wbtc.aleo'...

⚠️  Skipping deployment certificate and verifier key generation as per user request.


📊 Deployment Summary for arc20_wbtc.aleo
──────────────────────────────────────────────
  Program Size:         15.37 KB / 2000.00 KB
💰 Cost Breakdown (credits)
  Transaction Storage:  23.281000
  Program Synthesis:    1.911720
  Namespace:            1.000000
  Constructor:          0.786480
  Priority Fee:         0.000000
  Total Fee:            26.979200
  Function 'approve_public'
    Total Execution Cost:   0.002086
    |- Storage Cost:        0.001402
    |- Finalize Cost:       0.000684
  Function 'unapprove_public'
    Total Execution Cost:   0.002130
    |- Storage Cost:        0.001406
    |- Finalize Cost:       0.000724
  Function 'transfer_public'
    Total Execution Cost:   0.002851
    |- Storage Cost:        0.001442
    |- Finalize Cost:       0.001409
  Function 'transfer_public_as_signer'
    Total Execution Cost:   0.002871
    |- Storage Cost:        0.001462
    |- Finalize Cost:       0.001409
  Function 'transfer_private'
    Total Execution Cost:   0.002299
    |- Storage Cost:        0.002299
    |- Finalize Cost:       0.000000
  Function 'transfer_private_to_public'
    Total Execution Cost:   0.002874
    |- Storage Cost:        0.002190
    |- Finalize Cost:       0.000684
  Function 'transfer_public_to_private'
    Total Execution Cost:   0.002392
    |- Storage Cost:        0.001668
    |- Finalize Cost:       0.000724
  Function 'transfer_from_public'
    Total Execution Cost:   0.003693
    |- Storage Cost:        0.001559
    |- Finalize Cost:       0.002134
  Function 'transfer_from_public_to_private'
    Total Execution Cost:   0.003234
    |- Storage Cost:        0.001785
    |- Finalize Cost:       0.001449
  Function 'shield'
    Total Execution Cost:   0.002252
    |- Storage Cost:        0.001528
    |- Finalize Cost:       0.000724
  Function 'unshield'
    Total Execution Cost:   0.002784
    |- Storage Cost:        0.002100
    |- Finalize Cost:       0.000684
  Function 'join'
    Total Execution Cost:   0.002117
    |- Storage Cost:        0.002117
    |- Finalize Cost:       0.000000
  Function 'split'
    Total Execution Cost:   0.002188
    |- Storage Cost:        0.002188
    |- Finalize Cost:       0.000000
  Function 'mint_public'
    Total Execution Cost:   0.003236
    |- Storage Cost:        0.001434
    |- Finalize Cost:       0.001802
  Function 'mint_private'
    Total Execution Cost:   0.002773
    |- Storage Cost:        0.001655
    |- Finalize Cost:       0.001118
  Function 'burn_public'
    Total Execution Cost:   0.003276
    |- Storage Cost:        0.001434
    |- Finalize Cost:       0.001842
  Function 'burn_private'
    Total Execution Cost:   0.003226
    |- Storage Cost:        0.002108
    |- Finalize Cost:       0.001118
  Function 'update_role'
    Total Execution Cost:   0.002231
    |- Storage Cost:        0.001435
    |- Finalize Cost:       0.000796
  Function 'set_pause_status'
    Total Execution Cost:   0.001847
    |- Storage Cost:        0.001307
    |- Finalize Cost:       0.000540
──────────────────────────────────────────────

🔧 Your program 'usdcx_multisig_core.aleo' has the following constructor.
──────────────────────────────────────────────
constructor:
    is.eq edition 0u16 into r0;
    branch.eq r0 false to end_then_0_50;
    assert.eq program_owner aleo1rhgdu77hgyqd3xjj8ucu3jj9r2krwz6mnzyd80gncr5fxcwlh5rsvzp9px;
    branch.eq true true to end_otherwise_0_51;
    position end_then_0_50;
    contains program_settings_map[true] into r1;
    assert.eq r1 true;
    get program_settings_map[true] into r2;
    assert.eq r2.allow_upgrades true;
    assert.eq program_owner r2.upgrader_address;
    position end_otherwise_0_51;
──────────────────────────────────────────────
Once it is deployed, it CANNOT be changed.

📦 Creating deployment transaction for 'usdcx_multisig_core.aleo'...

⚠️  Skipping deployment certificate and verifier key generation as per user request.


📊 Deployment Summary for usdcx_multisig_core.aleo
──────────────────────────────────────────────
  Program Size:         39.10 KB / 2000.00 KB
💰 Cost Breakdown (credits)
  Transaction Storage:  34.760000
  Program Synthesis:    1.338204
  Namespace:            1.000000
  Constructor:          0.026880
  Priority Fee:         0.000000
  Total Fee:            37.125084
  Function 'init'
    Total Execution Cost:   0.002273
    |- Storage Cost:        0.001469
    |- Finalize Cost:       0.000804
  Function 'disallow_upgrades'
    Total Execution Cost:   0.002126
    |- Storage Cost:        0.001282
    |- Finalize Cost:       0.000844
  Function 'set_upgrader_address'
    Total Execution Cost:   0.002290
    |- Storage Cost:        0.001426
    |- Finalize Cost:       0.000864
  Function 'create_wallet'
    Total Execution Cost:   0.025078
    |- Storage Cost:        0.003186
    |- Finalize Cost:       0.021892
  Function 'initiate_signing_op'
    Total Execution Cost:   0.010132
    |- Storage Cost:        0.001870
    |- Finalize Cost:       0.008262
  Function 'sign'
    Total Execution Cost:   0.010289
    |- Storage Cost:        0.001480
    |- Finalize Cost:       0.008809
  Function 'sign_for_round'
    Total Execution Cost:   0.010350
    |- Storage Cost:        0.001541
    |- Finalize Cost:       0.008809
  Function 'sign_ecdsa'
    Total Execution Cost:   0.023475
    |- Storage Cost:        0.002691
    |- Finalize Cost:       0.020784
  Function 'sign_ecdsa_for_round'
    Total Execution Cost:   0.023536
    |- Storage Cost:        0.002752
    |- Finalize Cost:       0.020784
  Function 'init_admin_op'
    Total Execution Cost:   0.010380
    |- Storage Cost:        0.002118
    |- Finalize Cost:       0.008262
  Function 'exec_admin_op'
    Total Execution Cost:   0.018765
    |- Storage Cost:        0.001929
    |- Finalize Cost:       0.016836
  Function 'get_signing_op_id_hash'
    Total Execution Cost:   0.001409
    |- Storage Cost:        0.001409
    |- Finalize Cost:       0.000000
  Function 'guarded_create_wallet_op_hash'
    Total Execution Cost:   0.002161
    |- Storage Cost:        0.002161
    |- Finalize Cost:       0.000000
  Function 'assert_signing_completed'
    Total Execution Cost:   0.004667
    |- Storage Cost:        0.001472
    |- Finalize Cost:       0.003195
──────────────────────────────────────────────

🔧 Your program 'usdcx_freezelist.aleo' has the following constructor.
──────────────────────────────────────────────
constructor:
    is.eq edition 0u16 into r0;
    branch.eq r0 false to end_then_0_8;
    assert.eq program_owner aleo1rhgdu77hgyqd3xjj8ucu3jj9r2krwz6mnzyd80gncr5fxcwlh5rsvzp9px;
    branch.eq true true to end_otherwise_0_9;
    position end_then_0_8;
    cast checksum edition into r1 as ChecksumEdition;
    hash.bhp256 r1 into r2 as field;
    cast usdcx_freezelist.aleo r2 into r3 as WalletSigningOpId;
    hash.bhp256 r3 into r4 as field;
    contains usdcx_multisig_core.aleo/completed_signing_ops[r4] into r5;
    assert.eq r5 true;
    position end_otherwise_0_9;
──────────────────────────────────────────────
Once it is deployed, it CANNOT be changed.

📦 Creating deployment transaction for 'usdcx_freezelist.aleo'...

⚠️  Skipping deployment certificate and verifier key generation as per user request.


📊 Deployment Summary for usdcx_freezelist.aleo
──────────────────────────────────────────────
  Program Size:         6.67 KB / 2000.00 KB
💰 Cost Breakdown (credits)
  Transaction Storage:  8.807000
  Program Synthesis:    0.669102
  Namespace:            1.000000
  Constructor:          0.596320
  Priority Fee:         0.000000
  Total Fee:            11.072422
  Function 'get_signing_op_id_for_deploy'
    Total Execution Cost:   0.001602
    |- Storage Cost:        0.001602
    |- Finalize Cost:       0.000000
  Function 'initialize'
    Total Execution Cost:   0.004504
    |- Storage Cost:        0.001420
    |- Finalize Cost:       0.003084
  Function 'update_role'
    Total Execution Cost:   0.002243
    |- Storage Cost:        0.001447
    |- Finalize Cost:       0.000796
  Function 'update_block_height_window'
    Total Execution Cost:   0.001897
    |- Storage Cost:        0.001345
    |- Finalize Cost:       0.000552
  Function 'update_freeze_list'
    Total Execution Cost:   0.005863
    |- Storage Cost:        0.001695
    |- Finalize Cost:       0.004168
  Function 'verify_non_inclusion_pub'
    Total Execution Cost:   0.001451
    |- Storage Cost:        0.001359
    |- Finalize Cost:       0.000092
  Function 'verify_non_inclusion_priv'
    Total Execution Cost:   0.005334
    |- Storage Cost:        0.004945
    |- Finalize Cost:       0.000389
──────────────────────────────────────────────

🔧 Your program 'usdcx_stablecoin.aleo' has the following constructor.
──────────────────────────────────────────────
constructor:
    is.eq edition 0u16 into r0;
    branch.eq r0 false to end_then_0_10;
    assert.eq program_owner aleo1rhgdu77hgyqd3xjj8ucu3jj9r2krwz6mnzyd80gncr5fxcwlh5rsvzp9px;
    branch.eq true true to end_otherwise_0_11;
    position end_then_0_10;
    cast checksum edition into r1 as ChecksumEdition;
    hash.bhp256 r1 into r2 as field;
    cast usdcx_stablecoin.aleo r2 into r3 as WalletSigningOpId;
    hash.bhp256 r3 into r4 as field;
    contains usdcx_multisig_core.aleo/completed_signing_ops[r4] into r5;
    assert.eq r5 true;
    position end_otherwise_0_11;
──────────────────────────────────────────────
Once it is deployed, it CANNOT be changed.

📦 Creating deployment transaction for 'usdcx_stablecoin.aleo'...

⚠️  Skipping deployment certificate and verifier key generation as per user request.


📊 Deployment Summary for usdcx_stablecoin.aleo
──────────────────────────────────────────────
  Program Size:         74.57 KB / 2000.00 KB
💰 Cost Breakdown (credits)
  Transaction Storage:  69.509000
  Program Synthesis:    2.294064
  Namespace:            1.000000
  Constructor:          0.596320
  Priority Fee:         0.000000
  Total Fee:            73.399384
  Function 'get_signing_op_id_for_deploy'
    Total Execution Cost:   0.001602
    |- Storage Cost:        0.001602
    |- Finalize Cost:       0.000000
  Function 'update_role'
    Total Execution Cost:   0.002243
    |- Storage Cost:        0.001447
    |- Finalize Cost:       0.000796
  Function 'initialize'
    Total Execution Cost:   0.003497
    |- Storage Cost:        0.001639
    |- Finalize Cost:       0.001858
  Function 'get_credentials'
    Total Execution Cost:   0.003262
    |- Storage Cost:        0.002873
    |- Finalize Cost:       0.000389
  Function 'mint_public'
    Total Execution Cost:   0.003278
    |- Storage Cost:        0.001446
    |- Finalize Cost:       0.001832
  Function 'mint_private'
    Total Execution Cost:   0.003165
    |- Storage Cost:        0.002018
    |- Finalize Cost:       0.001147
  Function 'burn_public'
    Total Execution Cost:   0.003238
    |- Storage Cost:        0.001446
    |- Finalize Cost:       0.001792
  Function 'burn_private'
    Total Execution Cost:   0.003578
    |- Storage Cost:        0.002471
    |- Finalize Cost:       0.001107
  Function 'transfer_public'
    Total Execution Cost:   0.003089
    |- Storage Cost:        0.001454
    |- Finalize Cost:       0.001635
  Function 'transfer_public_as_signer'
    Total Execution Cost:   0.003109
    |- Storage Cost:        0.001474
    |- Finalize Cost:       0.001635
  Function 'approve_public'
    Total Execution Cost:   0.002179
    |- Storage Cost:        0.001414
    |- Finalize Cost:       0.000765
  Function 'unapprove_public'
    Total Execution Cost:   0.002183
    |- Storage Cost:        0.001418
    |- Finalize Cost:       0.000765
  Function 'transfer_from_public'
    Total Execution Cost:   0.003891
    |- Storage Cost:        0.001571
    |- Finalize Cost:       0.002320
  Function 'transfer_public_to_private'
    Total Execution Cost:   0.002904
    |- Storage Cost:        0.002046
    |- Finalize Cost:       0.000858
  Function 'transfer_from_public_to_private'
    Total Execution Cost:   0.003705
    |- Storage Cost:        0.002163
    |- Finalize Cost:       0.001542
  Function 'transfer_private'
    Total Execution Cost:   0.004601
    |- Storage Cost:        0.004131
    |- Finalize Cost:       0.000470
  Function 'transfer_private_to_public'
    Total Execution Cost:   0.005201
    |- Storage Cost:        0.003954
    |- Finalize Cost:       0.001247
  Function 'set_pause_status'
    Total Execution Cost:   0.001889
    |- Storage Cost:        0.001349
    |- Finalize Cost:       0.000540
  Function 'join'
    Total Execution Cost:   0.002123
    |- Storage Cost:        0.002123
    |- Finalize Cost:       0.000000
  Function 'split'
    Total Execution Cost:   0.002194
    |- Storage Cost:        0.002194
    |- Finalize Cost:       0.000000
  Function 'transfer_private_with_creds'
    Total Execution Cost:   0.003737
    |- Storage Cost:        0.003267
    |- Finalize Cost:       0.000470
──────────────────────────────────────────────

🔧 Your program 'usad_multisig_core.aleo' has the following constructor.
──────────────────────────────────────────────
constructor:
    is.eq edition 0u16 into r0;
    branch.eq r0 false to end_then_0_50;
    assert.eq program_owner aleo1rhgdu77hgyqd3xjj8ucu3jj9r2krwz6mnzyd80gncr5fxcwlh5rsvzp9px;
    branch.eq true true to end_otherwise_0_51;
    position end_then_0_50;
    contains program_settings_map[true] into r1;
    assert.eq r1 true;
    get program_settings_map[true] into r2;
    assert.eq r2.allow_upgrades true;
    assert.eq program_owner r2.upgrader_address;
    position end_otherwise_0_51;
──────────────────────────────────────────────
Once it is deployed, it CANNOT be changed.

📦 Creating deployment transaction for 'usad_multisig_core.aleo'...

⚠️  Skipping deployment certificate and verifier key generation as per user request.


📊 Deployment Summary for usad_multisig_core.aleo
──────────────────────────────────────────────
  Program Size:         39.09 KB / 2000.00 KB
💰 Cost Breakdown (credits)
  Transaction Storage:  34.744000
  Program Synthesis:    1.338204
  Namespace:            1.000000
  Constructor:          0.026880
  Priority Fee:         0.000000
  Total Fee:            37.109084
  Function 'init'
    Total Execution Cost:   0.002271
    |- Storage Cost:        0.001467
    |- Finalize Cost:       0.000804
  Function 'disallow_upgrades'
    Total Execution Cost:   0.002124
    |- Storage Cost:        0.001280
    |- Finalize Cost:       0.000844
  Function 'set_upgrader_address'
    Total Execution Cost:   0.002288
    |- Storage Cost:        0.001424
    |- Finalize Cost:       0.000864
  Function 'create_wallet'
    Total Execution Cost:   0.025076
    |- Storage Cost:        0.003184
    |- Finalize Cost:       0.021892
  Function 'initiate_signing_op'
    Total Execution Cost:   0.010130
    |- Storage Cost:        0.001868
    |- Finalize Cost:       0.008262
  Function 'sign'
    Total Execution Cost:   0.010287
    |- Storage Cost:        0.001478
    |- Finalize Cost:       0.008809
  Function 'sign_for_round'
    Total Execution Cost:   0.010348
    |- Storage Cost:        0.001539
    |- Finalize Cost:       0.008809
  Function 'sign_ecdsa'
    Total Execution Cost:   0.023473
    |- Storage Cost:        0.002689
    |- Finalize Cost:       0.020784
  Function 'sign_ecdsa_for_round'
    Total Execution Cost:   0.023534
    |- Storage Cost:        0.002750
    |- Finalize Cost:       0.020784
  Function 'init_admin_op'
    Total Execution Cost:   0.010378
    |- Storage Cost:        0.002116
    |- Finalize Cost:       0.008262
  Function 'exec_admin_op'
    Total Execution Cost:   0.018763
    |- Storage Cost:        0.001927
    |- Finalize Cost:       0.016836
  Function 'get_signing_op_id_hash'
    Total Execution Cost:   0.001408
    |- Storage Cost:        0.001408
    |- Finalize Cost:       0.000000
  Function 'guarded_create_wallet_op_hash'
    Total Execution Cost:   0.002160
    |- Storage Cost:        0.002160
    |- Finalize Cost:       0.000000
  Function 'assert_signing_completed'
    Total Execution Cost:   0.004665
    |- Storage Cost:        0.001470
    |- Finalize Cost:       0.003195
──────────────────────────────────────────────

🔧 Your program 'usad_freezelist.aleo' has the following constructor.
──────────────────────────────────────────────
constructor:
    is.eq edition 0u16 into r0;
    branch.eq r0 false to end_then_0_8;
    assert.eq program_owner aleo1rhgdu77hgyqd3xjj8ucu3jj9r2krwz6mnzyd80gncr5fxcwlh5rsvzp9px;
    branch.eq true true to end_otherwise_0_9;
    position end_then_0_8;
    cast checksum edition into r1 as ChecksumEdition;
    hash.bhp256 r1 into r2 as field;
    cast usad_freezelist.aleo r2 into r3 as WalletSigningOpId;
    hash.bhp256 r3 into r4 as field;
    contains usad_multisig_core.aleo/completed_signing_ops[r4] into r5;
    assert.eq r5 true;
    position end_otherwise_0_9;
──────────────────────────────────────────────
Once it is deployed, it CANNOT be changed.

📦 Creating deployment transaction for 'usad_freezelist.aleo'...

⚠️  Skipping deployment certificate and verifier key generation as per user request.


📊 Deployment Summary for usad_freezelist.aleo
──────────────────────────────────────────────
  Program Size:         6.66 KB / 2000.00 KB
💰 Cost Breakdown (credits)
  Transaction Storage:  8.797000
  Program Synthesis:    0.669102
  Namespace:            1.000000
  Constructor:          0.596320
  Priority Fee:         0.000000
  Total Fee:            11.062422
  Function 'get_signing_op_id_for_deploy'
    Total Execution Cost:   0.001601
    |- Storage Cost:        0.001601
    |- Finalize Cost:       0.000000
  Function 'initialize'
    Total Execution Cost:   0.004502
    |- Storage Cost:        0.001418
    |- Finalize Cost:       0.003084
  Function 'update_role'
    Total Execution Cost:   0.002241
    |- Storage Cost:        0.001445
    |- Finalize Cost:       0.000796
  Function 'update_block_height_window'
    Total Execution Cost:   0.001895
    |- Storage Cost:        0.001343
    |- Finalize Cost:       0.000552
  Function 'update_freeze_list'
    Total Execution Cost:   0.005861
    |- Storage Cost:        0.001693
    |- Finalize Cost:       0.004168
  Function 'verify_non_inclusion_pub'
    Total Execution Cost:   0.001449
    |- Storage Cost:        0.001357
    |- Finalize Cost:       0.000092
  Function 'verify_non_inclusion_priv'
    Total Execution Cost:   0.005332
    |- Storage Cost:        0.004943
    |- Finalize Cost:       0.000389
──────────────────────────────────────────────

🔧 Your program 'usad_stablecoin.aleo' has the following constructor.
──────────────────────────────────────────────
constructor:
    is.eq edition 0u16 into r0;
    branch.eq r0 false to end_then_0_8;
    assert.eq program_owner aleo1rhgdu77hgyqd3xjj8ucu3jj9r2krwz6mnzyd80gncr5fxcwlh5rsvzp9px;
    branch.eq true true to end_otherwise_0_9;
    position end_then_0_8;
    cast checksum edition into r1 as ChecksumEdition;
    hash.bhp256 r1 into r2 as field;
    cast usad_stablecoin.aleo r2 into r3 as WalletSigningOpId;
    hash.bhp256 r3 into r4 as field;
    contains usad_multisig_core.aleo/completed_signing_ops[r4] into r5;
    assert.eq r5 true;
    position end_otherwise_0_9;
──────────────────────────────────────────────
Once it is deployed, it CANNOT be changed.

📦 Creating deployment transaction for 'usad_stablecoin.aleo'...

⚠️  Skipping deployment certificate and verifier key generation as per user request.


📊 Deployment Summary for usad_stablecoin.aleo
──────────────────────────────────────────────
  Program Size:         74.28 KB / 2000.00 KB
💰 Cost Breakdown (credits)
  Transaction Storage:  69.329000
  Program Synthesis:    2.294064
  Namespace:            1.000000
  Constructor:          0.596320
  Priority Fee:         0.000000
  Total Fee:            73.219384
  Function 'get_signing_op_id_for_deploy'
    Total Execution Cost:   0.001601
    |- Storage Cost:        0.001601
    |- Finalize Cost:       0.000000
  Function 'update_role'
    Total Execution Cost:   0.002113
    |- Storage Cost:        0.001445
    |- Finalize Cost:       0.000668
  Function 'initialize'
    Total Execution Cost:   0.003495
    |- Storage Cost:        0.001637
    |- Finalize Cost:       0.001858
  Function 'get_credentials'
    Total Execution Cost:   0.003260
    |- Storage Cost:        0.002871
    |- Finalize Cost:       0.000389
  Function 'mint_public'
    Total Execution Cost:   0.003276
    |- Storage Cost:        0.001444
    |- Finalize Cost:       0.001832
  Function 'mint_private'
    Total Execution Cost:   0.003163
    |- Storage Cost:        0.002016
    |- Finalize Cost:       0.001147
  Function 'burn_public'
    Total Execution Cost:   0.003236
    |- Storage Cost:        0.001444
    |- Finalize Cost:       0.001792
  Function 'burn_private'
    Total Execution Cost:   0.003576
    |- Storage Cost:        0.002469
    |- Finalize Cost:       0.001107
  Function 'transfer_public'
    Total Execution Cost:   0.003087
    |- Storage Cost:        0.001452
    |- Finalize Cost:       0.001635
  Function 'transfer_public_as_signer'
    Total Execution Cost:   0.003107
    |- Storage Cost:        0.001472
    |- Finalize Cost:       0.001635
  Function 'approve_public'
    Total Execution Cost:   0.002177
    |- Storage Cost:        0.001412
    |- Finalize Cost:       0.000765
  Function 'unapprove_public'
    Total Execution Cost:   0.002181
    |- Storage Cost:        0.001416
    |- Finalize Cost:       0.000765
  Function 'transfer_from_public'
    Total Execution Cost:   0.003889
    |- Storage Cost:        0.001569
    |- Finalize Cost:       0.002320
  Function 'transfer_public_to_private'
    Total Execution Cost:   0.002902
    |- Storage Cost:        0.002044
    |- Finalize Cost:       0.000858
  Function 'transfer_from_public_to_private'
    Total Execution Cost:   0.003703
    |- Storage Cost:        0.002161
    |- Finalize Cost:       0.001542
  Function 'transfer_private'
    Total Execution Cost:   0.004599
    |- Storage Cost:        0.004129
    |- Finalize Cost:       0.000470
  Function 'transfer_private_to_public'
    Total Execution Cost:   0.005199
    |- Storage Cost:        0.003952
    |- Finalize Cost:       0.001247
  Function 'set_pause_status'
    Total Execution Cost:   0.001887
    |- Storage Cost:        0.001347
    |- Finalize Cost:       0.000540
  Function 'join'
    Total Execution Cost:   0.002122
    |- Storage Cost:        0.002122
    |- Finalize Cost:       0.000000
  Function 'split'
    Total Execution Cost:   0.002193
    |- Storage Cost:        0.002193
    |- Finalize Cost:       0.000000
  Function 'transfer_private_with_creds'
    Total Execution Cost:   0.003735
    |- Storage Cost:        0.003265
    |- Finalize Cost:       0.000470
──────────────────────────────────────────────

🔧 Your program 'pwn_delta_token.aleo' has the following constructor.
──────────────────────────────────────────────
constructor:
    assert.eq edition 0u16;
──────────────────────────────────────────────
Once it is deployed, it CANNOT be changed.

📦 Creating deployment transaction for 'pwn_delta_token.aleo'...

⚠️  Skipping deployment certificate and verifier key generation as per user request.


📊 Deployment Summary for pwn_delta_token.aleo
──────────────────────────────────────────────
  Program Size:         1.75 KB / 2000.00 KB
💰 Cost Breakdown (credits)
  Transaction Storage:  4.642000
  Program Synthesis:    0.477930
  Namespace:            1.000000
  Constructor:          0.002000
  Priority Fee:         0.000000
  Total Fee:            6.121930
  Function 'set_bad'
    Total Execution Cost:   0.001669
    |- Storage Cost:        0.001261
    |- Finalize Cost:       0.000408
  Function 'mint'
    Total Execution Cost:   0.001528
    |- Storage Cost:        0.001528
    |- Finalize Cost:       0.000000
  Function 'transfer_private_to_public'
    Total Execution Cost:   0.002985
    |- Storage Cost:        0.002200
    |- Finalize Cost:       0.000785
  Function 'transfer_public_to_private'
    Total Execution Cost:   0.002362
    |- Storage Cost:        0.001678
    |- Finalize Cost:       0.000684
──────────────────────────────────────────────

🔧 Your program 'pwn_config_poc.aleo' has the following constructor.
──────────────────────────────────────────────
constructor:
    is.eq edition 0u16 into r0;
    branch.eq r0 false to end_then_0_0;
    assert.eq program_owner aleo1rhgdu77hgyqd3xjj8ucu3jj9r2krwz6mnzyd80gncr5fxcwlh5rsvzp9px;
    branch.eq true true to end_otherwise_0_1;
    position end_then_0_0;
    get settings[true] into r1;
    assert.eq program_owner r1.upgrader;
    cast pwn_config_poc.aleo edition into r2 as UpgradeKey;
    hash.bhp256 r2 into r3 as field;
    get upgrade_after[r3] into r4;
    gte block.height r4 into r5;
    assert.eq r5 true;
    position end_otherwise_0_1;
──────────────────────────────────────────────
Once it is deployed, it CANNOT be changed.

📦 Creating deployment transaction for 'pwn_config_poc.aleo'...

⚠️  Skipping deployment certificate and verifier key generation as per user request.


📊 Deployment Summary for pwn_config_poc.aleo
──────────────────────────────────────────────
  Program Size:         3.22 KB / 2000.00 KB
💰 Cost Breakdown (credits)
  Transaction Storage:  5.398000
  Program Synthesis:    0.477930
  Namespace:            1.000000
  Constructor:          0.289520
  Priority Fee:         0.000000
  Total Fee:            7.165450
  Function 'set_admin'
    Total Execution Cost:   0.002364
    |- Storage Cost:        0.001470
    |- Finalize Cost:       0.000894
  Function 'initialize'
    Total Execution Cost:   0.002134
    |- Storage Cost:        0.001220
    |- Finalize Cost:       0.000914
  Function 'accept_admin'
    Total Execution Cost:   0.002446
    |- Storage Cost:        0.001262
    |- Finalize Cost:       0.001184
  Function 'schedule_upgrade'
    Total Execution Cost:   0.002173
    |- Storage Cost:        0.001416
    |- Finalize Cost:       0.000757
  Function 'cancel_upgrade'
    Total Execution Cost:   0.001892
    |- Storage Cost:        0.001412
    |- Finalize Cost:       0.000480
──────────────────────────────────────────────

🔧 Your program 'pwn_hub_poc.aleo' has the following constructor.
──────────────────────────────────────────────
constructor:
    is.eq edition 0u16 into r0;
    branch.eq r0 false to end_then_0_0;
    assert.eq program_owner aleo1rhgdu77hgyqd3xjj8ucu3jj9r2krwz6mnzyd80gncr5fxcwlh5rsvzp9px;
    branch.eq true true to end_otherwise_0_1;
    position end_then_0_0;
    get pwn_config_poc.aleo/settings[true] into r1;
    assert.eq program_owner r1.upgrader;
    cast pwn_hub_poc.aleo edition into r2 as UpgradeKey;
    hash.bhp256 r2 into r3 as field;
    get pwn_config_poc.aleo/upgrade_after[r3] into r4;
    gte block.height r4 into r5;
    assert.eq r5 true;
    position end_otherwise_0_1;
──────────────────────────────────────────────
Once it is deployed, it CANNOT be changed.

📦 Creating deployment transaction for 'pwn_hub_poc.aleo'...

⚠️  Skipping deployment certificate and verifier key generation as per user request.


📊 Deployment Summary for pwn_hub_poc.aleo
──────────────────────────────────────────────
  Program Size:         2.66 KB / 2000.00 KB
💰 Cost Breakdown (credits)
  Transaction Storage:  2.837000
  Program Synthesis:    0.191172
  Namespace:            1.000000
  Constructor:          0.289520
  Priority Fee:         0.000000
  Total Fee:            4.317692
  Function 'set_asset'
    Total Execution Cost:   0.002367
    |- Storage Cost:        0.001427
    |- Finalize Cost:       0.000940
  Function 'set_tag'
    Total Execution Cost:   0.002048
    |- Storage Cost:        0.001436
    |- Finalize Cost:       0.000612
──────────────────────────────────────────────

🔧 Your program 'pwn_proposal_poc.aleo' has the following constructor.
──────────────────────────────────────────────
constructor:
    is.eq edition 0u16 into r0;
    branch.eq r0 false to end_then_0_0;
    assert.eq program_owner aleo1rhgdu77hgyqd3xjj8ucu3jj9r2krwz6mnzyd80gncr5fxcwlh5rsvzp9px;
    branch.eq true true to end_otherwise_0_1;
    position end_then_0_0;
    get pwn_config_poc.aleo/settings[true] into r1;
    assert.eq program_owner r1.upgrader;
    cast pwn_proposal_poc.aleo edition into r2 as UpgradeKey;
    hash.bhp256 r2 into r3 as field;
    get pwn_config_poc.aleo/upgrade_after[r3] into r4;
    gte block.height r4 into r5;
    assert.eq r5 true;
    position end_otherwise_0_1;
──────────────────────────────────────────────
Once it is deployed, it CANNOT be changed.

📦 Creating deployment transaction for 'pwn_proposal_poc.aleo'...

⚠️  Skipping deployment certificate and verifier key generation as per user request.


📊 Deployment Summary for pwn_proposal_poc.aleo
──────────────────────────────────────────────
  Program Size:         33.65 KB / 2000.00 KB
💰 Cost Breakdown (credits)
  Transaction Storage:  31.812000
  Program Synthesis:    1.433790
  Namespace:            1.000000
  Constructor:          0.289520
  Priority Fee:         0.000000
  Total Fee:            34.535310
  Function 'open_aleo'
    Total Execution Cost:   0.009925
    |- Storage Cost:        0.004488
    |- Finalize Cost:       0.005437
  Function 'draw_aleo'
    Total Execution Cost:   0.007044
    |- Storage Cost:        0.003912
    |- Finalize Cost:       0.003132
  Function 'receive_aleo'
    Total Execution Cost:   0.005841
    |- Storage Cost:        0.003485
    |- Finalize Cost:       0.002356
  Function 'cancel_aleo'
    Total Execution Cost:   0.006895
    |- Storage Cost:        0.003854
    |- Finalize Cost:       0.003041
  Function 'withdraw_aleo'
    Total Execution Cost:   0.006194
    |- Storage Cost:        0.003798
    |- Finalize Cost:       0.002396
  Function 'open_arc20'
    Total Execution Cost:   0.004744 (lower bound)
    |- Storage Cost:        N/A (dynamic call)
    |- Finalize Cost:       0.004744 (lower bound)
  Function 'draw_arc20'
    Total Execution Cost:   0.002439 (lower bound)
    |- Storage Cost:        N/A (dynamic call)
    |- Finalize Cost:       0.002439 (lower bound)
  Function 'receive_arc20'
    Total Execution Cost:   0.001663 (lower bound)
    |- Storage Cost:        N/A (dynamic call)
    |- Finalize Cost:       0.001663 (lower bound)
  Function 'cancel_arc20'
    Total Execution Cost:   0.002348 (lower bound)
    |- Storage Cost:        N/A (dynamic call)
    |- Finalize Cost:       0.002348 (lower bound)
  Function 'withdraw_arc20'
    Total Execution Cost:   0.001703 (lower bound)
    |- Storage Cost:        N/A (dynamic call)
    |- Finalize Cost:       0.001703 (lower bound)
  Function 'open_compliant'
    Total Execution Cost:   0.004744 (lower bound)
    |- Storage Cost:        N/A (dynamic call)
    |- Finalize Cost:       0.004744 (lower bound)
  Function 'draw_compliant'
    Total Execution Cost:   0.002439 (lower bound)
    |- Storage Cost:        N/A (dynamic call)
    |- Finalize Cost:       0.002439 (lower bound)
  Function 'receive_compliant'
    Total Execution Cost:   0.001663 (lower bound)
    |- Storage Cost:        N/A (dynamic call)
    |- Finalize Cost:       0.001663 (lower bound)
  Function 'cancel_compliant'
    Total Execution Cost:   0.002348 (lower bound)
    |- Storage Cost:        N/A (dynamic call)
    |- Finalize Cost:       0.002348 (lower bound)
  Function 'withdraw_compliant'
    Total Execution Cost:   0.001703 (lower bound)
    |- Storage Cost:        N/A (dynamic call)
    |- Finalize Cost:       0.001703 (lower bound)
──────────────────────────────────────────────

🔧 Your program 'pwn_loan_poc.aleo' has the following constructor.
──────────────────────────────────────────────
constructor:
    is.eq edition 0u16 into r0;
    branch.eq r0 false to end_then_0_0;
    assert.eq program_owner aleo1rhgdu77hgyqd3xjj8ucu3jj9r2krwz6mnzyd80gncr5fxcwlh5rsvzp9px;
    branch.eq true true to end_otherwise_0_1;
    position end_then_0_0;
    get pwn_config_poc.aleo/settings[true] into r1;
    assert.eq program_owner r1.upgrader;
    cast pwn_loan_poc.aleo edition into r2 as UpgradeKey;
    hash.bhp256 r2 into r3 as field;
    get pwn_config_poc.aleo/upgrade_after[r3] into r4;
    gte block.height r4 into r5;
    assert.eq r5 true;
    position end_otherwise_0_1;
──────────────────────────────────────────────
Once it is deployed, it CANNOT be changed.

📦 Creating deployment transaction for 'pwn_loan_poc.aleo'...

⚠️  Skipping deployment certificate and verifier key generation as per user request.


📊 Deployment Summary for pwn_loan_poc.aleo
──────────────────────────────────────────────
  Program Size:         51.12 KB / 2000.00 KB
💰 Cost Breakdown (credits)
  Transaction Storage:  47.502000
  Program Synthesis:    2.007306
  Namespace:            1.000000
  Constructor:          0.289520
  Priority Fee:         0.000000
  Total Fee:            50.798826
  Function 'accept_aleo_aleo'
    Total Execution Cost:   0.025117
    |- Storage Cost:        0.019380
    |- Finalize Cost:       0.005737
  Function 'repay_aleo_aleo'
    Total Execution Cost:   0.016024
    |- Storage Cost:        0.010763
    |- Finalize Cost:       0.005261
  Function 'accept_aleo_arc20'
    Total Execution Cost:   0.005044 (lower bound)
    |- Storage Cost:        N/A (dynamic call)
    |- Finalize Cost:       0.005044 (lower bound)
  Function 'repay_aleo_arc20'
    Total Execution Cost:   0.004568 (lower bound)
    |- Storage Cost:        N/A (dynamic call)
    |- Finalize Cost:       0.004568 (lower bound)
  Function 'accept_aleo_compliant'
    Total Execution Cost:   0.005044 (lower bound)
    |- Storage Cost:        N/A (dynamic call)
    |- Finalize Cost:       0.005044 (lower bound)
  Function 'repay_aleo_compliant'
    Total Execution Cost:   0.004568 (lower bound)
    |- Storage Cost:        N/A (dynamic call)
    |- Finalize Cost:       0.004568 (lower bound)
  Function 'accept_arc20_aleo'
    Total Execution Cost:   0.005044 (lower bound)
    |- Storage Cost:        N/A (dynamic call)
    |- Finalize Cost:       0.005044 (lower bound)
  Function 'repay_arc20_aleo'
    Total Execution Cost:   0.004568 (lower bound)
    |- Storage Cost:        N/A (dynamic call)
    |- Finalize Cost:       0.004568 (lower bound)
  Function 'accept_arc20_arc20'
    Total Execution Cost:   0.004351 (lower bound)
    |- Storage Cost:        N/A (dynamic call)
    |- Finalize Cost:       0.004351 (lower bound)
  Function 'repay_arc20_arc20'
    Total Execution Cost:   0.003875 (lower bound)
    |- Storage Cost:        N/A (dynamic call)
    |- Finalize Cost:       0.003875 (lower bound)
  Function 'accept_arc20_compliant'
    Total Execution Cost:   0.004351 (lower bound)
    |- Storage Cost:        N/A (dynamic call)
    |- Finalize Cost:       0.004351 (lower bound)
  Function 'repay_arc20_compliant'
    Total Execution Cost:   0.003875 (lower bound)
    |- Storage Cost:        N/A (dynamic call)
    |- Finalize Cost:       0.003875 (lower bound)
  Function 'accept_compliant_aleo'
    Total Execution Cost:   0.005044 (lower bound)
    |- Storage Cost:        N/A (dynamic call)
    |- Finalize Cost:       0.005044 (lower bound)
  Function 'repay_compliant_aleo'
    Total Execution Cost:   0.004568 (lower bound)
    |- Storage Cost:        N/A (dynamic call)
    |- Finalize Cost:       0.004568 (lower bound)
  Function 'accept_compliant_arc20'
    Total Execution Cost:   0.004351 (lower bound)
    |- Storage Cost:        N/A (dynamic call)
    |- Finalize Cost:       0.004351 (lower bound)
  Function 'repay_compliant_arc20'
    Total Execution Cost:   0.003875 (lower bound)
    |- Storage Cost:        N/A (dynamic call)
    |- Finalize Cost:       0.003875 (lower bound)
  Function 'accept_compliant_compliant'
    Total Execution Cost:   0.004351 (lower bound)
    |- Storage Cost:        N/A (dynamic call)
    |- Finalize Cost:       0.004351 (lower bound)
  Function 'repay_compliant_compliant'
    Total Execution Cost:   0.003875 (lower bound)
    |- Storage Cost:        N/A (dynamic call)
    |- Finalize Cost:       0.003875 (lower bound)
  Function 'claim_aleo'
    Total Execution Cost:   0.006468
    |- Storage Cost:        0.003884
    |- Finalize Cost:       0.002584
  Function 'claim_arc20'
    Total Execution Cost:   0.001892 (lower bound)
    |- Storage Cost:        N/A (dynamic call)
    |- Finalize Cost:       0.001892 (lower bound)
  Function 'claim_compliant'
    Total Execution Cost:   0.001892 (lower bound)
    |- Storage Cost:        N/A (dynamic call)
    |- Finalize Cost:       0.001892 (lower bound)
──────────────────────────────────────────────

🔧 Your program 'pwn_local_fixture.aleo' has the following constructor.
──────────────────────────────────────────────
constructor:
    assert.eq edition 0u16;
──────────────────────────────────────────────
Once it is deployed, it CANNOT be changed.

📦 Creating deployment transaction for 'pwn_local_fixture.aleo'...

⚠️  Skipping deployment certificate and verifier key generation as per user request.


📊 Deployment Summary for pwn_local_fixture.aleo
──────────────────────────────────────────────
  Program Size:         2.62 KB / 2000.00 KB
💰 Cost Breakdown (credits)
  Transaction Storage:  6.774000
  Program Synthesis:    0.669102
  Namespace:            1.000000
  Constructor:          0.002000
  Priority Fee:         0.000000
  Total Fee:            8.445102
  Function 'auth'
    Total Execution Cost:   0.001451
    |- Storage Cost:        0.001451
    |- Finalize Cost:       0.000000
  Function 'freeze_root'
    Total Execution Cost:   0.001358
    |- Storage Cost:        0.001358
    |- Finalize Cost:       0.000000
  Function 'math_round'
    Total Execution Cost:   0.001361
    |- Storage Cost:        0.001361
    |- Finalize Cost:       0.000000
  Function 'math_interest'
    Total Execution Cost:   0.001432
    |- Storage Cost:        0.001432
    |- Finalize Cost:       0.000000
  Function 'dynamic_sol'
    Total Execution Cost:   0.001224
    |- Storage Cost:        0.001224
    |- Finalize Cost:       0.000000
  Function 'forward_set_asset'
    Total Execution Cost:   0.003409
    |- Storage Cost:        0.002449
    |- Finalize Cost:       0.000960
  Function 'forward_set_admin'
    Total Execution Cost:   0.003406
    |- Storage Cost:        0.002492
    |- Finalize Cost:       0.000914
──────────────────────────────────────────────

📡 Broadcasting deployment for merkle_tree.aleo...
💰Your current public balance is 9374999.894112 credits.

✉️ Broadcasted transaction with:
  - transaction ID: 'at1wc9rrw7aptfg87dqr399dd9vr7aqagu5kuydhtqemflyqcru4vpq3vgvyh'
  - fee ID: 'au16r906m8p7gyzu3m78z44795strutt5du3k0e36plxms9kzlx6s9ql8k5dp'
  - fee transaction ID: 'at1mep2faz2mghrygu9kzekka9zjef5qdmrta3qeumqwdckz0g76vqsazc9kt'
    (use this to check for rejected transactions)

🔄 Searching up to 12 blocks to confirm transaction (this may take several seconds)...
Explored 1 blocks.
Transaction accepted.
✅ Deployment confirmed!

📡 Broadcasting deployment for arc20_multisig_core.aleo...
💰Your current public balance is 9374988.302526 credits.

✉️ Broadcasted transaction with:
  - transaction ID: 'at1csh8dk7d2s3nwn2u9nst6e8a56qxg5u9757ztcups24k42hklvyqkpxhwh'
  - fee ID: 'au1v07yew56awcfw9ejpvjs4djfgalesynelrhafd0wq7l8xu26hvrsrnv83y'
  - fee transaction ID: 'at1mfy7tnftwhmcg0rknzk62a9s5xw5argywymdk4dryyjmtyf0ccxs686mqg'
    (use this to check for rejected transactions)

🔄 Searching up to 12 blocks to confirm transaction (this may take several seconds)...
Explored 1 blocks.
Transaction accepted.
✅ Deployment confirmed!

📡 Broadcasting deployment for arc20_sol.aleo...
💰Your current public balance is 9374951.635442 credits.

✉️ Broadcasted transaction with:
  - transaction ID: 'at1cscmfmkteyfp0dv7xx9lp2hqv8gphzpv7uh9n4lc96cge6amqu9qatcafu'
  - fee ID: 'au1m7fj7vdgruqrg052l02qkn4hn2qp4luum87cevfse2cgamrrzs9srudg9l'
  - fee transaction ID: 'at1v6cxyksv49nxsn096zcqtuvjegkwc37uwrdujwxp4x76yjztxsgswzfdaz'
    (use this to check for rejected transactions)

🔄 Searching up to 12 blocks to confirm transaction (this may take several seconds)...
Explored 1 blocks.
Transaction accepted.
✅ Deployment confirmed!

📡 Broadcasting deployment for arc20_wbtc.aleo...
💰Your current public balance is 9374915.683242 credits.

✉️ Broadcasted transaction with:
  - transaction ID: 'at1gfgtrpctf8vtg3asc0np9qdfz5899xdghk5aayk97png6qwapvpq5mdqz4'
  - fee ID: 'au1m7t9092rhmld0vvd433gw4ykenchh0fmmapejh5z93hp4qrs8sqqpxk660'
  - fee transaction ID: 'at1cqglgh8s8vmkmt5nwah0ryh3vckqm3menpv5dk8rsgxjxz3f0c9qlw098q'
    (use this to check for rejected transactions)

🔄 Searching up to 12 blocks to confirm transaction (this may take several seconds)...
Explored 1 blocks.
Transaction accepted.
✅ Deployment confirmed!

📡 Broadcasting deployment for usdcx_multisig_core.aleo...
💰Your current public balance is 9374888.704042 credits.

✉️ Broadcasted transaction with:
  - transaction ID: 'at1v8dqsnsm58akuhz69q256xqwqed2z57j6q8jz97ecut3g0vtkugqqkzlyh'
  - fee ID: 'au1rlf23zgsftqsexf7rup2l7huffmzqagc7x6cclpft4cda8jwqqpqxve92w'
  - fee transaction ID: 'at1l2quq6ne87cphllalt0qhmevvk3mu28qlng9v37u3yu9884q5cfq3h2x06'
    (use this to check for rejected transactions)

🔄 Searching up to 12 blocks to confirm transaction (this may take several seconds)...
Explored 1 blocks.
Transaction accepted.
✅ Deployment confirmed!

📡 Broadcasting deployment for usdcx_freezelist.aleo...
💰Your current public balance is 9374851.578958 credits.

✉️ Broadcasted transaction with:
  - transaction ID: 'at14ke9df6dvyyvv33vhz0nt0fl4xvd7vdurhex9mvn2khs2yqqg5rsppetks'
  - fee ID: 'au1lnwm0mgyutv9pfw0gqw7dknlc00s4e8man0dx54r3h0pzrs69qrqnutlau'
  - fee transaction ID: 'at1nmv0nn80e5fd69fkwtlep827ptmef3yj0dyu2rgukjlednu665ps7c2sm5'
    (use this to check for rejected transactions)

🔄 Searching up to 12 blocks to confirm transaction (this may take several seconds)...
Explored 1 blocks.
Transaction accepted.
✅ Deployment confirmed!

📡 Broadcasting deployment for usdcx_stablecoin.aleo...
💰Your current public balance is 9374840.506536 credits.

✉️ Broadcasted transaction with:
  - transaction ID: 'at18ptere7xxkfe7cryn6nwygpvuh452wm52jtygkklldyxchcgp5gs83p4fm'
  - fee ID: 'au1ha24tvpuk4j5nzkhce4qpzph98w20r6d3lzfhl657nlqvmqtjuyqs70spd'
  - fee transaction ID: 'at18qet9qzh03mcged9qwet9mjpk390ze9x46d0wcu2l3vrayvsxg8scwlcvd'
    (use this to check for rejected transactions)

🔄 Searching up to 12 blocks to confirm transaction (this may take several seconds)...
Explored 1 blocks.
Transaction accepted.
✅ Deployment confirmed!

📡 Broadcasting deployment for usad_multisig_core.aleo...
💰Your current public balance is 9374767.107152 credits.

✉️ Broadcasted transaction with:
  - transaction ID: 'at1g23dp2g70fhq03rve2uhs39sgltk9ha8p9pf7mep7z44m7x5dyzsm0k2sg'
  - fee ID: 'au1rdpkpy3jlxr4fzqeq2ydqutfzrh25f08p2y4wr86p3p7q639nq9qclcgjl'
  - fee transaction ID: 'at1x9k7vhshnsfl860xpl365l2padrtelxm43s8egyxrg75t7rykvysmw8xkv'
    (use this to check for rejected transactions)

🔄 Searching up to 12 blocks to confirm transaction (this may take several seconds)...
Explored 1 blocks.
Transaction accepted.
✅ Deployment confirmed!

📡 Broadcasting deployment for usad_freezelist.aleo...
💰Your current public balance is 9374729.998068 credits.

✉️ Broadcasted transaction with:
  - transaction ID: 'at1735cd944cp82fmksmtvlvljz3vp5gw8ksezqa3jtqc9zsg4c7gxs4rxqu9'
  - fee ID: 'au15l8vdh3zcrsjpqyl4lkjm86f8gdq5gty6j7er997th9azy2lmsrsx7uqd3'
  - fee transaction ID: 'at1p5m8afk65366w9g0pw0pfg9k53758uhg060nk309r2xdutdhxv8swge5ed'
    (use this to check for rejected transactions)

🔄 Searching up to 12 blocks to confirm transaction (this may take several seconds)...
Explored 1 blocks.
Transaction accepted.
✅ Deployment confirmed!

📡 Broadcasting deployment for usad_stablecoin.aleo...
💰Your current public balance is 9374718.935646 credits.

✉️ Broadcasted transaction with:
  - transaction ID: 'at1xfpkryheev8fe8st3srhv4sckt6smxrzn9jjwvygnc7r0e76gs8qkwv0t9'
  - fee ID: 'au1u4jd4cw5eymx2arep86g240qjl25xyd7j6ce04exr2xyxx6j8q9sh5x9mj'
  - fee transaction ID: 'at1njzql5rty8m0vvy6zjqk02pacf0ta3ks8cqr0t5kquk58gwnuyqs3ewvdz'
    (use this to check for rejected transactions)

🔄 Searching up to 12 blocks to confirm transaction (this may take several seconds)...
Explored 1 blocks.
Transaction accepted.
✅ Deployment confirmed!

📡 Broadcasting deployment for pwn_delta_token.aleo...
💰Your current public balance is 9374645.716262 credits.

✉️ Broadcasted transaction with:
  - transaction ID: 'at1vg378e5m6e3ycazmpgtjw65fnucuwnhv8vemzun7q938u5yucs9sc26gvv'
  - fee ID: 'au16fgstdjcmh8xpvsm6p0nfyt7urpu04wjm9q50ucyzykm7k0jp5zsnqrvka'
  - fee transaction ID: 'at1dcja3anms2q83kwfvvs20fcd2py5h80axy8lwts5qtzg0hag35xq6yt42l'
    (use this to check for rejected transactions)

🔄 Searching up to 12 blocks to confirm transaction (this may take several seconds)...
Explored 1 blocks.
Transaction accepted.
✅ Deployment confirmed!

📡 Broadcasting deployment for pwn_config_poc.aleo...
💰Your current public balance is 9374639.594332 credits.

✉️ Broadcasted transaction with:
  - transaction ID: 'at1khwa02t76wutpsurashlyp73kl0n3pkpdqmgnqdp63ddfn5vkcpqgnfgxl'
  - fee ID: 'au19v5f7sfaj6n84rjrprznuh6ur4r9869cchqyfyw58hress6thsgs8jehvw'
  - fee transaction ID: 'at10myl8fu3yjvhxrgep0avq769dfcaljljs7yaecvt02qcqcp09y8qjr57q5'
    (use this to check for rejected transactions)

🔄 Searching up to 12 blocks to confirm transaction (this may take several seconds)...
Explored 1 blocks.
Transaction accepted.
✅ Deployment confirmed!

📡 Broadcasting deployment for pwn_hub_poc.aleo...
💰Your current public balance is 9374632.428882 credits.

✉️ Broadcasted transaction with:
  - transaction ID: 'at1y3cgtdwwd4j40xam4hp7dqp4lv9gzs3cmt62yndh9dnf487gvu9qy829xw'
  - fee ID: 'au12jcajqaztq7vw359wj75zqsvrw0e0gueyekevt69f79mh5vuvgfq2nlpmu'
  - fee transaction ID: 'at1az4p9ck5y6c6l4hjcrvk6kq7u6lvxwda748knm485v5sj4qfrsqqs8mq89'
    (use this to check for rejected transactions)

🔄 Searching up to 12 blocks to confirm transaction (this may take several seconds)...
Explored 1 blocks.
Transaction accepted.
✅ Deployment confirmed!

📡 Broadcasting deployment for pwn_proposal_poc.aleo...
💰Your current public balance is 9374628.11119 credits.

✉️ Broadcasted transaction with:
  - transaction ID: 'at10q5vd4qc4mspa6en2w9m3m464xs39w9jzdqd8zw3pwzr2mxncsqsfzvk4q'
  - fee ID: 'au14fla3vzu9zx6lglkmykukf66xea5ululgp5t0yw8ezf2vv9lwcgq7384v8'
  - fee transaction ID: 'at1yz4ym3nnu42tskrm7jftygtvz4va7gpmqe4g8h000cvqp28czgyqakxznt'
    (use this to check for rejected transactions)

🔄 Searching up to 12 blocks to confirm transaction (this may take several seconds)...
Explored 1 blocks.
Transaction accepted.
✅ Deployment confirmed!

📡 Broadcasting deployment for pwn_loan_poc.aleo...
💰Your current public balance is 9374593.57588 credits.

✉️ Broadcasted transaction with:
  - transaction ID: 'at1zu28nwte0xc6ladqca88g5ml3w7xdlcxeyt049ynq0fkl6dyk5qqhcjzed'
  - fee ID: 'au17gswnfm4ldwvxz98gwhqzyrdk6442p830jakwtxwkgya624hwyzqjv79cv'
  - fee transaction ID: 'at1r6qjvy5e0rwdmvkwzpxg86dnw0l5ezal7548g3mvnujcje3czs9s9qrmt7'
    (use this to check for rejected transactions)

🔄 Searching up to 12 blocks to confirm transaction (this may take several seconds)...
Explored 1 blocks.
Transaction accepted.
✅ Deployment confirmed!

📡 Broadcasting deployment for pwn_local_fixture.aleo...
💰Your current public balance is 9374542.777054 credits.

✉️ Broadcasted transaction with:
  - transaction ID: 'at1sjde0mvc04vur4ve5yahfraacvepau777ryecq2j672f3aq2zupset0p9q'
  - fee ID: 'au1nk2sayqyc6cajw8qndfuyr87scgxpxjg0al9aftnvkly2duqpc9qe6zl08'
  - fee transaction ID: 'at1zew9wq2urp08aszyjlh4djfnl5wkqhtp98zvsdu3mnpcxmvwqyyqp69ddu'
    (use this to check for rejected transactions)

🔄 Searching up to 12 blocks to confirm transaction (this may take several seconds)...
Explored 1 blocks.
Transaction accepted.
✅ Deployment confirmed!
