
[WCEI03713000] Warning: a call to `_mapping_get_or_use` runs after an interaction (`Final.run()`)
    ╭─[ /Users/janm/Documents/projects-klients/PoC Aleo/artifacts/multitoken/local-workspace/pwn_proposal_poc/src/main.leo:82:23 ]
    │
 82 │             assert_eq(credits.aleo::account.get_or_use(std::ctx::addr(), 0u64) as u128, before + amount);
    │ 
    │ Help: Move this check above the `.run()` call to avoid reentrancy issues.
    │ 
    │ Note: Under the Checks-Effects-Interactions pattern, all checks (reads, asserts) must precede any `.run()` calls in the same execution path.
────╯

[WCEI03713000] Warning: a call to `_mapping_get_or_use` runs after an interaction (`Final.run()`)
     ╭─[ /Users/janm/Documents/projects-klients/PoC Aleo/artifacts/multitoken/local-workspace/pwn_proposal_poc/src/main.leo:112:23 ]
     │
 112 │             assert_eq(credits.aleo::account.get_or_use(std::ctx::addr(), 0u64) as u128, before - amount);
     │ 
     │ Help: Move this check above the `.run()` call to avoid reentrancy issues.
     │ 
     │ Note: Under the Checks-Effects-Interactions pattern, all checks (reads, asserts) must precede any `.run()` calls in the same execution path.
─────╯

[WCEI03713000] Warning: a call to `_mapping_get_or_use` runs after an interaction (`Final.run()`)
     ╭─[ /Users/janm/Documents/projects-klients/PoC Aleo/artifacts/multitoken/local-workspace/pwn_proposal_poc/src/main.leo:125:23 ]
     │
 125 │             assert_eq(credits.aleo::account.get_or_use(std::ctx::addr(), 0u64) as u128, before + amount);
     │ 
     │ Help: Move this check above the `.run()` call to avoid reentrancy issues.
     │ 
     │ Note: Under the Checks-Effects-Interactions pattern, all checks (reads, asserts) must precede any `.run()` calls in the same execution path.
─────╯

[WCEI03713000] Warning: a call to `_mapping_get_or_use` runs after an interaction (`Final.run()`)
     ╭─[ /Users/janm/Documents/projects-klients/PoC Aleo/artifacts/multitoken/local-workspace/pwn_proposal_poc/src/main.leo:142:23 ]
     │
 142 │             assert_eq(credits.aleo::account.get_or_use(std::ctx::addr(), 0u64) as u128, before - amount);
     │ 
     │ Help: Move this check above the `.run()` call to avoid reentrancy issues.
     │ 
     │ Note: Under the Checks-Effects-Interactions pattern, all checks (reads, asserts) must precede any `.run()` calls in the same execution path.
─────╯

[WCEI03713000] Warning: a call to `_mapping_get_or_use` runs after an interaction (`Final.run()`)
     ╭─[ /Users/janm/Documents/projects-klients/PoC Aleo/artifacts/multitoken/local-workspace/pwn_proposal_poc/src/main.leo:159:23 ]
     │
 159 │             assert_eq(credits.aleo::account.get_or_use(std::ctx::addr(), 0u64) as u128, before - amount);
     │ 
     │ Help: Move this check above the `.run()` call to avoid reentrancy issues.
     │ 
     │ Note: Under the Checks-Effects-Interactions pattern, all checks (reads, asserts) must precede any `.run()` calls in the same execution path.
─────╯

[WCEI03713000] Warning: a `get_or_use` call on dynamic storage runs after an interaction (`Final.run()`)
     ╭─[ /Users/janm/Documents/projects-klients/PoC Aleo/artifacts/multitoken/local-workspace/pwn_proposal_poc/src/main.leo:200:23 ]
     │
 200 │             assert_eq(Reserves@(terms.credit_asset.program_id)::balances.get_or_use(std::ctx::addr(), 0u128), before + amount);
     │ 
     │ Help: Move this check above the `.run()` call to avoid reentrancy issues.
     │ 
     │ Note: Under the Checks-Effects-Interactions pattern, all checks (reads, asserts) must precede any `.run()` calls in the same execution path.
─────╯

[WCEI03713000] Warning: a `get_or_use` call on dynamic storage runs after an interaction (`Final.run()`)
     ╭─[ /Users/janm/Documents/projects-klients/PoC Aleo/artifacts/multitoken/local-workspace/pwn_proposal_poc/src/main.leo:230:23 ]
     │
 230 │             assert_eq(Reserves@(terms.credit_asset.program_id)::balances.get_or_use(std::ctx::addr(), 0u128), before - amount);
     │ 
     │ Help: Move this check above the `.run()` call to avoid reentrancy issues.
     │ 
     │ Note: Under the Checks-Effects-Interactions pattern, all checks (reads, asserts) must precede any `.run()` calls in the same execution path.
─────╯

[WCEI03713000] Warning: a `get_or_use` call on dynamic storage runs after an interaction (`Final.run()`)
     ╭─[ /Users/janm/Documents/projects-klients/PoC Aleo/artifacts/multitoken/local-workspace/pwn_proposal_poc/src/main.leo:243:23 ]
     │
 243 │             assert_eq(Reserves@(asset.program_id)::balances.get_or_use(std::ctx::addr(), 0u128), before + amount);
     │ 
     │ Help: Move this check above the `.run()` call to avoid reentrancy issues.
     │ 
     │ Note: Under the Checks-Effects-Interactions pattern, all checks (reads, asserts) must precede any `.run()` calls in the same execution path.
─────╯

[WCEI03713000] Warning: a `get_or_use` call on dynamic storage runs after an interaction (`Final.run()`)
     ╭─[ /Users/janm/Documents/projects-klients/PoC Aleo/artifacts/multitoken/local-workspace/pwn_proposal_poc/src/main.leo:260:23 ]
     │
 260 │             assert_eq(Reserves@(terms.credit_asset.program_id)::balances.get_or_use(std::ctx::addr(), 0u128), before - amount);
     │ 
     │ Help: Move this check above the `.run()` call to avoid reentrancy issues.
     │ 
     │ Note: Under the Checks-Effects-Interactions pattern, all checks (reads, asserts) must precede any `.run()` calls in the same execution path.
─────╯

[WCEI03713000] Warning: a `get_or_use` call on dynamic storage runs after an interaction (`Final.run()`)
     ╭─[ /Users/janm/Documents/projects-klients/PoC Aleo/artifacts/multitoken/local-workspace/pwn_proposal_poc/src/main.leo:277:23 ]
     │
 277 │             assert_eq(Reserves@(terms.credit_asset.program_id)::balances.get_or_use(std::ctx::addr(), 0u128), before - amount);
     │ 
     │ Help: Move this check above the `.run()` call to avoid reentrancy issues.
     │ 
     │ Note: Under the Checks-Effects-Interactions pattern, all checks (reads, asserts) must precede any `.run()` calls in the same execution path.
─────╯

[WCEI03713000] Warning: a `get_or_use` call on dynamic storage runs after an interaction (`Final.run()`)
     ╭─[ /Users/janm/Documents/projects-klients/PoC Aleo/artifacts/multitoken/local-workspace/pwn_proposal_poc/src/main.leo:318:23 ]
     │
 318 │             assert_eq(Reserves@(terms.credit_asset.program_id)::balances.get_or_use(std::ctx::addr(), 0u128), before + amount);
     │ 
     │ Help: Move this check above the `.run()` call to avoid reentrancy issues.
     │ 
     │ Note: Under the Checks-Effects-Interactions pattern, all checks (reads, asserts) must precede any `.run()` calls in the same execution path.
─────╯

[WCEI03713000] Warning: a `get_or_use` call on dynamic storage runs after an interaction (`Final.run()`)
     ╭─[ /Users/janm/Documents/projects-klients/PoC Aleo/artifacts/multitoken/local-workspace/pwn_proposal_poc/src/main.leo:348:23 ]
     │
 348 │             assert_eq(Reserves@(terms.credit_asset.program_id)::balances.get_or_use(std::ctx::addr(), 0u128), before - amount);
     │ 
     │ Help: Move this check above the `.run()` call to avoid reentrancy issues.
     │ 
     │ Note: Under the Checks-Effects-Interactions pattern, all checks (reads, asserts) must precede any `.run()` calls in the same execution path.
─────╯

[WCEI03713000] Warning: a `get_or_use` call on dynamic storage runs after an interaction (`Final.run()`)
     ╭─[ /Users/janm/Documents/projects-klients/PoC Aleo/artifacts/multitoken/local-workspace/pwn_proposal_poc/src/main.leo:361:23 ]
     │
 361 │             assert_eq(Reserves@(asset.program_id)::balances.get_or_use(std::ctx::addr(), 0u128), before + amount);
     │ 
     │ Help: Move this check above the `.run()` call to avoid reentrancy issues.
     │ 
     │ Note: Under the Checks-Effects-Interactions pattern, all checks (reads, asserts) must precede any `.run()` calls in the same execution path.
─────╯

[WCEI03713000] Warning: a `get_or_use` call on dynamic storage runs after an interaction (`Final.run()`)
     ╭─[ /Users/janm/Documents/projects-klients/PoC Aleo/artifacts/multitoken/local-workspace/pwn_proposal_poc/src/main.leo:378:23 ]
     │
 378 │             assert_eq(Reserves@(terms.credit_asset.program_id)::balances.get_or_use(std::ctx::addr(), 0u128), before - amount);
     │ 
     │ Help: Move this check above the `.run()` call to avoid reentrancy issues.
     │ 
     │ Note: Under the Checks-Effects-Interactions pattern, all checks (reads, asserts) must precede any `.run()` calls in the same execution path.
─────╯

[WCEI03713000] Warning: a `get_or_use` call on dynamic storage runs after an interaction (`Final.run()`)
     ╭─[ /Users/janm/Documents/projects-klients/PoC Aleo/artifacts/multitoken/local-workspace/pwn_proposal_poc/src/main.leo:395:23 ]
     │
 395 │             assert_eq(Reserves@(terms.credit_asset.program_id)::balances.get_or_use(std::ctx::addr(), 0u128), before - amount);
     │ 
     │ Help: Move this check above the `.run()` call to avoid reentrancy issues.
     │ 
     │ Note: Under the Checks-Effects-Interactions pattern, all checks (reads, asserts) must precede any `.run()` calls in the same execution path.
─────╯

[WCEI03713000] Warning: a call to `_mapping_get_or_use` runs after an interaction (`Final.run()`)
    ╭─[ /Users/janm/Documents/projects-klients/PoC Aleo/artifacts/multitoken/local-workspace/pwn_loan_poc/src/main.leo:65:23 ]
    │
 65 │             assert_eq(credits.aleo::account.get_or_use(std::ctx::addr(), 0u64) as u128, before + collateral_amount);
    │ 
    │ Help: Move this check above the `.run()` call to avoid reentrancy issues.
    │ 
    │ Note: Under the Checks-Effects-Interactions pattern, all checks (reads, asserts) must precede any `.run()` calls in the same execution path.
────╯

[WCEI03713000] Warning: a call to `_mapping_get_or_use` runs after an interaction (`Final.run()`)
    ╭─[ /Users/janm/Documents/projects-klients/PoC Aleo/artifacts/multitoken/local-workspace/pwn_loan_poc/src/main.leo:88:23 ]
    │
 88 │             assert_eq(credits.aleo::account.get_or_use(std::ctx::addr(), 0u64) as u128, before - witness.collateral_amount);
    │ 
    │ Help: Move this check above the `.run()` call to avoid reentrancy issues.
    │ 
    │ Note: Under the Checks-Effects-Interactions pattern, all checks (reads, asserts) must precede any `.run()` calls in the same execution path.
────╯

[WCEI03713000] Warning: a `get_or_use` call on dynamic storage runs after an interaction (`Final.run()`)
     ╭─[ /Users/janm/Documents/projects-klients/PoC Aleo/artifacts/multitoken/local-workspace/pwn_loan_poc/src/main.leo:113:23 ]
     │
 113 │             assert_eq(Reserves@(witness.collateral_asset.program_id)::balances.get_or_use(std::ctx::addr(), 0u128), before + collateral_amount);
     │ 
     │ Help: Move this check above the `.run()` call to avoid reentrancy issues.
     │ 
     │ Note: Under the Checks-Effects-Interactions pattern, all checks (reads, asserts) must precede any `.run()` calls in the same execution path.
─────╯

[WCEI03713000] Warning: a `get_or_use` call on dynamic storage runs after an interaction (`Final.run()`)
     ╭─[ /Users/janm/Documents/projects-klients/PoC Aleo/artifacts/multitoken/local-workspace/pwn_loan_poc/src/main.leo:136:23 ]
     │
 136 │             assert_eq(Reserves@(witness.collateral_asset.program_id)::balances.get_or_use(std::ctx::addr(), 0u128), before - witness.collateral_amount);
     │ 
     │ Help: Move this check above the `.run()` call to avoid reentrancy issues.
     │ 
     │ Note: Under the Checks-Effects-Interactions pattern, all checks (reads, asserts) must precede any `.run()` calls in the same execution path.
─────╯

[WCEI03713000] Warning: a `get_or_use` call on dynamic storage runs after an interaction (`Final.run()`)
     ╭─[ /Users/janm/Documents/projects-klients/PoC Aleo/artifacts/multitoken/local-workspace/pwn_loan_poc/src/main.leo:161:23 ]
     │
 161 │             assert_eq(Reserves@(witness.collateral_asset.program_id)::balances.get_or_use(std::ctx::addr(), 0u128), before + collateral_amount);
     │ 
     │ Help: Move this check above the `.run()` call to avoid reentrancy issues.
     │ 
     │ Note: Under the Checks-Effects-Interactions pattern, all checks (reads, asserts) must precede any `.run()` calls in the same execution path.
─────╯

[WCEI03713000] Warning: a `get_or_use` call on dynamic storage runs after an interaction (`Final.run()`)
     ╭─[ /Users/janm/Documents/projects-klients/PoC Aleo/artifacts/multitoken/local-workspace/pwn_loan_poc/src/main.leo:184:23 ]
     │
 184 │             assert_eq(Reserves@(witness.collateral_asset.program_id)::balances.get_or_use(std::ctx::addr(), 0u128), before - witness.collateral_amount);
     │ 
     │ Help: Move this check above the `.run()` call to avoid reentrancy issues.
     │ 
     │ Note: Under the Checks-Effects-Interactions pattern, all checks (reads, asserts) must precede any `.run()` calls in the same execution path.
─────╯

[WCEI03713000] Warning: a call to `_mapping_get_or_use` runs after an interaction (`Final.run()`)
     ╭─[ /Users/janm/Documents/projects-klients/PoC Aleo/artifacts/multitoken/local-workspace/pwn_loan_poc/src/main.leo:209:23 ]
     │
 209 │             assert_eq(credits.aleo::account.get_or_use(std::ctx::addr(), 0u64) as u128, before + collateral_amount);
     │ 
     │ Help: Move this check above the `.run()` call to avoid reentrancy issues.
     │ 
     │ Note: Under the Checks-Effects-Interactions pattern, all checks (reads, asserts) must precede any `.run()` calls in the same execution path.
─────╯

[WCEI03713000] Warning: a call to `_mapping_get_or_use` runs after an interaction (`Final.run()`)
     ╭─[ /Users/janm/Documents/projects-klients/PoC Aleo/artifacts/multitoken/local-workspace/pwn_loan_poc/src/main.leo:232:23 ]
     │
 232 │             assert_eq(credits.aleo::account.get_or_use(std::ctx::addr(), 0u64) as u128, before - witness.collateral_amount);
     │ 
     │ Help: Move this check above the `.run()` call to avoid reentrancy issues.
     │ 
     │ Note: Under the Checks-Effects-Interactions pattern, all checks (reads, asserts) must precede any `.run()` calls in the same execution path.
─────╯

[WCEI03713000] Warning: a `get_or_use` call on dynamic storage runs after an interaction (`Final.run()`)
     ╭─[ /Users/janm/Documents/projects-klients/PoC Aleo/artifacts/multitoken/local-workspace/pwn_loan_poc/src/main.leo:257:23 ]
     │
 257 │             assert_eq(Reserves@(witness.collateral_asset.program_id)::balances.get_or_use(std::ctx::addr(), 0u128), before + collateral_amount);
     │ 
     │ Help: Move this check above the `.run()` call to avoid reentrancy issues.
     │ 
     │ Note: Under the Checks-Effects-Interactions pattern, all checks (reads, asserts) must precede any `.run()` calls in the same execution path.
─────╯

[WCEI03713000] Warning: a `get_or_use` call on dynamic storage runs after an interaction (`Final.run()`)
     ╭─[ /Users/janm/Documents/projects-klients/PoC Aleo/artifacts/multitoken/local-workspace/pwn_loan_poc/src/main.leo:280:23 ]
     │
 280 │             assert_eq(Reserves@(witness.collateral_asset.program_id)::balances.get_or_use(std::ctx::addr(), 0u128), before - witness.collateral_amount);
     │ 
     │ Help: Move this check above the `.run()` call to avoid reentrancy issues.
     │ 
     │ Note: Under the Checks-Effects-Interactions pattern, all checks (reads, asserts) must precede any `.run()` calls in the same execution path.
─────╯

[WCEI03713000] Warning: a `get_or_use` call on dynamic storage runs after an interaction (`Final.run()`)
     ╭─[ /Users/janm/Documents/projects-klients/PoC Aleo/artifacts/multitoken/local-workspace/pwn_loan_poc/src/main.leo:305:23 ]
     │
 305 │             assert_eq(Reserves@(witness.collateral_asset.program_id)::balances.get_or_use(std::ctx::addr(), 0u128), before + collateral_amount);
     │ 
     │ Help: Move this check above the `.run()` call to avoid reentrancy issues.
     │ 
     │ Note: Under the Checks-Effects-Interactions pattern, all checks (reads, asserts) must precede any `.run()` calls in the same execution path.
─────╯

[WCEI03713000] Warning: a `get_or_use` call on dynamic storage runs after an interaction (`Final.run()`)
     ╭─[ /Users/janm/Documents/projects-klients/PoC Aleo/artifacts/multitoken/local-workspace/pwn_loan_poc/src/main.leo:328:23 ]
     │
 328 │             assert_eq(Reserves@(witness.collateral_asset.program_id)::balances.get_or_use(std::ctx::addr(), 0u128), before - witness.collateral_amount);
     │ 
     │ Help: Move this check above the `.run()` call to avoid reentrancy issues.
     │ 
     │ Note: Under the Checks-Effects-Interactions pattern, all checks (reads, asserts) must precede any `.run()` calls in the same execution path.
─────╯

[WCEI03713000] Warning: a call to `_mapping_get_or_use` runs after an interaction (`Final.run()`)
     ╭─[ /Users/janm/Documents/projects-klients/PoC Aleo/artifacts/multitoken/local-workspace/pwn_loan_poc/src/main.leo:353:23 ]
     │
 353 │             assert_eq(credits.aleo::account.get_or_use(std::ctx::addr(), 0u64) as u128, before + collateral_amount);
     │ 
     │ Help: Move this check above the `.run()` call to avoid reentrancy issues.
     │ 
     │ Note: Under the Checks-Effects-Interactions pattern, all checks (reads, asserts) must precede any `.run()` calls in the same execution path.
─────╯

[WCEI03713000] Warning: a call to `_mapping_get_or_use` runs after an interaction (`Final.run()`)
     ╭─[ /Users/janm/Documents/projects-klients/PoC Aleo/artifacts/multitoken/local-workspace/pwn_loan_poc/src/main.leo:376:23 ]
     │
 376 │             assert_eq(credits.aleo::account.get_or_use(std::ctx::addr(), 0u64) as u128, before - witness.collateral_amount);
     │ 
     │ Help: Move this check above the `.run()` call to avoid reentrancy issues.
     │ 
     │ Note: Under the Checks-Effects-Interactions pattern, all checks (reads, asserts) must precede any `.run()` calls in the same execution path.
─────╯

[WCEI03713000] Warning: a `get_or_use` call on dynamic storage runs after an interaction (`Final.run()`)
     ╭─[ /Users/janm/Documents/projects-klients/PoC Aleo/artifacts/multitoken/local-workspace/pwn_loan_poc/src/main.leo:401:23 ]
     │
 401 │             assert_eq(Reserves@(witness.collateral_asset.program_id)::balances.get_or_use(std::ctx::addr(), 0u128), before + collateral_amount);
     │ 
     │ Help: Move this check above the `.run()` call to avoid reentrancy issues.
     │ 
     │ Note: Under the Checks-Effects-Interactions pattern, all checks (reads, asserts) must precede any `.run()` calls in the same execution path.
─────╯

[WCEI03713000] Warning: a `get_or_use` call on dynamic storage runs after an interaction (`Final.run()`)
     ╭─[ /Users/janm/Documents/projects-klients/PoC Aleo/artifacts/multitoken/local-workspace/pwn_loan_poc/src/main.leo:424:23 ]
     │
 424 │             assert_eq(Reserves@(witness.collateral_asset.program_id)::balances.get_or_use(std::ctx::addr(), 0u128), before - witness.collateral_amount);
     │ 
     │ Help: Move this check above the `.run()` call to avoid reentrancy issues.
     │ 
     │ Note: Under the Checks-Effects-Interactions pattern, all checks (reads, asserts) must precede any `.run()` calls in the same execution path.
─────╯

[WCEI03713000] Warning: a `get_or_use` call on dynamic storage runs after an interaction (`Final.run()`)
     ╭─[ /Users/janm/Documents/projects-klients/PoC Aleo/artifacts/multitoken/local-workspace/pwn_loan_poc/src/main.leo:449:23 ]
     │
 449 │             assert_eq(Reserves@(witness.collateral_asset.program_id)::balances.get_or_use(std::ctx::addr(), 0u128), before + collateral_amount);
     │ 
     │ Help: Move this check above the `.run()` call to avoid reentrancy issues.
     │ 
     │ Note: Under the Checks-Effects-Interactions pattern, all checks (reads, asserts) must precede any `.run()` calls in the same execution path.
─────╯

[WCEI03713000] Warning: a `get_or_use` call on dynamic storage runs after an interaction (`Final.run()`)
     ╭─[ /Users/janm/Documents/projects-klients/PoC Aleo/artifacts/multitoken/local-workspace/pwn_loan_poc/src/main.leo:472:23 ]
     │
 472 │             assert_eq(Reserves@(witness.collateral_asset.program_id)::balances.get_or_use(std::ctx::addr(), 0u128), before - witness.collateral_amount);
     │ 
     │ Help: Move this check above the `.run()` call to avoid reentrancy issues.
     │ 
     │ Note: Under the Checks-Effects-Interactions pattern, all checks (reads, asserts) must precede any `.run()` calls in the same execution path.
─────╯

[WCEI03713000] Warning: a call to `_mapping_get_or_use` runs after an interaction (`Final.run()`)
     ╭─[ /Users/janm/Documents/projects-klients/PoC Aleo/artifacts/multitoken/local-workspace/pwn_loan_poc/src/main.leo:489:23 ]
     │
 489 │             assert_eq(credits.aleo::account.get_or_use(std::ctx::addr(), 0u64) as u128, before - witness.collateral_amount);
     │ 
     │ Help: Move this check above the `.run()` call to avoid reentrancy issues.
     │ 
     │ Note: Under the Checks-Effects-Interactions pattern, all checks (reads, asserts) must precede any `.run()` calls in the same execution path.
─────╯

[WCEI03713000] Warning: a `get_or_use` call on dynamic storage runs after an interaction (`Final.run()`)
     ╭─[ /Users/janm/Documents/projects-klients/PoC Aleo/artifacts/multitoken/local-workspace/pwn_loan_poc/src/main.leo:506:23 ]
     │
 506 │             assert_eq(Reserves@(witness.collateral_asset.program_id)::balances.get_or_use(std::ctx::addr(), 0u128), before - witness.collateral_amount);
     │ 
     │ Help: Move this check above the `.run()` call to avoid reentrancy issues.
     │ 
     │ Note: Under the Checks-Effects-Interactions pattern, all checks (reads, asserts) must precede any `.run()` calls in the same execution path.
─────╯

[WCEI03713000] Warning: a `get_or_use` call on dynamic storage runs after an interaction (`Final.run()`)
     ╭─[ /Users/janm/Documents/projects-klients/PoC Aleo/artifacts/multitoken/local-workspace/pwn_loan_poc/src/main.leo:523:23 ]
     │
 523 │             assert_eq(Reserves@(witness.collateral_asset.program_id)::balances.get_or_use(std::ctx::addr(), 0u128), before - witness.collateral_amount);
     │ 
     │ Help: Move this check above the `.run()` call to avoid reentrancy issues.
     │ 
     │ Note: Under the Checks-Effects-Interactions pattern, all checks (reads, asserts) must precede any `.run()` calls in the same execution path.
─────╯


📢 Using the following consensus heights: 0,5,6,7,8,9,10,11,12,13,14,15,16,17,18,19,20,21,22
  To override, pass in `--consensus-heights` or override the environment variable `CONSENSUS_VERSION_HEIGHTS`.


🚀 Execution Plan Summary
──────────────────────────────────────────────
🔧 Configuration:
  Private Key:        APrivateKey1zkpGPDbTcP2r...
  Address:            aleo16k6wjpe5snzfhzf07mf...
  Endpoint:           http://127.0.0.1:52479
  Network:            testnet
  Consensus Version:  19

🎯 Execution Target:
  Program:        pwn_loan_poc.aleo
  Function:       accept_arc20_aleo
  Source:         local

💸 Fee Info:
  Priority Fee:   0 μcredits
  Fee Record:     no (public fee)

⚙️ Actions:
  - A transaction will be generated, WITHOUT a proof.
  - Transaction will NOT be printed to the console.
  - Transaction will NOT be saved to a file.
  - Transaction will be broadcast to http://127.0.0.1:52479
──────────────────────────────────────────────


➕Adding programs to the VM in the following order:
  - merkle_tree.aleo (local)
  - arc20_multisig_core.aleo (local)
  - arc20_sol.aleo (local)
  - arc20_wbtc.aleo (local)
  - usdcx_multisig_core.aleo (local)
  - usdcx_freezelist.aleo (local)
  - usdcx_stablecoin.aleo (local)
  - usad_multisig_core.aleo (local)
  - usad_freezelist.aleo (local)
  - usad_stablecoin.aleo (local)
  - pwn_delta_token.aleo (local)
  - credits.aleo (already included)
  - pwn_config_poc.aleo (local)
  - pwn_hub_poc.aleo (local)
  - pwn_proposal_poc.aleo (local)
  - pwn_loan_poc.aleo (local)
  - pwn_local_fixture.aleo (local)

⚙️ Generating transaction WITHOUT a proof for pwn_loan_poc.aleo/accept_arc20_aleo...

📊 Execution Cost Summary for pwn_loan_poc.aleo
──────────────────────────────────────────────
💰 Cost Breakdown (credits)
  Transaction Storage:  0.021461
  On-chain Execution:   0.005749
  Priority Fee:         0.000000
  Total Fee:            0.027210
──────────────────────────────────────────────

➡️  Outputs

 • {
  owner: aleo16k6wjpe5snzfhzf07mfze8j8lyg6vgyfe25vu67ykpvu6mv6ng8q8p78ue,
  _root: 7907710830747846252012169120663688607130679151171038536649161869283642952979field,
  _nonce: 4860603011768567239378302180902393359233347965321465824089538777718995310807group,
  _version: 1u8
}
 • {
  owner: aleo16k6wjpe5snzfhzf07mfze8j8lyg6vgyfe25vu67ykpvu6mv6ng8q8p78ue.private,
  microcredits: 400u64.private,
  _nonce: 4819491556787242582027147969778249181064202593806917845049017268934577083673group.public,
  _version: 1u8.public
}
 • {
  loan_id: 4899708520167532150251838594277611095988291774921182378012849727075672423980field,
  commitment_id: 5299764043352510725131571125626912631629591229535786073632389073827455247405field,
  credit_asset: {
    program_id: 'arc20_wbtc',
    token_id: 0field,
    family: 2u8,
    version: 1u16
  },
  collateral_asset: {
    program_id: 'credits',
    token_id: 0field,
    family: 1u8,
    version: 1u16
  },
  credit_amount: 400u128,
  collateral_amount: 600u128,
  repayment_amount: 440u128,
  accruing_apr: 0u32,
  borrower_auth: 237702182084521623518794718407057327686525861534462434751772331880159420369field,
  lender_auth: 7810964033051035128603404370036017701724996838576632194964701932870782601992field
}
 • {
  program_id: pwn_loan_poc.aleo,
  function_name: accept_arc20_aleo,
  arguments: [
    4899708520167532150251838594277611095988291774921182378012849727075672423980field,
    {
  loan_id: 4899708520167532150251838594277611095988291774921182378012849727075672423980field,
  commitment_id: 5299764043352510725131571125626912631629591229535786073632389073827455247405field,
  credit_asset: {
    program_id: 'arc20_wbtc',
    token_id: 0field,
    family: 2u8,
    version: 1u16
  },
  collateral_asset: {
    program_id: 'credits',
    token_id: 0field,
    family: 1u8,
    version: 1u16
  },
  credit_amount: 400u128,
  collateral_amount: 600u128,
  repayment_amount: 440u128,
  accruing_apr: 0u32,
  borrower_auth: 237702182084521623518794718407057327686525861534462434751772331880159420369field,
  lender_auth: 7810964033051035128603404370036017701724996838576632194964701932870782601992field
},
    6786802982289691119856174568360825153251820907909424550508671979002591386349field,
    {
  credit_asset: {
    program_id: 'arc20_wbtc',
    token_id: 0field,
    family: 2u8,
    version: 1u16
  },
  collateral_asset: {
    program_id: 'credits',
    token_id: 0field,
    family: 1u8,
    version: 1u16
  },
  min_draw: 100u128,
  max_draw: 600u128,
  collateral_ratio: 15000u64,
  repayment_ratio: 11000u64,
  accruing_apr: 0u32,
  duration: 1000u32,
  expiry: 5220u32,
  lender_auth: 7810964033051035128603404370036017701724996838576632194964701932870782601992field
},
    600u128,
    {
      program_id: credits.aleo,
      function_name: transfer_private_to_public,
      arguments: [
        aleo1gqzuhr60tnlt0fhjevmu5y4ymc46qsky2emzkcvf98rwkq7s759spr0n8j,
        600u64
      ]
    },
    {
      program_id: pwn_proposal_poc.aleo,
      function_name: draw_arc20,
      arguments: [
        7298663685341555103192413162654463530900305128120983956066599834857605933931field,
        6015164828284017904487852449616947169216606668584332534936450170525960040230field,
        {
  credit_asset: {
    program_id: 'arc20_wbtc',
    token_id: 0field,
    family: 2u8,
    version: 1u16
  },
  collateral_asset: {
    program_id: 'credits',
    token_id: 0field,
    family: 1u8,
    version: 1u16
  },
  min_draw: 100u128,
  max_draw: 600u128,
  collateral_ratio: 15000u64,
  repayment_ratio: 11000u64,
  accruing_apr: 0u32,
  duration: 1000u32,
  expiry: 5220u32,
  lender_auth: 7810964033051035128603404370036017701724996838576632194964701932870782601992field
},
        5299764043352510725131571125626912631629591229535786073632389073827455247405field,
        4985093832708001445149664972670634419288390578276522608610364999821874785080field,
        400u128,
        { _program_id: arc20_wbtc.aleo, _function_name: transfer_public_to_private, _checksum: 6422974191190668500358115580012550746077937836631476621770806379901472786911field }
      ]
    }
  
  ]
}

📡 Broadcasting execution for pwn_loan_poc.aleo...
💰Your current public balance is 999.503667 credits.

✉️ Broadcasted transaction with:
  - transaction ID: 'at1xydgcf9twjl4s9sewlntetae3c8q0jnkkh90jn8d3z5c09lujcqspc4mfc'
  - fee ID: 'au129v4700nwn6yx720myayt2g5u0xk8cm6802n7e047k2s76qzc5rszcsftd'
  - fee transaction ID: 'at1h7pajspe5v9rh7d0x7mxwpndsjjzta9paqmyudl0nna28ng0tgxq8hpj4c'
    (use this to check for rejected transactions)

🔄 Searching up to 12 blocks to confirm transaction (this may take several seconds)...
Explored 1 blocks.
Transaction accepted.
✅ Execution confirmed!
