
[WCEI03713000] Warning: a call to `_mapping_get_or_use` runs after an interaction (`Final.run()`)
     ╭─[ /Users/janm/Documents/projects-klients/PoC Aleo/artifacts/multitoken/local-workspace/pwn_proposal_poc/src/main.leo:139:23 ]
     │
 139 │             assert_eq(credits.aleo::account.get_or_use(std::ctx::addr(), 0u64) as u128, before + amount);
     │ 
     │ Help: Move this check above the `.run()` call to avoid reentrancy issues.
     │ 
     │ Note: Under the Checks-Effects-Interactions pattern, all checks (reads, asserts) must precede any `.run()` calls in the same execution path.
─────╯

[WCEI03713000] Warning: a call to `_mapping_get_or_use` runs after an interaction (`Final.run()`)
     ╭─[ /Users/janm/Documents/projects-klients/PoC Aleo/artifacts/multitoken/local-workspace/pwn_proposal_poc/src/main.leo:156:23 ]
     │
 156 │             assert_eq(credits.aleo::account.get_or_use(std::ctx::addr(), 0u64) as u128, before - amount);
     │ 
     │ Help: Move this check above the `.run()` call to avoid reentrancy issues.
     │ 
     │ Note: Under the Checks-Effects-Interactions pattern, all checks (reads, asserts) must precede any `.run()` calls in the same execution path.
─────╯

[WCEI03713000] Warning: a call to `_mapping_get_or_use` runs after an interaction (`Final.run()`)
     ╭─[ /Users/janm/Documents/projects-klients/PoC Aleo/artifacts/multitoken/local-workspace/pwn_proposal_poc/src/main.leo:168:23 ]
     │
 168 │             assert_eq(credits.aleo::account.get_or_use(std::ctx::addr(), 0u64) as u128, before + amount);
     │ 
     │ Help: Move this check above the `.run()` call to avoid reentrancy issues.
     │ 
     │ Note: Under the Checks-Effects-Interactions pattern, all checks (reads, asserts) must precede any `.run()` calls in the same execution path.
─────╯

[WCEI03713000] Warning: a call to `_mapping_get_or_use` runs after an interaction (`Final.run()`)
     ╭─[ /Users/janm/Documents/projects-klients/PoC Aleo/artifacts/multitoken/local-workspace/pwn_proposal_poc/src/main.leo:185:23 ]
     │
 185 │             assert_eq(credits.aleo::account.get_or_use(std::ctx::addr(), 0u64) as u128, before - amount);
     │ 
     │ Help: Move this check above the `.run()` call to avoid reentrancy issues.
     │ 
     │ Note: Under the Checks-Effects-Interactions pattern, all checks (reads, asserts) must precede any `.run()` calls in the same execution path.
─────╯

[WCEI03713000] Warning: a call to `_mapping_get_or_use` runs after an interaction (`Final.run()`)
     ╭─[ /Users/janm/Documents/projects-klients/PoC Aleo/artifacts/multitoken/local-workspace/pwn_proposal_poc/src/main.leo:202:23 ]
     │
 202 │             assert_eq(credits.aleo::account.get_or_use(std::ctx::addr(), 0u64) as u128, before - amount);
     │ 
     │ Help: Move this check above the `.run()` call to avoid reentrancy issues.
     │ 
     │ Note: Under the Checks-Effects-Interactions pattern, all checks (reads, asserts) must precede any `.run()` calls in the same execution path.
─────╯

[WCEI03713000] Warning: a `get_or_use` call on dynamic storage runs after an interaction (`Final.run()`)
     ╭─[ /Users/janm/Documents/projects-klients/PoC Aleo/artifacts/multitoken/local-workspace/pwn_proposal_poc/src/main.leo:221:23 ]
     │
 221 │             assert_eq(Reserves@(terms.credit_asset.program_id)::balances.get_or_use(std::ctx::addr(), 0u128), before + amount);
     │ 
     │ Help: Move this check above the `.run()` call to avoid reentrancy issues.
     │ 
     │ Note: Under the Checks-Effects-Interactions pattern, all checks (reads, asserts) must precede any `.run()` calls in the same execution path.
─────╯

[WCEI03713000] Warning: a `get_or_use` call on dynamic storage runs after an interaction (`Final.run()`)
     ╭─[ /Users/janm/Documents/projects-klients/PoC Aleo/artifacts/multitoken/local-workspace/pwn_proposal_poc/src/main.leo:238:23 ]
     │
 238 │             assert_eq(Reserves@(terms.credit_asset.program_id)::balances.get_or_use(std::ctx::addr(), 0u128), before - amount);
     │ 
     │ Help: Move this check above the `.run()` call to avoid reentrancy issues.
     │ 
     │ Note: Under the Checks-Effects-Interactions pattern, all checks (reads, asserts) must precede any `.run()` calls in the same execution path.
─────╯

[WCEI03713000] Warning: a `get_or_use` call on dynamic storage runs after an interaction (`Final.run()`)
     ╭─[ /Users/janm/Documents/projects-klients/PoC Aleo/artifacts/multitoken/local-workspace/pwn_proposal_poc/src/main.leo:250:23 ]
     │
 250 │             assert_eq(Reserves@(asset.program_id)::balances.get_or_use(std::ctx::addr(), 0u128), before + amount);
     │ 
     │ Help: Move this check above the `.run()` call to avoid reentrancy issues.
     │ 
     │ Note: Under the Checks-Effects-Interactions pattern, all checks (reads, asserts) must precede any `.run()` calls in the same execution path.
─────╯

[WCEI03713000] Warning: a `get_or_use` call on dynamic storage runs after an interaction (`Final.run()`)
     ╭─[ /Users/janm/Documents/projects-klients/PoC Aleo/artifacts/multitoken/local-workspace/pwn_proposal_poc/src/main.leo:267:23 ]
     │
 267 │             assert_eq(Reserves@(terms.credit_asset.program_id)::balances.get_or_use(std::ctx::addr(), 0u128), before - amount);
     │ 
     │ Help: Move this check above the `.run()` call to avoid reentrancy issues.
     │ 
     │ Note: Under the Checks-Effects-Interactions pattern, all checks (reads, asserts) must precede any `.run()` calls in the same execution path.
─────╯

[WCEI03713000] Warning: a `get_or_use` call on dynamic storage runs after an interaction (`Final.run()`)
     ╭─[ /Users/janm/Documents/projects-klients/PoC Aleo/artifacts/multitoken/local-workspace/pwn_proposal_poc/src/main.leo:284:23 ]
     │
 284 │             assert_eq(Reserves@(terms.credit_asset.program_id)::balances.get_or_use(std::ctx::addr(), 0u128), before - amount);
     │ 
     │ Help: Move this check above the `.run()` call to avoid reentrancy issues.
     │ 
     │ Note: Under the Checks-Effects-Interactions pattern, all checks (reads, asserts) must precede any `.run()` calls in the same execution path.
─────╯

[WCEI03713000] Warning: a `get_or_use` call on dynamic storage runs after an interaction (`Final.run()`)
     ╭─[ /Users/janm/Documents/projects-klients/PoC Aleo/artifacts/multitoken/local-workspace/pwn_proposal_poc/src/main.leo:303:23 ]
     │
 303 │             assert_eq(Reserves@(terms.credit_asset.program_id)::balances.get_or_use(std::ctx::addr(), 0u128), before + amount);
     │ 
     │ Help: Move this check above the `.run()` call to avoid reentrancy issues.
     │ 
     │ Note: Under the Checks-Effects-Interactions pattern, all checks (reads, asserts) must precede any `.run()` calls in the same execution path.
─────╯

[WCEI03713000] Warning: a `get_or_use` call on dynamic storage runs after an interaction (`Final.run()`)
     ╭─[ /Users/janm/Documents/projects-klients/PoC Aleo/artifacts/multitoken/local-workspace/pwn_proposal_poc/src/main.leo:320:23 ]
     │
 320 │             assert_eq(Reserves@(terms.credit_asset.program_id)::balances.get_or_use(std::ctx::addr(), 0u128), before - amount);
     │ 
     │ Help: Move this check above the `.run()` call to avoid reentrancy issues.
     │ 
     │ Note: Under the Checks-Effects-Interactions pattern, all checks (reads, asserts) must precede any `.run()` calls in the same execution path.
─────╯

[WCEI03713000] Warning: a `get_or_use` call on dynamic storage runs after an interaction (`Final.run()`)
     ╭─[ /Users/janm/Documents/projects-klients/PoC Aleo/artifacts/multitoken/local-workspace/pwn_proposal_poc/src/main.leo:332:23 ]
     │
 332 │             assert_eq(Reserves@(asset.program_id)::balances.get_or_use(std::ctx::addr(), 0u128), before + amount);
     │ 
     │ Help: Move this check above the `.run()` call to avoid reentrancy issues.
     │ 
     │ Note: Under the Checks-Effects-Interactions pattern, all checks (reads, asserts) must precede any `.run()` calls in the same execution path.
─────╯

[WCEI03713000] Warning: a `get_or_use` call on dynamic storage runs after an interaction (`Final.run()`)
     ╭─[ /Users/janm/Documents/projects-klients/PoC Aleo/artifacts/multitoken/local-workspace/pwn_proposal_poc/src/main.leo:349:23 ]
     │
 349 │             assert_eq(Reserves@(terms.credit_asset.program_id)::balances.get_or_use(std::ctx::addr(), 0u128), before - amount);
     │ 
     │ Help: Move this check above the `.run()` call to avoid reentrancy issues.
     │ 
     │ Note: Under the Checks-Effects-Interactions pattern, all checks (reads, asserts) must precede any `.run()` calls in the same execution path.
─────╯

[WCEI03713000] Warning: a `get_or_use` call on dynamic storage runs after an interaction (`Final.run()`)
     ╭─[ /Users/janm/Documents/projects-klients/PoC Aleo/artifacts/multitoken/local-workspace/pwn_proposal_poc/src/main.leo:366:23 ]
     │
 366 │             assert_eq(Reserves@(terms.credit_asset.program_id)::balances.get_or_use(std::ctx::addr(), 0u128), before - amount);
     │ 
     │ Help: Move this check above the `.run()` call to avoid reentrancy issues.
     │ 
     │ Note: Under the Checks-Effects-Interactions pattern, all checks (reads, asserts) must precede any `.run()` calls in the same execution path.
─────╯

[WCEI03713000] Warning: a call to `_mapping_get_or_use` runs after an interaction (`Final.run()`)
     ╭─[ /Users/janm/Documents/projects-klients/PoC Aleo/artifacts/multitoken/local-workspace/pwn_loan_poc/src/main.leo:124:23 ]
     │
 124 │             assert_eq(credits.aleo::account.get_or_use(std::ctx::addr(), 0u64) as u128, before + collateral_amount);
     │ 
     │ Help: Move this check above the `.run()` call to avoid reentrancy issues.
     │ 
     │ Note: Under the Checks-Effects-Interactions pattern, all checks (reads, asserts) must precede any `.run()` calls in the same execution path.
─────╯

[WCEI03713000] Warning: a call to `_mapping_get_or_use` runs after an interaction (`Final.run()`)
     ╭─[ /Users/janm/Documents/projects-klients/PoC Aleo/artifacts/multitoken/local-workspace/pwn_loan_poc/src/main.leo:139:23 ]
     │
 139 │             assert_eq(credits.aleo::account.get_or_use(std::ctx::addr(), 0u64) as u128, before - witness.collateral_amount);
     │ 
     │ Help: Move this check above the `.run()` call to avoid reentrancy issues.
     │ 
     │ Note: Under the Checks-Effects-Interactions pattern, all checks (reads, asserts) must precede any `.run()` calls in the same execution path.
─────╯

[WCEI03713000] Warning: a `get_or_use` call on dynamic storage runs after an interaction (`Final.run()`)
     ╭─[ /Users/janm/Documents/projects-klients/PoC Aleo/artifacts/multitoken/local-workspace/pwn_loan_poc/src/main.leo:158:23 ]
     │
 158 │             assert_eq(Reserves@(witness.collateral_asset.program_id)::balances.get_or_use(std::ctx::addr(), 0u128), before + collateral_amount);
     │ 
     │ Help: Move this check above the `.run()` call to avoid reentrancy issues.
     │ 
     │ Note: Under the Checks-Effects-Interactions pattern, all checks (reads, asserts) must precede any `.run()` calls in the same execution path.
─────╯

[WCEI03713000] Warning: a `get_or_use` call on dynamic storage runs after an interaction (`Final.run()`)
     ╭─[ /Users/janm/Documents/projects-klients/PoC Aleo/artifacts/multitoken/local-workspace/pwn_loan_poc/src/main.leo:173:23 ]
     │
 173 │             assert_eq(Reserves@(witness.collateral_asset.program_id)::balances.get_or_use(std::ctx::addr(), 0u128), before - witness.collateral_amount);
     │ 
     │ Help: Move this check above the `.run()` call to avoid reentrancy issues.
     │ 
     │ Note: Under the Checks-Effects-Interactions pattern, all checks (reads, asserts) must precede any `.run()` calls in the same execution path.
─────╯

[WCEI03713000] Warning: a `get_or_use` call on dynamic storage runs after an interaction (`Final.run()`)
     ╭─[ /Users/janm/Documents/projects-klients/PoC Aleo/artifacts/multitoken/local-workspace/pwn_loan_poc/src/main.leo:192:23 ]
     │
 192 │             assert_eq(Reserves@(witness.collateral_asset.program_id)::balances.get_or_use(std::ctx::addr(), 0u128), before + collateral_amount);
     │ 
     │ Help: Move this check above the `.run()` call to avoid reentrancy issues.
     │ 
     │ Note: Under the Checks-Effects-Interactions pattern, all checks (reads, asserts) must precede any `.run()` calls in the same execution path.
─────╯

[WCEI03713000] Warning: a `get_or_use` call on dynamic storage runs after an interaction (`Final.run()`)
     ╭─[ /Users/janm/Documents/projects-klients/PoC Aleo/artifacts/multitoken/local-workspace/pwn_loan_poc/src/main.leo:207:23 ]
     │
 207 │             assert_eq(Reserves@(witness.collateral_asset.program_id)::balances.get_or_use(std::ctx::addr(), 0u128), before - witness.collateral_amount);
     │ 
     │ Help: Move this check above the `.run()` call to avoid reentrancy issues.
     │ 
     │ Note: Under the Checks-Effects-Interactions pattern, all checks (reads, asserts) must precede any `.run()` calls in the same execution path.
─────╯

[WCEI03713000] Warning: a call to `_mapping_get_or_use` runs after an interaction (`Final.run()`)
     ╭─[ /Users/janm/Documents/projects-klients/PoC Aleo/artifacts/multitoken/local-workspace/pwn_loan_poc/src/main.leo:226:23 ]
     │
 226 │             assert_eq(credits.aleo::account.get_or_use(std::ctx::addr(), 0u64) as u128, before + collateral_amount);
     │ 
     │ Help: Move this check above the `.run()` call to avoid reentrancy issues.
     │ 
     │ Note: Under the Checks-Effects-Interactions pattern, all checks (reads, asserts) must precede any `.run()` calls in the same execution path.
─────╯

[WCEI03713000] Warning: a call to `_mapping_get_or_use` runs after an interaction (`Final.run()`)
     ╭─[ /Users/janm/Documents/projects-klients/PoC Aleo/artifacts/multitoken/local-workspace/pwn_loan_poc/src/main.leo:241:23 ]
     │
 241 │             assert_eq(credits.aleo::account.get_or_use(std::ctx::addr(), 0u64) as u128, before - witness.collateral_amount);
     │ 
     │ Help: Move this check above the `.run()` call to avoid reentrancy issues.
     │ 
     │ Note: Under the Checks-Effects-Interactions pattern, all checks (reads, asserts) must precede any `.run()` calls in the same execution path.
─────╯

[WCEI03713000] Warning: a `get_or_use` call on dynamic storage runs after an interaction (`Final.run()`)
     ╭─[ /Users/janm/Documents/projects-klients/PoC Aleo/artifacts/multitoken/local-workspace/pwn_loan_poc/src/main.leo:260:23 ]
     │
 260 │             assert_eq(Reserves@(witness.collateral_asset.program_id)::balances.get_or_use(std::ctx::addr(), 0u128), before + collateral_amount);
     │ 
     │ Help: Move this check above the `.run()` call to avoid reentrancy issues.
     │ 
     │ Note: Under the Checks-Effects-Interactions pattern, all checks (reads, asserts) must precede any `.run()` calls in the same execution path.
─────╯

[WCEI03713000] Warning: a `get_or_use` call on dynamic storage runs after an interaction (`Final.run()`)
     ╭─[ /Users/janm/Documents/projects-klients/PoC Aleo/artifacts/multitoken/local-workspace/pwn_loan_poc/src/main.leo:275:23 ]
     │
 275 │             assert_eq(Reserves@(witness.collateral_asset.program_id)::balances.get_or_use(std::ctx::addr(), 0u128), before - witness.collateral_amount);
     │ 
     │ Help: Move this check above the `.run()` call to avoid reentrancy issues.
     │ 
     │ Note: Under the Checks-Effects-Interactions pattern, all checks (reads, asserts) must precede any `.run()` calls in the same execution path.
─────╯

[WCEI03713000] Warning: a `get_or_use` call on dynamic storage runs after an interaction (`Final.run()`)
     ╭─[ /Users/janm/Documents/projects-klients/PoC Aleo/artifacts/multitoken/local-workspace/pwn_loan_poc/src/main.leo:294:23 ]
     │
 294 │             assert_eq(Reserves@(witness.collateral_asset.program_id)::balances.get_or_use(std::ctx::addr(), 0u128), before + collateral_amount);
     │ 
     │ Help: Move this check above the `.run()` call to avoid reentrancy issues.
     │ 
     │ Note: Under the Checks-Effects-Interactions pattern, all checks (reads, asserts) must precede any `.run()` calls in the same execution path.
─────╯

[WCEI03713000] Warning: a `get_or_use` call on dynamic storage runs after an interaction (`Final.run()`)
     ╭─[ /Users/janm/Documents/projects-klients/PoC Aleo/artifacts/multitoken/local-workspace/pwn_loan_poc/src/main.leo:309:23 ]
     │
 309 │             assert_eq(Reserves@(witness.collateral_asset.program_id)::balances.get_or_use(std::ctx::addr(), 0u128), before - witness.collateral_amount);
     │ 
     │ Help: Move this check above the `.run()` call to avoid reentrancy issues.
     │ 
     │ Note: Under the Checks-Effects-Interactions pattern, all checks (reads, asserts) must precede any `.run()` calls in the same execution path.
─────╯

[WCEI03713000] Warning: a call to `_mapping_get_or_use` runs after an interaction (`Final.run()`)
     ╭─[ /Users/janm/Documents/projects-klients/PoC Aleo/artifacts/multitoken/local-workspace/pwn_loan_poc/src/main.leo:328:23 ]
     │
 328 │             assert_eq(credits.aleo::account.get_or_use(std::ctx::addr(), 0u64) as u128, before + collateral_amount);
     │ 
     │ Help: Move this check above the `.run()` call to avoid reentrancy issues.
     │ 
     │ Note: Under the Checks-Effects-Interactions pattern, all checks (reads, asserts) must precede any `.run()` calls in the same execution path.
─────╯

[WCEI03713000] Warning: a call to `_mapping_get_or_use` runs after an interaction (`Final.run()`)
     ╭─[ /Users/janm/Documents/projects-klients/PoC Aleo/artifacts/multitoken/local-workspace/pwn_loan_poc/src/main.leo:343:23 ]
     │
 343 │             assert_eq(credits.aleo::account.get_or_use(std::ctx::addr(), 0u64) as u128, before - witness.collateral_amount);
     │ 
     │ Help: Move this check above the `.run()` call to avoid reentrancy issues.
     │ 
     │ Note: Under the Checks-Effects-Interactions pattern, all checks (reads, asserts) must precede any `.run()` calls in the same execution path.
─────╯

[WCEI03713000] Warning: a `get_or_use` call on dynamic storage runs after an interaction (`Final.run()`)
     ╭─[ /Users/janm/Documents/projects-klients/PoC Aleo/artifacts/multitoken/local-workspace/pwn_loan_poc/src/main.leo:362:23 ]
     │
 362 │             assert_eq(Reserves@(witness.collateral_asset.program_id)::balances.get_or_use(std::ctx::addr(), 0u128), before + collateral_amount);
     │ 
     │ Help: Move this check above the `.run()` call to avoid reentrancy issues.
     │ 
     │ Note: Under the Checks-Effects-Interactions pattern, all checks (reads, asserts) must precede any `.run()` calls in the same execution path.
─────╯

[WCEI03713000] Warning: a `get_or_use` call on dynamic storage runs after an interaction (`Final.run()`)
     ╭─[ /Users/janm/Documents/projects-klients/PoC Aleo/artifacts/multitoken/local-workspace/pwn_loan_poc/src/main.leo:377:23 ]
     │
 377 │             assert_eq(Reserves@(witness.collateral_asset.program_id)::balances.get_or_use(std::ctx::addr(), 0u128), before - witness.collateral_amount);
     │ 
     │ Help: Move this check above the `.run()` call to avoid reentrancy issues.
     │ 
     │ Note: Under the Checks-Effects-Interactions pattern, all checks (reads, asserts) must precede any `.run()` calls in the same execution path.
─────╯

[WCEI03713000] Warning: a `get_or_use` call on dynamic storage runs after an interaction (`Final.run()`)
     ╭─[ /Users/janm/Documents/projects-klients/PoC Aleo/artifacts/multitoken/local-workspace/pwn_loan_poc/src/main.leo:396:23 ]
     │
 396 │             assert_eq(Reserves@(witness.collateral_asset.program_id)::balances.get_or_use(std::ctx::addr(), 0u128), before + collateral_amount);
     │ 
     │ Help: Move this check above the `.run()` call to avoid reentrancy issues.
     │ 
     │ Note: Under the Checks-Effects-Interactions pattern, all checks (reads, asserts) must precede any `.run()` calls in the same execution path.
─────╯

[WCEI03713000] Warning: a `get_or_use` call on dynamic storage runs after an interaction (`Final.run()`)
     ╭─[ /Users/janm/Documents/projects-klients/PoC Aleo/artifacts/multitoken/local-workspace/pwn_loan_poc/src/main.leo:411:23 ]
     │
 411 │             assert_eq(Reserves@(witness.collateral_asset.program_id)::balances.get_or_use(std::ctx::addr(), 0u128), before - witness.collateral_amount);
     │ 
     │ Help: Move this check above the `.run()` call to avoid reentrancy issues.
     │ 
     │ Note: Under the Checks-Effects-Interactions pattern, all checks (reads, asserts) must precede any `.run()` calls in the same execution path.
─────╯

[WCEI03713000] Warning: a call to `_mapping_get_or_use` runs after an interaction (`Final.run()`)
     ╭─[ /Users/janm/Documents/projects-klients/PoC Aleo/artifacts/multitoken/local-workspace/pwn_loan_poc/src/main.leo:425:23 ]
     │
 425 │             assert_eq(credits.aleo::account.get_or_use(std::ctx::addr(), 0u64) as u128, before - witness.collateral_amount);
     │ 
     │ Help: Move this check above the `.run()` call to avoid reentrancy issues.
     │ 
     │ Note: Under the Checks-Effects-Interactions pattern, all checks (reads, asserts) must precede any `.run()` calls in the same execution path.
─────╯

[WCEI03713000] Warning: a `get_or_use` call on dynamic storage runs after an interaction (`Final.run()`)
     ╭─[ /Users/janm/Documents/projects-klients/PoC Aleo/artifacts/multitoken/local-workspace/pwn_loan_poc/src/main.leo:439:23 ]
     │
 439 │             assert_eq(Reserves@(witness.collateral_asset.program_id)::balances.get_or_use(std::ctx::addr(), 0u128), before - witness.collateral_amount);
     │ 
     │ Help: Move this check above the `.run()` call to avoid reentrancy issues.
     │ 
     │ Note: Under the Checks-Effects-Interactions pattern, all checks (reads, asserts) must precede any `.run()` calls in the same execution path.
─────╯

[WCEI03713000] Warning: a `get_or_use` call on dynamic storage runs after an interaction (`Final.run()`)
     ╭─[ /Users/janm/Documents/projects-klients/PoC Aleo/artifacts/multitoken/local-workspace/pwn_loan_poc/src/main.leo:453:23 ]
     │
 453 │             assert_eq(Reserves@(witness.collateral_asset.program_id)::balances.get_or_use(std::ctx::addr(), 0u128), before - witness.collateral_amount);
     │ 
     │ Help: Move this check above the `.run()` call to avoid reentrancy issues.
     │ 
     │ Note: Under the Checks-Effects-Interactions pattern, all checks (reads, asserts) must precede any `.run()` calls in the same execution path.
─────╯


📢 Using the following consensus heights: 0,5,6,7,8,9,10,11,12,13,14,15,16,17,18,19,20,21,22
  To override, pass in `--consensus-heights` or override the environment variable `CONSENSUS_VERSION_HEIGHTS`.


🚀 Execution Plan Summary
──────────────────────────────────────────────
🔧 Configuration:
  Private Key:        APrivateKey1zkpGPDbTcP2r...
  Address:            aleo16k6wjpe5snzfhzf07mf...
  Endpoint:           http://127.0.0.1:62679
  Network:            testnet
  Consensus Version:  19

🎯 Execution Target:
  Program:        pwn_loan_poc.aleo
  Function:       accept_arc20_compliant
  Source:         local

💸 Fee Info:
  Priority Fee:   0 μcredits
  Fee Record:     no (public fee)

⚙️ Actions:
  - A transaction will be generated, WITHOUT a proof.
  - Transaction will NOT be printed to the console.
  - Transaction will NOT be saved to a file.
  - Transaction will be broadcast to http://127.0.0.1:62679
──────────────────────────────────────────────


➕Adding programs to the VM in the following order:
  - merkle_tree.aleo (local)
  - arc20_multisig_core.aleo (local)
  - arc20_sol.aleo (local)
  - arc20_wbtc.aleo (local)
  - usdcx_multisig_core.aleo (local)
  - usdcx_freezelist.aleo (local)
  - usdcx_stablecoin.aleo (local)
  - usad_multisig_core.aleo (local)
  - usad_freezelist.aleo (local)
  - usad_stablecoin.aleo (local)
  - pwn_delta_token.aleo (local)
  - credits.aleo (already included)
  - pwn_config_poc.aleo (local)
  - pwn_hub_poc.aleo (local)
  - pwn_proposal_poc.aleo (local)
  - pwn_loan_poc.aleo (local)
  - pwn_local_fixture.aleo (local)

⚙️ Generating transaction WITHOUT a proof for pwn_loan_poc.aleo/accept_arc20_compliant...

📊 Execution Cost Summary for pwn_loan_poc.aleo
──────────────────────────────────────────────
💰 Cost Breakdown (credits)
  Transaction Storage:  0.043967
  On-chain Execution:   0.006304
  Priority Fee:         0.000000
  Total Fee:            0.050271
──────────────────────────────────────────────

➡️  Outputs

 • {
  owner: aleo1cvdcz7hzu7pjca4a429dwzxp2h6rjv95ldw6vrf9395tnef2xc8sn624ch,
  _root: 2238658759901105636988364461688830638964956639416200637563250481030232232243field,
  _nonce: 31943756992416165972940082465522828612758361001570617338912408026243930485group,
  _version: 1u8
}
 • {
  owner: aleo16k6wjpe5snzfhzf07mfze8j8lyg6vgyfe25vu67ykpvu6mv6ng8q8p78ue,
  _root: 7907710830747846252012169120663688607130679151171038536649161869283642952979field,
  _nonce: 7310886637692254637007209949823404553308724095388842186020336329925891728826group,
  _version: 1u8
}
 • {
  owner: aleo16k6wjpe5snzfhzf07mfze8j8lyg6vgyfe25vu67ykpvu6mv6ng8q8p78ue,
  _root: 7907710830747846252012169120663688607130679151171038536649161869283642952979field,
  _nonce: 1963081365159326161439186858808754163458710588640929344312516492035919790441group,
  _version: 1u8
}
 • {
  loan_id: 1208206730411962108880140861494771768023834757494014001131225591385404465760field,
  commitment_id: 8327668327469006486815916791692883110355100020329903457146965423800463464036field,
  credit_asset: {
    program_id: 'arc20_sol',
    token_id: 0field,
    family: 2u8,
    version: 1u16
  },
  collateral_asset: {
    program_id: 'usad_stablecoin',
    token_id: 0field,
    family: 3u8,
    version: 1u16
  },
  credit_amount: 400u128,
  collateral_amount: 600u128,
  repayment_amount: 440u128,
  accruing_apr: 0u32,
  borrower_auth: 3823679399513567224755216173148298092842419870669214975608491535658841843658field,
  lender_auth: 4687767540605453205251267447750060416935427224487096874524339847856425325745field
}
 • {
  program_id: pwn_loan_poc.aleo,
  function_name: accept_arc20_compliant,
  arguments: [
    1208206730411962108880140861494771768023834757494014001131225591385404465760field,
    {
  loan_id: 1208206730411962108880140861494771768023834757494014001131225591385404465760field,
  commitment_id: 8327668327469006486815916791692883110355100020329903457146965423800463464036field,
  credit_asset: {
    program_id: 'arc20_sol',
    token_id: 0field,
    family: 2u8,
    version: 1u16
  },
  collateral_asset: {
    program_id: 'usad_stablecoin',
    token_id: 0field,
    family: 3u8,
    version: 1u16
  },
  credit_amount: 400u128,
  collateral_amount: 600u128,
  repayment_amount: 440u128,
  accruing_apr: 0u32,
  borrower_auth: 3823679399513567224755216173148298092842419870669214975608491535658841843658field,
  lender_auth: 4687767540605453205251267447750060416935427224487096874524339847856425325745field
},
    374352918861399495782704713910128038121757205427095227987719310498845992875field,
    {
  credit_asset: {
    program_id: 'arc20_sol',
    token_id: 0field,
    family: 2u8,
    version: 1u16
  },
  collateral_asset: {
    program_id: 'usad_stablecoin',
    token_id: 0field,
    family: 3u8,
    version: 1u16
  },
  min_draw: 100u128,
  max_draw: 600u128,
  collateral_ratio: 15000u64,
  repayment_ratio: 11000u64,
  accruing_apr: 0u32,
  duration: 1000u32,
  expiry: 5280u32,
  lender_auth: 4687767540605453205251267447750060416935427224487096874524339847856425325745field
},
    600u128,
    { _program_id: usad_stablecoin.aleo, _function_name: transfer_private_to_public, _checksum: 4550185716404114563491559406060301507369654478724260357654969353914000624722field },
    {
      program_id: pwn_proposal_poc.aleo,
      function_name: draw_arc20,
      arguments: [
        7298663685341555103192413162654463530900305128120983956066599834857605933931field,
        6015164828284017904487852449616947169216606668584332534936450170525960040230field,
        {
  credit_asset: {
    program_id: 'arc20_sol',
    token_id: 0field,
    family: 2u8,
    version: 1u16
  },
  collateral_asset: {
    program_id: 'usad_stablecoin',
    token_id: 0field,
    family: 3u8,
    version: 1u16
  },
  min_draw: 100u128,
  max_draw: 600u128,
  collateral_ratio: 15000u64,
  repayment_ratio: 11000u64,
  accruing_apr: 0u32,
  duration: 1000u32,
  expiry: 5280u32,
  lender_auth: 4687767540605453205251267447750060416935427224487096874524339847856425325745field
},
        8327668327469006486815916791692883110355100020329903457146965423800463464036field,
        5817541849803143008973463709770775195503468486365415501336102669441550658194field,
        400u128,
        { _program_id: arc20_sol.aleo, _function_name: transfer_public_to_private, _checksum: 6422974191190668500358115580012550746077937836631476621770806379901472786911field }
      ]
    }
  
  ]
}

📡 Broadcasting execution for pwn_loan_poc.aleo...
💰Your current public balance is 999.368571 credits.

✉️ Broadcasted transaction with:
  - transaction ID: 'at17vjtpuywm6l0r2tztqhalx62m3mh0qhthny0yn85us9wtj8myqzq5034n9'
  - fee ID: 'au1wjdjfmj50n7gvp0aw3ffjsvst58v3ja3ptg3tjrquzzgzmtlpcrq7sl6kr'
  - fee transaction ID: 'at1d0pmrmuejj6lgeaedqsm6ww267d30f009an6jnrhh5rutp0pk5gqvmunhc'
    (use this to check for rejected transactions)

🔄 Searching up to 12 blocks to confirm transaction (this may take several seconds)...
Explored 1 blocks.
Transaction accepted.
✅ Execution confirmed!
