
       Leo 🔨 Compiling 'pwn_loan_poc.aleo'
[WCEI03713000] Warning: a call to `_mapping_get_or_use` runs after an interaction (`Final.run()`)
     ╭─[ /Users/janm/Documents/projects-klients/PoC Aleo/artifacts/multitoken/local-workspace/pwn_loan_poc/src/main.leo:126:23 ]
     │
 126 │             assert_eq(credits.aleo::account.get_or_use(std::ctx::addr(), 0u64) as u128, before + collateral_amount);
     │ 
     │ Help: Move this check above the `.run()` call to avoid reentrancy issues.
     │ 
     │ Note: Under the Checks-Effects-Interactions pattern, all checks (reads, asserts) must precede any `.run()` calls in the same execution path.
─────╯

[WCEI03713000] Warning: a call to `_mapping_get_or_use` runs after an interaction (`Final.run()`)
     ╭─[ /Users/janm/Documents/projects-klients/PoC Aleo/artifacts/multitoken/local-workspace/pwn_loan_poc/src/main.leo:141:23 ]
     │
 141 │             assert_eq(credits.aleo::account.get_or_use(std::ctx::addr(), 0u64) as u128, before - witness.collateral_amount);
     │ 
     │ Help: Move this check above the `.run()` call to avoid reentrancy issues.
     │ 
     │ Note: Under the Checks-Effects-Interactions pattern, all checks (reads, asserts) must precede any `.run()` calls in the same execution path.
─────╯

[WCEI03713000] Warning: a `get_or_use` call on dynamic storage runs after an interaction (`Final.run()`)
     ╭─[ /Users/janm/Documents/projects-klients/PoC Aleo/artifacts/multitoken/local-workspace/pwn_loan_poc/src/main.leo:160:23 ]
     │
 160 │             assert_eq(Reserves@(witness.collateral_asset.program_id)::balances.get_or_use(std::ctx::addr(), 0u128), before + collateral_amount);
     │ 
     │ Help: Move this check above the `.run()` call to avoid reentrancy issues.
     │ 
     │ Note: Under the Checks-Effects-Interactions pattern, all checks (reads, asserts) must precede any `.run()` calls in the same execution path.
─────╯

[WCEI03713000] Warning: a `get_or_use` call on dynamic storage runs after an interaction (`Final.run()`)
     ╭─[ /Users/janm/Documents/projects-klients/PoC Aleo/artifacts/multitoken/local-workspace/pwn_loan_poc/src/main.leo:175:23 ]
     │
 175 │             assert_eq(Reserves@(witness.collateral_asset.program_id)::balances.get_or_use(std::ctx::addr(), 0u128), before - witness.collateral_amount);
     │ 
     │ Help: Move this check above the `.run()` call to avoid reentrancy issues.
     │ 
     │ Note: Under the Checks-Effects-Interactions pattern, all checks (reads, asserts) must precede any `.run()` calls in the same execution path.
─────╯

[WCEI03713000] Warning: a `get_or_use` call on dynamic storage runs after an interaction (`Final.run()`)
     ╭─[ /Users/janm/Documents/projects-klients/PoC Aleo/artifacts/multitoken/local-workspace/pwn_loan_poc/src/main.leo:194:23 ]
     │
 194 │             assert_eq(Reserves@(witness.collateral_asset.program_id)::balances.get_or_use(std::ctx::addr(), 0u128), before + collateral_amount);
     │ 
     │ Help: Move this check above the `.run()` call to avoid reentrancy issues.
     │ 
     │ Note: Under the Checks-Effects-Interactions pattern, all checks (reads, asserts) must precede any `.run()` calls in the same execution path.
─────╯

[WCEI03713000] Warning: a `get_or_use` call on dynamic storage runs after an interaction (`Final.run()`)
     ╭─[ /Users/janm/Documents/projects-klients/PoC Aleo/artifacts/multitoken/local-workspace/pwn_loan_poc/src/main.leo:209:23 ]
     │
 209 │             assert_eq(Reserves@(witness.collateral_asset.program_id)::balances.get_or_use(std::ctx::addr(), 0u128), before - witness.collateral_amount);
     │ 
     │ Help: Move this check above the `.run()` call to avoid reentrancy issues.
     │ 
     │ Note: Under the Checks-Effects-Interactions pattern, all checks (reads, asserts) must precede any `.run()` calls in the same execution path.
─────╯

[WCEI03713000] Warning: a call to `_mapping_get_or_use` runs after an interaction (`Final.run()`)
     ╭─[ /Users/janm/Documents/projects-klients/PoC Aleo/artifacts/multitoken/local-workspace/pwn_loan_poc/src/main.leo:228:23 ]
     │
 228 │             assert_eq(credits.aleo::account.get_or_use(std::ctx::addr(), 0u64) as u128, before + collateral_amount);
     │ 
     │ Help: Move this check above the `.run()` call to avoid reentrancy issues.
     │ 
     │ Note: Under the Checks-Effects-Interactions pattern, all checks (reads, asserts) must precede any `.run()` calls in the same execution path.
─────╯

[WCEI03713000] Warning: a call to `_mapping_get_or_use` runs after an interaction (`Final.run()`)
     ╭─[ /Users/janm/Documents/projects-klients/PoC Aleo/artifacts/multitoken/local-workspace/pwn_loan_poc/src/main.leo:243:23 ]
     │
 243 │             assert_eq(credits.aleo::account.get_or_use(std::ctx::addr(), 0u64) as u128, before - witness.collateral_amount);
     │ 
     │ Help: Move this check above the `.run()` call to avoid reentrancy issues.
     │ 
     │ Note: Under the Checks-Effects-Interactions pattern, all checks (reads, asserts) must precede any `.run()` calls in the same execution path.
─────╯

[WCEI03713000] Warning: a `get_or_use` call on dynamic storage runs after an interaction (`Final.run()`)
     ╭─[ /Users/janm/Documents/projects-klients/PoC Aleo/artifacts/multitoken/local-workspace/pwn_loan_poc/src/main.leo:262:23 ]
     │
 262 │             assert_eq(Reserves@(witness.collateral_asset.program_id)::balances.get_or_use(std::ctx::addr(), 0u128), before + collateral_amount);
     │ 
     │ Help: Move this check above the `.run()` call to avoid reentrancy issues.
     │ 
     │ Note: Under the Checks-Effects-Interactions pattern, all checks (reads, asserts) must precede any `.run()` calls in the same execution path.
─────╯

[WCEI03713000] Warning: a `get_or_use` call on dynamic storage runs after an interaction (`Final.run()`)
     ╭─[ /Users/janm/Documents/projects-klients/PoC Aleo/artifacts/multitoken/local-workspace/pwn_loan_poc/src/main.leo:277:23 ]
     │
 277 │             assert_eq(Reserves@(witness.collateral_asset.program_id)::balances.get_or_use(std::ctx::addr(), 0u128), before - witness.collateral_amount);
     │ 
     │ Help: Move this check above the `.run()` call to avoid reentrancy issues.
     │ 
     │ Note: Under the Checks-Effects-Interactions pattern, all checks (reads, asserts) must precede any `.run()` calls in the same execution path.
─────╯

[WCEI03713000] Warning: a `get_or_use` call on dynamic storage runs after an interaction (`Final.run()`)
     ╭─[ /Users/janm/Documents/projects-klients/PoC Aleo/artifacts/multitoken/local-workspace/pwn_loan_poc/src/main.leo:296:23 ]
     │
 296 │             assert_eq(Reserves@(witness.collateral_asset.program_id)::balances.get_or_use(std::ctx::addr(), 0u128), before + collateral_amount);
     │ 
     │ Help: Move this check above the `.run()` call to avoid reentrancy issues.
     │ 
     │ Note: Under the Checks-Effects-Interactions pattern, all checks (reads, asserts) must precede any `.run()` calls in the same execution path.
─────╯

[WCEI03713000] Warning: a `get_or_use` call on dynamic storage runs after an interaction (`Final.run()`)
     ╭─[ /Users/janm/Documents/projects-klients/PoC Aleo/artifacts/multitoken/local-workspace/pwn_loan_poc/src/main.leo:311:23 ]
     │
 311 │             assert_eq(Reserves@(witness.collateral_asset.program_id)::balances.get_or_use(std::ctx::addr(), 0u128), before - witness.collateral_amount);
     │ 
     │ Help: Move this check above the `.run()` call to avoid reentrancy issues.
     │ 
     │ Note: Under the Checks-Effects-Interactions pattern, all checks (reads, asserts) must precede any `.run()` calls in the same execution path.
─────╯

[WCEI03713000] Warning: a call to `_mapping_get_or_use` runs after an interaction (`Final.run()`)
     ╭─[ /Users/janm/Documents/projects-klients/PoC Aleo/artifacts/multitoken/local-workspace/pwn_loan_poc/src/main.leo:330:23 ]
     │
 330 │             assert_eq(credits.aleo::account.get_or_use(std::ctx::addr(), 0u64) as u128, before + collateral_amount);
     │ 
     │ Help: Move this check above the `.run()` call to avoid reentrancy issues.
     │ 
     │ Note: Under the Checks-Effects-Interactions pattern, all checks (reads, asserts) must precede any `.run()` calls in the same execution path.
─────╯

[WCEI03713000] Warning: a call to `_mapping_get_or_use` runs after an interaction (`Final.run()`)
     ╭─[ /Users/janm/Documents/projects-klients/PoC Aleo/artifacts/multitoken/local-workspace/pwn_loan_poc/src/main.leo:345:23 ]
     │
 345 │             assert_eq(credits.aleo::account.get_or_use(std::ctx::addr(), 0u64) as u128, before - witness.collateral_amount);
     │ 
     │ Help: Move this check above the `.run()` call to avoid reentrancy issues.
     │ 
     │ Note: Under the Checks-Effects-Interactions pattern, all checks (reads, asserts) must precede any `.run()` calls in the same execution path.
─────╯

[WCEI03713000] Warning: a `get_or_use` call on dynamic storage runs after an interaction (`Final.run()`)
     ╭─[ /Users/janm/Documents/projects-klients/PoC Aleo/artifacts/multitoken/local-workspace/pwn_loan_poc/src/main.leo:364:23 ]
     │
 364 │             assert_eq(Reserves@(witness.collateral_asset.program_id)::balances.get_or_use(std::ctx::addr(), 0u128), before + collateral_amount);
     │ 
     │ Help: Move this check above the `.run()` call to avoid reentrancy issues.
     │ 
     │ Note: Under the Checks-Effects-Interactions pattern, all checks (reads, asserts) must precede any `.run()` calls in the same execution path.
─────╯

[WCEI03713000] Warning: a `get_or_use` call on dynamic storage runs after an interaction (`Final.run()`)
     ╭─[ /Users/janm/Documents/projects-klients/PoC Aleo/artifacts/multitoken/local-workspace/pwn_loan_poc/src/main.leo:379:23 ]
     │
 379 │             assert_eq(Reserves@(witness.collateral_asset.program_id)::balances.get_or_use(std::ctx::addr(), 0u128), before - witness.collateral_amount);
     │ 
     │ Help: Move this check above the `.run()` call to avoid reentrancy issues.
     │ 
     │ Note: Under the Checks-Effects-Interactions pattern, all checks (reads, asserts) must precede any `.run()` calls in the same execution path.
─────╯

[WCEI03713000] Warning: a `get_or_use` call on dynamic storage runs after an interaction (`Final.run()`)
     ╭─[ /Users/janm/Documents/projects-klients/PoC Aleo/artifacts/multitoken/local-workspace/pwn_loan_poc/src/main.leo:398:23 ]
     │
 398 │             assert_eq(Reserves@(witness.collateral_asset.program_id)::balances.get_or_use(std::ctx::addr(), 0u128), before + collateral_amount);
     │ 
     │ Help: Move this check above the `.run()` call to avoid reentrancy issues.
     │ 
     │ Note: Under the Checks-Effects-Interactions pattern, all checks (reads, asserts) must precede any `.run()` calls in the same execution path.
─────╯

[WCEI03713000] Warning: a `get_or_use` call on dynamic storage runs after an interaction (`Final.run()`)
     ╭─[ /Users/janm/Documents/projects-klients/PoC Aleo/artifacts/multitoken/local-workspace/pwn_loan_poc/src/main.leo:413:23 ]
     │
 413 │             assert_eq(Reserves@(witness.collateral_asset.program_id)::balances.get_or_use(std::ctx::addr(), 0u128), before - witness.collateral_amount);
     │ 
     │ Help: Move this check above the `.run()` call to avoid reentrancy issues.
     │ 
     │ Note: Under the Checks-Effects-Interactions pattern, all checks (reads, asserts) must precede any `.run()` calls in the same execution path.
─────╯

[WCEI03713000] Warning: a call to `_mapping_get_or_use` runs after an interaction (`Final.run()`)
     ╭─[ /Users/janm/Documents/projects-klients/PoC Aleo/artifacts/multitoken/local-workspace/pwn_loan_poc/src/main.leo:427:23 ]
     │
 427 │             assert_eq(credits.aleo::account.get_or_use(std::ctx::addr(), 0u64) as u128, before - witness.collateral_amount);
     │ 
     │ Help: Move this check above the `.run()` call to avoid reentrancy issues.
     │ 
     │ Note: Under the Checks-Effects-Interactions pattern, all checks (reads, asserts) must precede any `.run()` calls in the same execution path.
─────╯

[WCEI03713000] Warning: a `get_or_use` call on dynamic storage runs after an interaction (`Final.run()`)
     ╭─[ /Users/janm/Documents/projects-klients/PoC Aleo/artifacts/multitoken/local-workspace/pwn_loan_poc/src/main.leo:441:23 ]
     │
 441 │             assert_eq(Reserves@(witness.collateral_asset.program_id)::balances.get_or_use(std::ctx::addr(), 0u128), before - witness.collateral_amount);
     │ 
     │ Help: Move this check above the `.run()` call to avoid reentrancy issues.
     │ 
     │ Note: Under the Checks-Effects-Interactions pattern, all checks (reads, asserts) must precede any `.run()` calls in the same execution path.
─────╯

[WCEI03713000] Warning: a `get_or_use` call on dynamic storage runs after an interaction (`Final.run()`)
     ╭─[ /Users/janm/Documents/projects-klients/PoC Aleo/artifacts/multitoken/local-workspace/pwn_loan_poc/src/main.leo:455:23 ]
     │
 455 │             assert_eq(Reserves@(witness.collateral_asset.program_id)::balances.get_or_use(std::ctx::addr(), 0u128), before - witness.collateral_amount);
     │ 
     │ Help: Move this check above the `.run()` call to avoid reentrancy issues.
     │ 
     │ Note: Under the Checks-Effects-Interactions pattern, all checks (reads, asserts) must precede any `.run()` calls in the same execution path.
─────╯

[WCEI03713000] Warning: a call to `_mapping_get_or_use` runs after an interaction (`Final.run()`)
     ╭─[ /Users/janm/Documents/projects-klients/PoC Aleo/artifacts/multitoken/local-workspace/pwn_proposal_poc/src/main.leo:151:23 ]
     │
 151 │             assert_eq(credits.aleo::account.get_or_use(std::ctx::addr(), 0u64) as u128, before + amount);
     │ 
     │ Help: Move this check above the `.run()` call to avoid reentrancy issues.
     │ 
     │ Note: Under the Checks-Effects-Interactions pattern, all checks (reads, asserts) must precede any `.run()` calls in the same execution path.
─────╯

[WCEI03713000] Warning: a call to `_mapping_get_or_use` runs after an interaction (`Final.run()`)
     ╭─[ /Users/janm/Documents/projects-klients/PoC Aleo/artifacts/multitoken/local-workspace/pwn_proposal_poc/src/main.leo:168:23 ]
     │
 168 │             assert_eq(credits.aleo::account.get_or_use(std::ctx::addr(), 0u64) as u128, before - amount);
     │ 
     │ Help: Move this check above the `.run()` call to avoid reentrancy issues.
     │ 
     │ Note: Under the Checks-Effects-Interactions pattern, all checks (reads, asserts) must precede any `.run()` calls in the same execution path.
─────╯

[WCEI03713000] Warning: a call to `_mapping_get_or_use` runs after an interaction (`Final.run()`)
     ╭─[ /Users/janm/Documents/projects-klients/PoC Aleo/artifacts/multitoken/local-workspace/pwn_proposal_poc/src/main.leo:180:23 ]
     │
 180 │             assert_eq(credits.aleo::account.get_or_use(std::ctx::addr(), 0u64) as u128, before + amount);
     │ 
     │ Help: Move this check above the `.run()` call to avoid reentrancy issues.
     │ 
     │ Note: Under the Checks-Effects-Interactions pattern, all checks (reads, asserts) must precede any `.run()` calls in the same execution path.
─────╯

[WCEI03713000] Warning: a call to `_mapping_get_or_use` runs after an interaction (`Final.run()`)
     ╭─[ /Users/janm/Documents/projects-klients/PoC Aleo/artifacts/multitoken/local-workspace/pwn_proposal_poc/src/main.leo:197:23 ]
     │
 197 │             assert_eq(credits.aleo::account.get_or_use(std::ctx::addr(), 0u64) as u128, before - amount);
     │ 
     │ Help: Move this check above the `.run()` call to avoid reentrancy issues.
     │ 
     │ Note: Under the Checks-Effects-Interactions pattern, all checks (reads, asserts) must precede any `.run()` calls in the same execution path.
─────╯

[WCEI03713000] Warning: a call to `_mapping_get_or_use` runs after an interaction (`Final.run()`)
     ╭─[ /Users/janm/Documents/projects-klients/PoC Aleo/artifacts/multitoken/local-workspace/pwn_proposal_poc/src/main.leo:214:23 ]
     │
 214 │             assert_eq(credits.aleo::account.get_or_use(std::ctx::addr(), 0u64) as u128, before - amount);
     │ 
     │ Help: Move this check above the `.run()` call to avoid reentrancy issues.
     │ 
     │ Note: Under the Checks-Effects-Interactions pattern, all checks (reads, asserts) must precede any `.run()` calls in the same execution path.
─────╯

[WCEI03713000] Warning: a `get_or_use` call on dynamic storage runs after an interaction (`Final.run()`)
     ╭─[ /Users/janm/Documents/projects-klients/PoC Aleo/artifacts/multitoken/local-workspace/pwn_proposal_poc/src/main.leo:233:23 ]
     │
 233 │             assert_eq(Reserves@(terms.credit_asset.program_id)::balances.get_or_use(std::ctx::addr(), 0u128), before + amount);
     │ 
     │ Help: Move this check above the `.run()` call to avoid reentrancy issues.
     │ 
     │ Note: Under the Checks-Effects-Interactions pattern, all checks (reads, asserts) must precede any `.run()` calls in the same execution path.
─────╯

[WCEI03713000] Warning: a `get_or_use` call on dynamic storage runs after an interaction (`Final.run()`)
     ╭─[ /Users/janm/Documents/projects-klients/PoC Aleo/artifacts/multitoken/local-workspace/pwn_proposal_poc/src/main.leo:250:23 ]
     │
 250 │             assert_eq(Reserves@(terms.credit_asset.program_id)::balances.get_or_use(std::ctx::addr(), 0u128), before - amount);
     │ 
     │ Help: Move this check above the `.run()` call to avoid reentrancy issues.
     │ 
     │ Note: Under the Checks-Effects-Interactions pattern, all checks (reads, asserts) must precede any `.run()` calls in the same execution path.
─────╯

[WCEI03713000] Warning: a `get_or_use` call on dynamic storage runs after an interaction (`Final.run()`)
     ╭─[ /Users/janm/Documents/projects-klients/PoC Aleo/artifacts/multitoken/local-workspace/pwn_proposal_poc/src/main.leo:262:23 ]
     │
 262 │             assert_eq(Reserves@(asset.program_id)::balances.get_or_use(std::ctx::addr(), 0u128), before + amount);
     │ 
     │ Help: Move this check above the `.run()` call to avoid reentrancy issues.
     │ 
     │ Note: Under the Checks-Effects-Interactions pattern, all checks (reads, asserts) must precede any `.run()` calls in the same execution path.
─────╯

[WCEI03713000] Warning: a `get_or_use` call on dynamic storage runs after an interaction (`Final.run()`)
     ╭─[ /Users/janm/Documents/projects-klients/PoC Aleo/artifacts/multitoken/local-workspace/pwn_proposal_poc/src/main.leo:279:23 ]
     │
 279 │             assert_eq(Reserves@(terms.credit_asset.program_id)::balances.get_or_use(std::ctx::addr(), 0u128), before - amount);
     │ 
     │ Help: Move this check above the `.run()` call to avoid reentrancy issues.
     │ 
     │ Note: Under the Checks-Effects-Interactions pattern, all checks (reads, asserts) must precede any `.run()` calls in the same execution path.
─────╯

[WCEI03713000] Warning: a `get_or_use` call on dynamic storage runs after an interaction (`Final.run()`)
     ╭─[ /Users/janm/Documents/projects-klients/PoC Aleo/artifacts/multitoken/local-workspace/pwn_proposal_poc/src/main.leo:296:23 ]
     │
 296 │             assert_eq(Reserves@(terms.credit_asset.program_id)::balances.get_or_use(std::ctx::addr(), 0u128), before - amount);
     │ 
     │ Help: Move this check above the `.run()` call to avoid reentrancy issues.
     │ 
     │ Note: Under the Checks-Effects-Interactions pattern, all checks (reads, asserts) must precede any `.run()` calls in the same execution path.
─────╯

[WCEI03713000] Warning: a `get_or_use` call on dynamic storage runs after an interaction (`Final.run()`)
     ╭─[ /Users/janm/Documents/projects-klients/PoC Aleo/artifacts/multitoken/local-workspace/pwn_proposal_poc/src/main.leo:315:23 ]
     │
 315 │             assert_eq(Reserves@(terms.credit_asset.program_id)::balances.get_or_use(std::ctx::addr(), 0u128), before + amount);
     │ 
     │ Help: Move this check above the `.run()` call to avoid reentrancy issues.
     │ 
     │ Note: Under the Checks-Effects-Interactions pattern, all checks (reads, asserts) must precede any `.run()` calls in the same execution path.
─────╯

[WCEI03713000] Warning: a `get_or_use` call on dynamic storage runs after an interaction (`Final.run()`)
     ╭─[ /Users/janm/Documents/projects-klients/PoC Aleo/artifacts/multitoken/local-workspace/pwn_proposal_poc/src/main.leo:332:23 ]
     │
 332 │             assert_eq(Reserves@(terms.credit_asset.program_id)::balances.get_or_use(std::ctx::addr(), 0u128), before - amount);
     │ 
     │ Help: Move this check above the `.run()` call to avoid reentrancy issues.
     │ 
     │ Note: Under the Checks-Effects-Interactions pattern, all checks (reads, asserts) must precede any `.run()` calls in the same execution path.
─────╯

[WCEI03713000] Warning: a `get_or_use` call on dynamic storage runs after an interaction (`Final.run()`)
     ╭─[ /Users/janm/Documents/projects-klients/PoC Aleo/artifacts/multitoken/local-workspace/pwn_proposal_poc/src/main.leo:344:23 ]
     │
 344 │             assert_eq(Reserves@(asset.program_id)::balances.get_or_use(std::ctx::addr(), 0u128), before + amount);
     │ 
     │ Help: Move this check above the `.run()` call to avoid reentrancy issues.
     │ 
     │ Note: Under the Checks-Effects-Interactions pattern, all checks (reads, asserts) must precede any `.run()` calls in the same execution path.
─────╯

[WCEI03713000] Warning: a `get_or_use` call on dynamic storage runs after an interaction (`Final.run()`)
     ╭─[ /Users/janm/Documents/projects-klients/PoC Aleo/artifacts/multitoken/local-workspace/pwn_proposal_poc/src/main.leo:361:23 ]
     │
 361 │             assert_eq(Reserves@(terms.credit_asset.program_id)::balances.get_or_use(std::ctx::addr(), 0u128), before - amount);
     │ 
     │ Help: Move this check above the `.run()` call to avoid reentrancy issues.
     │ 
     │ Note: Under the Checks-Effects-Interactions pattern, all checks (reads, asserts) must precede any `.run()` calls in the same execution path.
─────╯

[WCEI03713000] Warning: a `get_or_use` call on dynamic storage runs after an interaction (`Final.run()`)
     ╭─[ /Users/janm/Documents/projects-klients/PoC Aleo/artifacts/multitoken/local-workspace/pwn_proposal_poc/src/main.leo:378:23 ]
     │
 378 │             assert_eq(Reserves@(terms.credit_asset.program_id)::balances.get_or_use(std::ctx::addr(), 0u128), before - amount);
     │ 
     │ Help: Move this check above the `.run()` call to avoid reentrancy issues.
     │ 
     │ Note: Under the Checks-Effects-Interactions pattern, all checks (reads, asserts) must precede any `.run()` calls in the same execution path.
─────╯

       Leo     Program size: 51.18 KB / 2000.00 KB
       Leo ✅ Compiled 'pwn_loan_poc.aleo' into Aleo instructions.
       Leo     Import 'pwn_config_poc.aleo': program size: 3.27 KB / 2000.00 KB
       Leo     Import 'pwn_hub_poc.aleo': program size: 2.72 KB / 2000.00 KB
       Leo     Import 'pwn_proposal_poc.aleo': program size: 33.71 KB / 2000.00 KB
       Leo ✅ Generated ABI for program 'pwn_loan_poc.aleo'.
       Leo ✅ Generated 3 interface ABI(s).

📢 Using the following consensus heights: 0,5,6,7,8,9,10,11,12,13,14,15,16,17,18,19,20,21,22
  To override, pass in `--consensus-heights` or override the environment variable `CONSENSUS_VERSION_HEIGHTS`.


🛠️  Deployment Plan Summary
──────────────────────────────────────────────
🔧 Configuration:
  Private Key:        APrivateKey1zkp8CZNn3yeC...
  Address:            aleo1rhgdu77hgyqd3xjj8uc...
  Endpoint:           http://127.0.0.1:63307
  Network:            testnet
  Consensus Version:  19

📦 Deployment Tasks:
  • pwn_config_poc.aleo  │ priority fee: 0  │ fee record: no (public fee)
  • pwn_hub_poc.aleo  │ priority fee: 0  │ fee record: no (public fee)
  • pwn_proposal_poc.aleo  │ priority fee: 0  │ fee record: no (public fee)
  • pwn_loan_poc.aleo  │ priority fee: 0  │ fee record: no (public fee)

🚫 Skipped Programs:
  • credits.aleo

⚙️ Actions:
  • Transaction(s) will NOT be printed to the console.
  • Transaction(s) will NOT be saved to a file.
  • Transaction(s) will be broadcast to http://127.0.0.1:63307

⚠️ Warnings:
  • The program 'credits.aleo' can only ever be upgraded once and its contents cannot be changed. Otherwise, the upgrade will likely fail.
  • The program 'credits.aleo' does not contain a constructor. The upgrade will likely fail
──────────────────────────────────────────────

Loaded the following programs into the VM:
 - credits.aleo (default)
 - pwn_config_poc.aleo (edition 0)
 - pwn_hub_poc.aleo (edition 0)
 - pwn_proposal_poc.aleo (edition 0)
 - pwn_loan_poc.aleo (edition 0)

⚠️  Skipping deployment certificate generation as per user request.

edition for deployed program: 1

📊 Deployment Summary for pwn_config_poc.aleo
──────────────────────────────────────────────
  Program Size:         3.27 KB / 2000.00 KB
💰 Cost Breakdown (credits)
  Transaction Storage:  6.178000
  Program Synthesis:    0.573516
  Namespace:            1.000000
  Constructor:          0.289520
  Priority Fee:         0.000000
  Total Fee:            8.041036
  Function 'initialize'
    Total Execution Cost:   0.002134
    |- Storage Cost:        0.001220
    |- Finalize Cost:       0.000914
  Function 'set_admin'
    Total Execution Cost:   0.002364
    |- Storage Cost:        0.001470
    |- Finalize Cost:       0.000894
  Function 'accept_admin'
    Total Execution Cost:   0.002446
    |- Storage Cost:        0.001262
    |- Finalize Cost:       0.001184
  Function 'schedule_upgrade'
    Total Execution Cost:   0.002173
    |- Storage Cost:        0.001416
    |- Finalize Cost:       0.000757
  Function 'cancel_upgrade'
    Total Execution Cost:   0.001892
    |- Storage Cost:        0.001412
    |- Finalize Cost:       0.000480
  Function 'release_version'
    Total Execution Cost:   0.001227
    |- Storage Cost:        0.001227
    |- Finalize Cost:       0.000000
──────────────────────────────────────────────
⚠️  Skipping deployment certificate generation as per user request.

edition for deployed program: 1

📊 Deployment Summary for pwn_hub_poc.aleo
──────────────────────────────────────────────
  Program Size:         2.72 KB / 2000.00 KB
💰 Cost Breakdown (credits)
  Transaction Storage:  3.617000
  Program Synthesis:    0.286758
  Namespace:            1.000000
  Constructor:          0.289520
  Priority Fee:         0.000000
  Total Fee:            5.193278
  Function 'set_tag'
    Total Execution Cost:   0.002048
    |- Storage Cost:        0.001436
    |- Finalize Cost:       0.000612
  Function 'set_asset'
    Total Execution Cost:   0.002329
    |- Storage Cost:        0.001389
    |- Finalize Cost:       0.000940
  Function 'release_version'
    Total Execution Cost:   0.001224
    |- Storage Cost:        0.001224
    |- Finalize Cost:       0.000000
──────────────────────────────────────────────
⚠️  Skipping deployment certificate generation as per user request.

edition for deployed program: 1

📊 Deployment Summary for pwn_proposal_poc.aleo
──────────────────────────────────────────────
  Program Size:         33.71 KB / 2000.00 KB
💰 Cost Breakdown (credits)
  Transaction Storage:  32.592000
  Program Synthesis:    1.529376
  Namespace:            1.000000
  Constructor:          0.289520
  Priority Fee:         0.000000
  Total Fee:            35.410896
  Function 'draw_aleo'
    Total Execution Cost:   0.007024
    |- Storage Cost:        0.003892
    |- Finalize Cost:       0.003132
  Function 'receive_aleo'
    Total Execution Cost:   0.005857
    |- Storage Cost:        0.003501
    |- Finalize Cost:       0.002356
  Function 'draw_arc20'
    Total Execution Cost:   0.002439 (lower bound)
    |- Storage Cost:        N/A (dynamic call)
    |- Finalize Cost:       0.002439 (lower bound)
  Function 'receive_arc20'
    Total Execution Cost:   0.001663 (lower bound)
    |- Storage Cost:        N/A (dynamic call)
    |- Finalize Cost:       0.001663 (lower bound)
  Function 'draw_compliant'
    Total Execution Cost:   0.002439 (lower bound)
    |- Storage Cost:        N/A (dynamic call)
    |- Finalize Cost:       0.002439 (lower bound)
  Function 'receive_compliant'
    Total Execution Cost:   0.001663 (lower bound)
    |- Storage Cost:        N/A (dynamic call)
    |- Finalize Cost:       0.001663 (lower bound)
  Function 'open_aleo'
    Total Execution Cost:   0.009915
    |- Storage Cost:        0.004478
    |- Finalize Cost:       0.005437
  Function 'cancel_aleo'
    Total Execution Cost:   0.006857
    |- Storage Cost:        0.003816
    |- Finalize Cost:       0.003041
  Function 'withdraw_aleo'
    Total Execution Cost:   0.006212
    |- Storage Cost:        0.003816
    |- Finalize Cost:       0.002396
  Function 'open_arc20'
    Total Execution Cost:   0.004744 (lower bound)
    |- Storage Cost:        N/A (dynamic call)
    |- Finalize Cost:       0.004744 (lower bound)
  Function 'cancel_arc20'
    Total Execution Cost:   0.002348 (lower bound)
    |- Storage Cost:        N/A (dynamic call)
    |- Finalize Cost:       0.002348 (lower bound)
  Function 'withdraw_arc20'
    Total Execution Cost:   0.001703 (lower bound)
    |- Storage Cost:        N/A (dynamic call)
    |- Finalize Cost:       0.001703 (lower bound)
  Function 'open_compliant'
    Total Execution Cost:   0.004744 (lower bound)
    |- Storage Cost:        N/A (dynamic call)
    |- Finalize Cost:       0.004744 (lower bound)
  Function 'cancel_compliant'
    Total Execution Cost:   0.002348 (lower bound)
    |- Storage Cost:        N/A (dynamic call)
    |- Finalize Cost:       0.002348 (lower bound)
  Function 'withdraw_compliant'
    Total Execution Cost:   0.001703 (lower bound)
    |- Storage Cost:        N/A (dynamic call)
    |- Finalize Cost:       0.001703 (lower bound)
  Function 'release_version'
    Total Execution Cost:   0.001229
    |- Storage Cost:        0.001229
    |- Finalize Cost:       0.000000
──────────────────────────────────────────────
⚠️  Skipping deployment certificate generation as per user request.

edition for deployed program: 1

📊 Deployment Summary for pwn_loan_poc.aleo
──────────────────────────────────────────────
  Program Size:         51.18 KB / 2000.00 KB
💰 Cost Breakdown (credits)
  Transaction Storage:  48.282000
  Program Synthesis:    2.102892
  Namespace:            1.000000
  Constructor:          0.289520
  Priority Fee:         0.000000
  Total Fee:            51.674412
  Function 'accept_aleo_aleo'
    Total Execution Cost:   0.024706
    |- Storage Cost:        0.018969
    |- Finalize Cost:       0.005737
  Function 'repay_aleo_aleo'
    Total Execution Cost:   0.016047
    |- Storage Cost:        0.010786
    |- Finalize Cost:       0.005261
  Function 'accept_aleo_arc20'
    Total Execution Cost:   0.005044 (lower bound)
    |- Storage Cost:        N/A (dynamic call)
    |- Finalize Cost:       0.005044 (lower bound)
  Function 'repay_aleo_arc20'
    Total Execution Cost:   0.004568 (lower bound)
    |- Storage Cost:        N/A (dynamic call)
    |- Finalize Cost:       0.004568 (lower bound)
  Function 'accept_aleo_compliant'
    Total Execution Cost:   0.005044 (lower bound)
    |- Storage Cost:        N/A (dynamic call)
    |- Finalize Cost:       0.005044 (lower bound)
  Function 'repay_aleo_compliant'
    Total Execution Cost:   0.004568 (lower bound)
    |- Storage Cost:        N/A (dynamic call)
    |- Finalize Cost:       0.004568 (lower bound)
  Function 'accept_arc20_aleo'
    Total Execution Cost:   0.005044 (lower bound)
    |- Storage Cost:        N/A (dynamic call)
    |- Finalize Cost:       0.005044 (lower bound)
  Function 'repay_arc20_aleo'
    Total Execution Cost:   0.004568 (lower bound)
    |- Storage Cost:        N/A (dynamic call)
    |- Finalize Cost:       0.004568 (lower bound)
  Function 'accept_arc20_arc20'
    Total Execution Cost:   0.004351 (lower bound)
    |- Storage Cost:        N/A (dynamic call)
    |- Finalize Cost:       0.004351 (lower bound)
  Function 'repay_arc20_arc20'
    Total Execution Cost:   0.003875 (lower bound)
    |- Storage Cost:        N/A (dynamic call)
    |- Finalize Cost:       0.003875 (lower bound)
  Function 'accept_arc20_compliant'
    Total Execution Cost:   0.004351 (lower bound)
    |- Storage Cost:        N/A (dynamic call)
    |- Finalize Cost:       0.004351 (lower bound)
  Function 'repay_arc20_compliant'
    Total Execution Cost:   0.003875 (lower bound)
    |- Storage Cost:        N/A (dynamic call)
    |- Finalize Cost:       0.003875 (lower bound)
  Function 'accept_compliant_aleo'
    Total Execution Cost:   0.005044 (lower bound)
    |- Storage Cost:        N/A (dynamic call)
    |- Finalize Cost:       0.005044 (lower bound)
  Function 'repay_compliant_aleo'
    Total Execution Cost:   0.004568 (lower bound)
    |- Storage Cost:        N/A (dynamic call)
    |- Finalize Cost:       0.004568 (lower bound)
  Function 'accept_compliant_arc20'
    Total Execution Cost:   0.004351 (lower bound)
    |- Storage Cost:        N/A (dynamic call)
    |- Finalize Cost:       0.004351 (lower bound)
  Function 'repay_compliant_arc20'
    Total Execution Cost:   0.003875 (lower bound)
    |- Storage Cost:        N/A (dynamic call)
    |- Finalize Cost:       0.003875 (lower bound)
  Function 'accept_compliant_compliant'
    Total Execution Cost:   0.004351 (lower bound)
    |- Storage Cost:        N/A (dynamic call)
    |- Finalize Cost:       0.004351 (lower bound)
  Function 'repay_compliant_compliant'
    Total Execution Cost:   0.003875 (lower bound)
    |- Storage Cost:        N/A (dynamic call)
    |- Finalize Cost:       0.003875 (lower bound)
  Function 'claim_aleo'
    Total Execution Cost:   0.006404
    |- Storage Cost:        0.003820
    |- Finalize Cost:       0.002584
  Function 'claim_arc20'
    Total Execution Cost:   0.001892 (lower bound)
    |- Storage Cost:        N/A (dynamic call)
    |- Finalize Cost:       0.001892 (lower bound)
  Function 'claim_compliant'
    Total Execution Cost:   0.001892 (lower bound)
    |- Storage Cost:        N/A (dynamic call)
    |- Finalize Cost:       0.001892 (lower bound)
  Function 'release_version'
    Total Execution Cost:   0.001225
    |- Storage Cost:        0.001225
    |- Finalize Cost:       0.000000
──────────────────────────────────────────────
📡 Broadcasting upgrade for pwn_config_poc.aleo...
💰Your current public balance is 9368533.612292 credits.

✉️ Broadcasted transaction with:
  - transaction ID: 'at1kun7hdft5n92g24xcue742630gld0lqewfwxvrccrs2pgywlesgscq0w49'
  - fee ID: 'au1ffm9kkznx9zu5ewxfw7p887f6ehhz4pae8frnkhpht3ucr504yqs7zg96k'
  - fee transaction ID: 'at1qmyt4xlf79sh7qsu3t3a0wxy2vgupnhf00mpq9rm3pdh0dj7dcqs33q4l5'
    (use this to check for rejected transactions)

🔄 Searching up to 12 blocks to confirm transaction (this may take several seconds)...
Explored 1 blocks.
Transaction rejected.
❌ Failed to upgrade program pwn_config_poc.aleo: could not find the transaction on the network.
📡 Broadcasting upgrade for pwn_hub_poc.aleo...
💰Your current public balance is 9368525.571256 credits.

✉️ Broadcasted transaction with:
  - transaction ID: 'at12rgvl3zntxvc6ky4494unul5v80pjpwvzrwf7ss44z60q5pyxyrsvc8ryp'
  - fee ID: 'au1kpjr0xm7y55xwpe34w6sur53vec8cr00fsukmn752r96ahcv0s9sprg5q7'
  - fee transaction ID: 'at1yme0l08syfwuzgyj9d63mm5fxknxt7wrf80gz789cqhatevq2vps0859k7'
    (use this to check for rejected transactions)

🔄 Searching up to 12 blocks to confirm transaction (this may take several seconds)...
Explored 1 blocks.
Transaction rejected.
❌ Failed to upgrade program pwn_hub_poc.aleo: could not find the transaction on the network.
📡 Broadcasting upgrade for pwn_proposal_poc.aleo...
💰Your current public balance is 9368520.377978 credits.

✉️ Broadcasted transaction with:
  - transaction ID: 'at1ggcewzyvjl8nm9zgx6txk2ej6kx6j72v5f27shp3fd0mqed2svqqm5v0vn'
  - fee ID: 'au1g289hx3lvr98t7qq3mymh5k0ga9yan99g4yvrkar8zglpec92gyqyt734x'
  - fee transaction ID: 'at1p4twkwqqcs6lfqqs7wrrhn33fgulv579pmym63wd5ew5xur4h58q9cefan'
    (use this to check for rejected transactions)

🔄 Searching up to 12 blocks to confirm transaction (this may take several seconds)...
Explored 1 blocks.
Transaction rejected.
❌ Failed to upgrade program pwn_proposal_poc.aleo: could not find the transaction on the network.
📡 Broadcasting upgrade for pwn_loan_poc.aleo...
💰Your current public balance is 9368484.967082 credits.

✉️ Broadcasted transaction with:
  - transaction ID: 'at1c9rzd7wnn56chq99nyp54axfnl2jlhcfch9nv2wgx6r2h7n5k5psl40f2m'
  - fee ID: 'au166vm7umw5myztgdw4sn0ggh28m3jae39u5x85sht5cky2l6y95xsctpl39'
  - fee transaction ID: 'at1nplldk8fxr844mlyfjk4qcsk8c456p5gdpufn4vndayeh5euhypq3ch6gd'
    (use this to check for rejected transactions)

🔄 Searching up to 12 blocks to confirm transaction (this may take several seconds)...
Explored 1 blocks.
Transaction rejected.
❌ Failed to upgrade program pwn_loan_poc.aleo: could not find the transaction on the network.
