

📢 Using the following consensus heights: 0,5,6,7,8,9,10,11,12,13,14,15,16,17,18,19,20,21,22
  To override, pass in `--consensus-heights` or override the environment variable `CONSENSUS_VERSION_HEIGHTS`.


🚀 Execution Plan Summary
──────────────────────────────────────────────
🔧 Configuration:
  Private Key:        APrivateKey1zkp8CZNn3yeC...
  Address:            aleo1rhgdu77hgyqd3xjj8uc...
  Endpoint:           http://127.0.0.1:56761
  Network:            testnet
  Consensus Version:  19

🎯 Execution Target:
  Program:        pwn_config.aleo
  Function:       initialize
  Source:         local

💸 Fee Info:
  Priority Fee:   0 μcredits
  Fee Record:     no (public fee)

⚙️ Actions:
  - A transaction will be generated, WITHOUT a proof.
  - Transaction will NOT be printed to the console.
  - Transaction will be saved to /Users/janm/Documents/projects-klients/PoC Aleo/artifacts/integration/transactions/001-pwn_config.aleo-initialize
  - Transaction will be broadcast to http://127.0.0.1:56761
──────────────────────────────────────────────


➕Adding programs to the VM in the following order:
  - credits.aleo (already included)
  - token_registry.aleo (local)
  - pwn_config.aleo (local)
  - pwn_hub.aleo (local)
  - pwn_elastic_proposal.aleo (local)
  - pwn_loan.aleo (local)

⚙️ Generating transaction WITHOUT a proof for pwn_config.aleo/initialize...

📊 Execution Cost Summary for pwn_config.aleo
──────────────────────────────────────────────
💰 Cost Breakdown (credits)
  Transaction Storage:  0.001212
  On-chain Execution:   0.000914
  Priority Fee:         0.000000
  Total Fee:            0.002126
──────────────────────────────────────────────
💾 Saving execution for transaction at /Users/janm/Documents/projects-klients/PoC Aleo/artifacts/integration/transactions/001-pwn_config.aleo-initialize/transaction.execution.json

➡️  Output

 • {
  program_id: pwn_config.aleo,
  function_name: initialize,
  arguments: []
}

📡 Broadcasting execution for pwn_config.aleo...
💰Your current public balance is 9373845.134188 credits.

✉️ Broadcasted transaction with:
  - transaction ID: 'at1pspjcre4c27znnj8wpn39rcqvj467nlgxt66t2pulrt9sdatryxq42atzl'
  - fee ID: 'au10dc0jnxllwh49wx7xt56rxczrv6q460gcgdv9phzn7gwqnkfjyyqxfnz37'
  - fee transaction ID: 'at1qdgjxvfndkn4ndpu0rpz986xjrwtdfnn5rkxvp7yyehs8r379ggqys58lg'
    (use this to check for rejected transactions)

🔄 Searching up to 12 blocks to confirm transaction (this may take several seconds)...
Explored 1 blocks.
Transaction accepted.
✅ Execution confirmed!
