

📢 Using the following consensus heights: 0,5,6,7,8,9,10,11,12,13,14,15,16,17,18,19,20,21,22
  To override, pass in `--consensus-heights` or override the environment variable `CONSENSUS_VERSION_HEIGHTS`.


🚀 Execution Plan Summary
──────────────────────────────────────────────
🔧 Configuration:
  Private Key:        APrivateKey1zkp8CZNn3yeC...
  Address:            aleo1rhgdu77hgyqd3xjj8uc...
  Endpoint:           http://127.0.0.1:56761
  Network:            testnet
  Consensus Version:  19

🎯 Execution Target:
  Program:        credits.aleo
  Function:       transfer_public
  Source:         local

💸 Fee Info:
  Priority Fee:   0 μcredits
  Fee Record:     no (public fee)

⚙️ Actions:
  - A transaction will be generated, WITHOUT a proof.
  - Transaction will NOT be printed to the console.
  - Transaction will be saved to /Users/janm/Documents/projects-klients/PoC Aleo/artifacts/integration/transactions/004-credits.aleo-transfer_public
  - Transaction will be broadcast to http://127.0.0.1:56761
──────────────────────────────────────────────


➕Adding programs to the VM in the following order:
  - credits.aleo (already included)
  - token_registry.aleo (local)
  - pwn_config.aleo (local)
  - pwn_hub.aleo (local)
  - pwn_elastic_proposal.aleo (local)
  - pwn_loan.aleo (local)

⚙️ Generating transaction WITHOUT a proof for credits.aleo/transfer_public...

📊 Execution Cost Summary for credits.aleo
──────────────────────────────────────────────
💰 Cost Breakdown (credits)
  Transaction Storage:  0.001420
  On-chain Execution:   0.001305
  Priority Fee:         0.000000
  Total Fee:            0.002725
──────────────────────────────────────────────
💾 Saving execution for transaction at /Users/janm/Documents/projects-klients/PoC Aleo/artifacts/integration/transactions/004-credits.aleo-transfer_public/transaction.execution.json

➡️  Output

 • {
  program_id: credits.aleo,
  function_name: transfer_public,
  arguments: [
    aleo1rhgdu77hgyqd3xjj8ucu3jj9r2krwz6mnzyd80gncr5fxcwlh5rsvzp9px,
    aleo16k6wjpe5snzfhzf07mfze8j8lyg6vgyfe25vu67ykpvu6mv6ng8q8p78ue,
    1000000000u64
  ]
}

📡 Broadcasting execution for credits.aleo...
💰Your current public balance is 9373845.130853 credits.

✉️ Broadcasted transaction with:
  - transaction ID: 'at13cde2j4pf52yy76n6pqmq3xj3kdjtp5mparpln4tl5kmyfq95yps8cf77m'
  - fee ID: 'au15lra7tkpu29uq6984kta3gsq4wls98wqaewy64u9r04z4kqjeyxse87a0m'
  - fee transaction ID: 'at1p9xf5yrqpta7zwlasgceqnc8pzrdmz4llrx2kxrr44fanz8hagqs8m7rv2'
    (use this to check for rejected transactions)

🔄 Searching up to 12 blocks to confirm transaction (this may take several seconds)...
Explored 1 blocks.
Transaction accepted.
✅ Execution confirmed!
