

📢 Using the following consensus heights: 0,5,6,7,8,9,10,11,12,13,14,15,16,17,18,19,20,21,22
  To override, pass in `--consensus-heights` or override the environment variable `CONSENSUS_VERSION_HEIGHTS`.


🚀 Execution Plan Summary
──────────────────────────────────────────────
🔧 Configuration:
  Private Key:        APrivateKey1zkp8CZNn3yeC...
  Address:            aleo1rhgdu77hgyqd3xjj8uc...
  Endpoint:           http://127.0.0.1:56761
  Network:            testnet
  Consensus Version:  19

🎯 Execution Target:
  Program:        token_registry.aleo
  Function:       register_token
  Source:         local

💸 Fee Info:
  Priority Fee:   0 μcredits
  Fee Record:     no (public fee)

⚙️ Actions:
  - A transaction will be generated, WITHOUT a proof.
  - Transaction will NOT be printed to the console.
  - Transaction will be saved to /Users/janm/Documents/projects-klients/PoC Aleo/artifacts/integration/transactions/006-token_registry.aleo-register_token
  - Transaction will be broadcast to http://127.0.0.1:56761
──────────────────────────────────────────────


➕Adding programs to the VM in the following order:
  - credits.aleo (already included)
  - token_registry.aleo (local)
  - pwn_config.aleo (local)
  - pwn_hub.aleo (local)
  - pwn_elastic_proposal.aleo (local)
  - pwn_loan.aleo (local)

⚙️ Generating transaction WITHOUT a proof for token_registry.aleo/register_token...

📊 Execution Cost Summary for token_registry.aleo
──────────────────────────────────────────────
💰 Cost Breakdown (credits)
  Transaction Storage:  0.001928
  On-chain Execution:   0.001324
  Priority Fee:         0.000000
  Total Fee:            0.003252
──────────────────────────────────────────────
💾 Saving execution for transaction at /Users/janm/Documents/projects-klients/PoC Aleo/artifacts/integration/transactions/006-token_registry.aleo-register_token/transaction.execution.json

➡️  Output

 • {
  program_id: token_registry.aleo,
  function_name: register_token,
  arguments: [
    {
  token_id: 987654321field,
  name: 1u128,
  symbol: 1u128,
  decimals: 6u8,
  supply: 0u128,
  max_supply: 1000000000u128,
  admin: aleo1rhgdu77hgyqd3xjj8ucu3jj9r2krwz6mnzyd80gncr5fxcwlh5rsvzp9px,
  external_authorization_required: false,
  external_authorization_party: aleo1rhgdu77hgyqd3xjj8ucu3jj9r2krwz6mnzyd80gncr5fxcwlh5rsvzp9px
}
  ]
}

📡 Broadcasting execution for token_registry.aleo...
💰Your current public balance is 9371845.127317 credits.

✉️ Broadcasted transaction with:
  - transaction ID: 'at1jnstzhkpv8kar8srnu732436pfrauqgst7zn6xwcvwera88pfgysv5dkwe'
  - fee ID: 'au1dqahclfpcqdephwec05xs7vq5wzrhk62ke0e6qpa2wtuz7ezgg8swkt49g'
  - fee transaction ID: 'at1886njymysr7s0vg9uzdup06e675lmn9yzj0t3gyxc0ukpmc0yv9qdfgedq'
    (use this to check for rejected transactions)

🔄 Searching up to 12 blocks to confirm transaction (this may take several seconds)...
Explored 1 blocks.
Transaction accepted.
✅ Execution confirmed!
