

📢 Using the following consensus heights: 0,5,6,7,8,9,10,11,12,13,14,15,16,17,18,19,20,21,22
  To override, pass in `--consensus-heights` or override the environment variable `CONSENSUS_VERSION_HEIGHTS`.


🚀 Execution Plan Summary
──────────────────────────────────────────────
🔧 Configuration:
  Private Key:        APrivateKey1zkp8CZNn3yeC...
  Address:            aleo1rhgdu77hgyqd3xjj8uc...
  Endpoint:           http://127.0.0.1:56761
  Network:            testnet
  Consensus Version:  19

🎯 Execution Target:
  Program:        pwn_elastic_proposal.aleo
  Function:       open_commitment
  Source:         local

💸 Fee Info:
  Priority Fee:   0 μcredits
  Fee Record:     no (public fee)

⚙️ Actions:
  - A transaction will be generated, WITHOUT a proof.
  - Transaction will NOT be printed to the console.
  - Transaction will be saved to /Users/janm/Documents/projects-klients/PoC Aleo/artifacts/integration/transactions/029-pwn_elastic_proposal.aleo-open_commitment
  - Transaction will be broadcast to http://127.0.0.1:56761
──────────────────────────────────────────────


➕Adding programs to the VM in the following order:
  - credits.aleo (already included)
  - token_registry.aleo (local)
  - pwn_config.aleo (local)
  - pwn_hub.aleo (local)
  - pwn_elastic_proposal.aleo (local)
  - pwn_loan.aleo (local)

⚙️ Generating transaction WITHOUT a proof for pwn_elastic_proposal.aleo/open_commitment...

📊 Execution Cost Summary for pwn_elastic_proposal.aleo
──────────────────────────────────────────────
💰 Cost Breakdown (credits)
  Transaction Storage:  0.004037
  On-chain Execution:   0.003306
  Priority Fee:         0.000000
  Total Fee:            0.007343
──────────────────────────────────────────────
💾 Saving execution for transaction at /Users/janm/Documents/projects-klients/PoC Aleo/artifacts/integration/transactions/029-pwn_elastic_proposal.aleo-open_commitment/transaction.execution.json

➡️  Outputs

 • {
  owner: aleo1rhgdu77hgyqd3xjj8ucu3jj9r2krwz6mnzyd80gncr5fxcwlh5rsvzp9px.private,
  microcredits: 0u64.private,
  _nonce: 1144511120911564586093898108646536772025312239468867246840744562501114105357group.public,
  _version: 1u8.public
}
 • {
  program_id: pwn_elastic_proposal.aleo,
  function_name: open_commitment,
  arguments: [
    2591453716012702092681193114121394122338651389179742539139594451187170533420field,
    2field,
    {
  credit_asset: aleo1lqmly7ez2k48ajf5hs92ulphaqr05qm4n8qwzj8v0yprmasgpqgsez59gg,
  collateral_asset: 987654321field,
  min_draw: 100u64,
  max_draw: 600u64,
  collateral_ratio: 15000u64,
  repayment_ratio: 11000u64,
  duration: 200u32,
  expiry: 1040u32,
  lender_auth: 7134663253364879438032568740649159329065438500937956886885468873760437635961field
},
    1278641634661855410677646998634457166552610744037343612974542508414630379693field,
    1000u64,
    {
      program_id: credits.aleo,
      function_name: transfer_private_to_public,
      arguments: [
        aleo1u26eefy7w0fxep9wqq292vvf2vjc0hw94sxewdxhyrxc04mg8qysea2zkr,
        1000u64
      ]
    }
  
  ]
}

📡 Broadcasting execution for pwn_elastic_proposal.aleo...
💰Your current public balance is 9371845.093215 credits.

✉️ Broadcasted transaction with:
  - transaction ID: 'at1f5z3kuqx5400tl7yk6pas4r5vxp06awms4wr576gpgz468z64srs7j6ytu'
  - fee ID: 'au1pndwgxrz3kz8kzkhqeyxymtpzwnju4wrlclf9gqnxhg3rzh9jq8scyzpqq'
  - fee transaction ID: 'at1lsu7f6ryaaut6qp3g2hyregpjgj5acryawsy357r6amcsu2sk5xstvc254'
    (use this to check for rejected transactions)

🔄 Searching up to 12 blocks to confirm transaction (this may take several seconds)...
Explored 1 blocks.
Transaction rejected.
