

📢 Using the following consensus heights: 0,5,6,7,8,9,10,11,12,13,14,15,16,17,18,19,20,21,22
  To override, pass in `--consensus-heights` or override the environment variable `CONSENSUS_VERSION_HEIGHTS`.


🚀 Execution Plan Summary
──────────────────────────────────────────────
🔧 Configuration:
  Private Key:        APrivateKey1zkp8CZNn3yeC...
  Address:            aleo1rhgdu77hgyqd3xjj8uc...
  Endpoint:           http://127.0.0.1:56761
  Network:            testnet
  Consensus Version:  19

🎯 Execution Target:
  Program:        pwn_hub.aleo
  Function:       set_tag
  Source:         local

💸 Fee Info:
  Priority Fee:   0 μcredits
  Fee Record:     no (public fee)

⚙️ Actions:
  - A transaction will be generated, WITHOUT a proof.
  - Transaction will NOT be printed to the console.
  - Transaction will be saved to /Users/janm/Documents/projects-klients/PoC Aleo/artifacts/integration/transactions/032-pwn_hub.aleo-set_tag
  - Transaction will be broadcast to http://127.0.0.1:56761
──────────────────────────────────────────────


➕Adding programs to the VM in the following order:
  - credits.aleo (already included)
  - token_registry.aleo (local)
  - pwn_config.aleo (local)
  - pwn_hub.aleo (local)
  - pwn_elastic_proposal.aleo (local)
  - pwn_loan.aleo (local)

⚙️ Generating transaction WITHOUT a proof for pwn_hub.aleo/set_tag...

📊 Execution Cost Summary for pwn_hub.aleo
──────────────────────────────────────────────
💰 Cost Breakdown (credits)
  Transaction Storage:  0.001428
  On-chain Execution:   0.000612
  Priority Fee:         0.000000
  Total Fee:            0.002040
──────────────────────────────────────────────
💾 Saving execution for transaction at /Users/janm/Documents/projects-klients/PoC Aleo/artifacts/integration/transactions/032-pwn_hub.aleo-set_tag/transaction.execution.json

➡️  Output

 • {
  program_id: pwn_hub.aleo,
  function_name: set_tag,
  arguments: [
    aleo1rhgdu77hgyqd3xjj8ucu3jj9r2krwz6mnzyd80gncr5fxcwlh5rsvzp9px,
    2591453716012702092681193114121394122338651389179742539139594451187170533420field,
    false
  ]
}

📡 Broadcasting execution for pwn_hub.aleo...
💰Your current public balance is 9371845.086722 credits.

✉️ Broadcasted transaction with:
  - transaction ID: 'at18vxc0rufakuaqcnxgcw78e2ltem563pqt6as2e7awzvgnn4y2qqs0wde9e'
  - fee ID: 'au15purp9fmret5a0zju84wyg4txzqu6ey42cdnrxx89xyjdene5yqsh9493r'
  - fee transaction ID: 'at1pyymvkc8xe4dsh25gvuejgv4kd4s45tglg7lf6fkmk9jkt44fvgs0luq3p'
    (use this to check for rejected transactions)

🔄 Searching up to 12 blocks to confirm transaction (this may take several seconds)...
Explored 1 blocks.
Transaction accepted.
✅ Execution confirmed!
