

📢 Using the following consensus heights: 0,5,6,7,8,9,10,11,12,13,14,15,16,17,18,19,20,21,22
  To override, pass in `--consensus-heights` or override the environment variable `CONSENSUS_VERSION_HEIGHTS`.


🚀 Execution Plan Summary
──────────────────────────────────────────────
🔧 Configuration:
  Private Key:        APrivateKey1zkpGPDbTcP2r...
  Address:            aleo16k6wjpe5snzfhzf07mf...
  Endpoint:           http://127.0.0.1:56761
  Network:            testnet
  Consensus Version:  19

🎯 Execution Target:
  Program:        credits.aleo
  Function:       transfer_public_to_private
  Source:         local

💸 Fee Info:
  Priority Fee:   0 μcredits
  Fee Record:     no (public fee)

⚙️ Actions:
  - A transaction will be generated, WITHOUT a proof.
  - Transaction will NOT be printed to the console.
  - Transaction will be saved to /Users/janm/Documents/projects-klients/PoC Aleo/artifacts/integration/transactions/035-credits.aleo-transfer_public_to_private
  - Transaction will be broadcast to http://127.0.0.1:56761
──────────────────────────────────────────────


➕Adding programs to the VM in the following order:
  - credits.aleo (already included)
  - token_registry.aleo (local)
  - pwn_config.aleo (local)
  - pwn_hub.aleo (local)
  - pwn_elastic_proposal.aleo (local)
  - pwn_loan.aleo (local)

⚙️ Generating transaction WITHOUT a proof for credits.aleo/transfer_public_to_private...

📊 Execution Cost Summary for credits.aleo
──────────────────────────────────────────────
💰 Cost Breakdown (credits)
  Transaction Storage:  0.001652
  On-chain Execution:   0.000652
  Priority Fee:         0.000000
  Total Fee:            0.002304
──────────────────────────────────────────────
💾 Saving execution for transaction at /Users/janm/Documents/projects-klients/PoC Aleo/artifacts/integration/transactions/035-credits.aleo-transfer_public_to_private/transaction.execution.json

➡️  Outputs

 • {
  owner: aleo16k6wjpe5snzfhzf07mfze8j8lyg6vgyfe25vu67ykpvu6mv6ng8q8p78ue.private,
  microcredits: 500u64.private,
  _nonce: 5593990666632667162411531516574334835408121455742764302281226320676227198741group.public,
  _version: 1u8.public
}
 • {
  program_id: credits.aleo,
  function_name: transfer_public_to_private,
  arguments: [
    aleo16k6wjpe5snzfhzf07mfze8j8lyg6vgyfe25vu67ykpvu6mv6ng8q8p78ue,
    500u64
  ]
}

📡 Broadcasting execution for credits.aleo...
💰Your current public balance is 999.944657 credits.

✉️ Broadcasted transaction with:
  - transaction ID: 'at1af3q7uvj4g9h6786dhuexhyvqjlsmwm4cjwezvfcmptcsshwxv9s32kcpz'
  - fee ID: 'au14kh462u09uq865888p85zapr7n2z8tugpk7pd4f8nmr06c4xnqgseee3cy'
  - fee transaction ID: 'at1cxgrhrex0jff22x7aqufn946f6h789lvn7z2sywuufxrmfas3gys3e6tck'
    (use this to check for rejected transactions)

🔄 Searching up to 12 blocks to confirm transaction (this may take several seconds)...
Explored 1 blocks.
Transaction accepted.
✅ Execution confirmed!
