

📢 Using the following consensus heights: 0,5,6,7,8,9,10,11,12,13,14,15,16,17,18,19,20,21,22
  To override, pass in `--consensus-heights` or override the environment variable `CONSENSUS_VERSION_HEIGHTS`.


🚀 Execution Plan Summary
──────────────────────────────────────────────
🔧 Configuration:
  Private Key:        APrivateKey1zkp8CZNn3yeC...
  Address:            aleo1rhgdu77hgyqd3xjj8uc...
  Endpoint:           http://127.0.0.1:56761
  Network:            testnet
  Consensus Version:  19

🎯 Execution Target:
  Program:        pwn_elastic_proposal.aleo
  Function:       cancel_commitment
  Source:         local

💸 Fee Info:
  Priority Fee:   0 μcredits
  Fee Record:     no (public fee)

⚙️ Actions:
  - A transaction will be generated, WITHOUT a proof.
  - Transaction will NOT be printed to the console.
  - Transaction will be saved to /Users/janm/Documents/projects-klients/PoC Aleo/artifacts/integration/transactions/049-pwn_elastic_proposal.aleo-cancel_commitment
  - Transaction will be broadcast to http://127.0.0.1:56761
──────────────────────────────────────────────


➕Adding programs to the VM in the following order:
  - credits.aleo (already included)
  - token_registry.aleo (local)
  - pwn_config.aleo (local)
  - pwn_hub.aleo (local)
  - pwn_elastic_proposal.aleo (local)
  - pwn_loan.aleo (local)

⚙️ Generating transaction WITHOUT a proof for pwn_elastic_proposal.aleo/cancel_commitment...

📊 Execution Cost Summary for pwn_elastic_proposal.aleo
──────────────────────────────────────────────
💰 Cost Breakdown (credits)
  Transaction Storage:  0.003153
  On-chain Execution:   0.002063
  Priority Fee:         0.000000
  Total Fee:            0.005216
──────────────────────────────────────────────
💾 Saving execution for transaction at /Users/janm/Documents/projects-klients/PoC Aleo/artifacts/integration/transactions/049-pwn_elastic_proposal.aleo-cancel_commitment/transaction.execution.json

➡️  Outputs

 • {
  owner: aleo1rhgdu77hgyqd3xjj8ucu3jj9r2krwz6mnzyd80gncr5fxcwlh5rsvzp9px.private,
  microcredits: 1000u64.private,
  _nonce: 8172754656374600605374660830802741256249367011322199526108684776706335187764group.public,
  _version: 1u8.public
}
 • {
  program_id: pwn_elastic_proposal.aleo,
  function_name: cancel_commitment,
  arguments: [
    3field,
    6646751732876371976359021566885283364148153465764758880270057517072055772022field,
    1000u64,
    {
      program_id: credits.aleo,
      function_name: transfer_public_to_private,
      arguments: [
        aleo1u26eefy7w0fxep9wqq292vvf2vjc0hw94sxewdxhyrxc04mg8qysea2zkr,
        1000u64
      ]
    }
  
  ]
}

📡 Broadcasting execution for pwn_elastic_proposal.aleo...
💰Your current public balance is 9371845.051769 credits.

✉️ Broadcasted transaction with:
  - transaction ID: 'at109f3v0wr9ghk7yaacwd8yq05g370s6gy5rpug25jjajev8j8wsqq6cvjy8'
  - fee ID: 'au1ewvwyzs685alcgr6mdlef80kg55u2uwgczu9rs9m8ra9kwqjcy8s5np6ur'
  - fee transaction ID: 'at18mtp0lpn7t2cvdxxynrlyhth43g6gheja9rsxzld3ny53nlp3vrsjd6xnn'
    (use this to check for rejected transactions)

🔄 Searching up to 12 blocks to confirm transaction (this may take several seconds)...
Explored 1 blocks.
Transaction accepted.
✅ Execution confirmed!
